Archive member included because of file (symbol)

/home/samuel/workspace/se12/apf27/source/libapf27.a(crt0.o)
                              (_start)
/home/samuel/workspace/se12/apf27/source/libapf27.a(imx27_clock.o)
                              .obj/apf27/spi.o (imx27_clock_get_perclk2)
/home/samuel/workspace/se12/apf27/source/libapf27.a(imx27_gpio.o)
                              .obj/apf27/spi.o (imx27_gpio_configure_controller)
/home/samuel/workspace/se12/apf27/source/libapf27.a(imx27_lcdc.o)
                              .obj/apf27/main.o (imx27_lcdc_init)
/home/samuel/workspace/se12/apf27/source/libapf27.a(string2.o)
                              /home/samuel/workspace/se12/apf27/source/libapf27.a(imx27_lcdc.o) (string_copy_short)
/usr/lib/arm-none-eabi/lib/libc.a(lib_a-calloc.o)
                              .obj/apf27/xpm.o (calloc)
/usr/lib/arm-none-eabi/lib/libc.a(lib_a-callocr.o)
                              /usr/lib/arm-none-eabi/lib/libc.a(lib_a-calloc.o) (_calloc_r)
/usr/lib/arm-none-eabi/lib/libc.a(lib_a-impure.o)
                              /usr/lib/arm-none-eabi/lib/libc.a(lib_a-calloc.o) (_impure_ptr)
/usr/lib/arm-none-eabi/lib/libc.a(lib_a-malloc.o)
                              .obj/apf27/xpm.o (malloc)
/usr/lib/arm-none-eabi/lib/libc.a(lib_a-mallocr.o)
                              /usr/lib/arm-none-eabi/lib/libc.a(lib_a-callocr.o) (_malloc_r)
/usr/lib/arm-none-eabi/lib/libc.a(lib_a-memcpy-stub.o)
                              .obj/apf27/main.o (memcpy)
/usr/lib/arm-none-eabi/lib/libc.a(lib_a-memset.o)
                              /usr/lib/arm-none-eabi/lib/libc.a(lib_a-callocr.o) (memset)
/usr/lib/arm-none-eabi/lib/libc.a(lib_a-mlock.o)
                              /usr/lib/arm-none-eabi/lib/libc.a(lib_a-mallocr.o) (__malloc_lock)
/usr/lib/arm-none-eabi/lib/libc.a(lib_a-printf.o)
                              .obj/apf27/main.o (printf)
/usr/lib/arm-none-eabi/lib/libc.a(lib_a-putchar.o)
                              .obj/apf27/main.o (putchar)
/usr/lib/arm-none-eabi/lib/libc.a(lib_a-puts.o)
                              .obj/apf27/main.o (puts)
/usr/lib/arm-none-eabi/lib/libc.a(lib_a-qsort.o)
                              .obj/apf27/xpm.o (qsort)
/usr/lib/arm-none-eabi/lib/libc.a(lib_a-sbrkr.o)
                              /usr/lib/arm-none-eabi/lib/libc.a(lib_a-mallocr.o) (_sbrk_r)
/usr/lib/arm-none-eabi/lib/libc.a(lib_a-sscanf.o)
                              .obj/apf27/xpm.o (sscanf)
/usr/lib/arm-none-eabi/lib/libc.a(lib_a-stdio.o)
                              /usr/lib/arm-none-eabi/lib/libc.a(lib_a-sscanf.o) (__seofread)
/usr/lib/arm-none-eabi/lib/libc.a(lib_a-strlen.o)
                              /usr/lib/arm-none-eabi/lib/libc.a(lib_a-puts.o) (strlen)
/usr/lib/arm-none-eabi/lib/libc.a(lib_a-svfscanf.o)
                              /usr/lib/arm-none-eabi/lib/libc.a(lib_a-sscanf.o) (__ssvfscanf_r)
/usr/lib/arm-none-eabi/lib/libc.a(lib_a-vfprintf.o)
                              /usr/lib/arm-none-eabi/lib/libc.a(lib_a-printf.o) (_vfprintf_r)
/usr/lib/arm-none-eabi/lib/libc.a(lib_a-writer.o)
                              /usr/lib/arm-none-eabi/lib/libc.a(lib_a-stdio.o) (_write_r)
/usr/lib/arm-none-eabi/lib/libc.a(lib_a-wsetup.o)
                              /usr/lib/arm-none-eabi/lib/libc.a(lib_a-vfprintf.o) (__swsetup_r)
/usr/lib/arm-none-eabi/lib/libc.a(lib_a-closer.o)
                              /usr/lib/arm-none-eabi/lib/libc.a(lib_a-stdio.o) (_close_r)
/usr/lib/arm-none-eabi/lib/libc.a(lib_a-ctype_.o)
                              /usr/lib/arm-none-eabi/lib/libc.a(lib_a-svfscanf.o) (__ctype_ptr__)
/usr/lib/arm-none-eabi/lib/libc.a(lib_a-dtoa.o)
                              /usr/lib/arm-none-eabi/lib/libc.a(lib_a-vfprintf.o) (_dtoa_r)
/usr/lib/arm-none-eabi/lib/libc.a(lib_a-fflush.o)
                              /usr/lib/arm-none-eabi/lib/libc.a(lib_a-vfprintf.o) (_fflush_r)
/usr/lib/arm-none-eabi/lib/libc.a(lib_a-findfp.o)
                              /usr/lib/arm-none-eabi/lib/libc.a(lib_a-vfprintf.o) (__sinit)
/usr/lib/arm-none-eabi/lib/libc.a(lib_a-freer.o)
                              /usr/lib/arm-none-eabi/lib/libc.a(lib_a-malloc.o) (_free_r)
/usr/lib/arm-none-eabi/lib/libc.a(lib_a-fvwrite.o)
                              /usr/lib/arm-none-eabi/lib/libc.a(lib_a-puts.o) (__sfvwrite_r)
/usr/lib/arm-none-eabi/lib/libc.a(lib_a-fwalk.o)
                              /usr/lib/arm-none-eabi/lib/libc.a(lib_a-findfp.o) (_fwalk)
/usr/lib/arm-none-eabi/lib/libc.a(lib_a-iswspace.o)
                              /usr/lib/arm-none-eabi/lib/libc.a(lib_a-svfscanf.o) (iswspace)
/usr/lib/arm-none-eabi/lib/libc.a(lib_a-locale.o)
                              /usr/lib/arm-none-eabi/lib/libc.a(lib_a-svfscanf.o) (__locale_mb_cur_max)
/usr/lib/arm-none-eabi/lib/libc.a(lib_a-lseekr.o)
                              /usr/lib/arm-none-eabi/lib/libc.a(lib_a-stdio.o) (_lseek_r)
/usr/lib/arm-none-eabi/lib/libc.a(lib_a-makebuf.o)
[...]
Memory Configuration

Name             Origin             Length             Attributes
RAM              0x00000000a0000000 0x0000000004000000 xrw
*default*        0x0000000000000000 0xffffffffffffffff

Linker script and memory map

LOAD .obj/apf27/main.o
LOAD .obj/apf27/spi.o
LOAD .obj/apf27/touchscreen.o
LOAD .obj/apf27/xpm.o
START GROUP
LOAD /home/samuel/workspace/se12/apf27/source/libapf27.a
LOAD /usr/lib/arm-none-eabi/lib/libc.a
LOAD /usr/lib/gcc/arm-none-eabi/4.8.2/libgcc.a
LOAD /usr/lib/arm-none-eabi/lib/libm.a
END GROUP
                0x0000000000080000                C_STACK_SIZE = 0x80000

.text           0x00000000a0000000    0x18018
                0x00000000a0000100                . = (. + 0x100)
 *fill*         0x00000000a0000000      0x100 
 *(.text_startup)
 .text_startup  0x00000000a0000100       0x58 /home/samuel/workspace/se12/apf27/source/libapf27.a(crt0.o)
                0x00000000a0000100                _start
                0x00000000a0000200                . = ALIGN (0x100)
 *fill*         0x00000000a0000158       0xa8 
 *(.text*)
 .text          0x00000000a0000200      0xdbc .obj/apf27/main.o
                0x00000000a0000200                display_image
                0x00000000a00002e8                set_calibration_matrix
                0x00000000a0000a44                adjuste_position
                0x00000000a0000afc                main
 .text          0x00000000a0000fbc      0x4b0 .obj/apf27/spi.o
                0x00000000a00012ac                spi_init
 .text          0x00000000a000146c      0x230 .obj/apf27/touchscreen.o
                0x00000000a000146c                touchscreen_init
                0x00000000a0001604                touchscreen_read_position
 .text          0x00000000a000169c      0x670 .obj/apf27/xpm.o
                0x00000000a0001a94                compareColorCode
                0x00000000a0001adc                convert_xpm_image
 .text          0x00000000a0001d0c        0x0 /home/samuel/workspace/se12/apf27/source/libapf27.a(crt0.o)
 .text          0x00000000a0001d0c      0x5e0 /home/samuel/workspace/se12/apf27/source/libapf27.a(imx27_clock.o)
                0x00000000a0001f24                imx27_clock_get_ahbclk
                0x00000000a0001f5c                imx27_clock_get_ipgclk
                0x00000000a0001f78                imx27_clock_get_perclk1
                0x00000000a0001fac                imx27_clock_get_perclk2
                0x00000000a0001fe4                imx27_clock_get_perclk3
                0x00000000a000201c                imx27_clock_get_perclk4
                0x00000000a0002054                imx27_clock_enable_line
                0x00000000a00020a0                imx27_clock_disable_line
                0x00000000a00020f0                imx27_clock_config_cpsi
                0x00000000a000215c                imx27_clock_config_lcdc
                0x00000000a00021ac                imx27_clock_enable_lcdc
                0x00000000a00021fc                imx27_clock_disable_lcdc
                0x00000000a000224c                imx27_clock_enable_fec
                0x00000000a000229c                imx27_clock_disable_fec
 .text          0x00000000a00022ec      0xf08 /home/samuel/workspace/se12/apf27/source/libapf27.a(imx27_gpio.o)
                0x00000000a00022ec                imx27_gpio_isr
                0x00000000a00024a0                imx27_gpio_init
                0x00000000a00024c8                imx27_gpio_configure
                0x00000000a00027d0                imx27_gpio_getbits
                0x00000000a000285c                imx27_gpio_setbits
                0x00000000a00028b8                imx27_gpio_resetbits
                0x00000000a0002918                imx27_gpio_attach
                0x00000000a0002d00                imx27_gpio_detach
                0x00000000a0002edc                imx27_gpio_enable
                0x00000000a0002f4c                imx27_gpio_disable
                0x00000000a0002fdc                imx27_gpio_configure_controller
 .text          0x00000000a00031f4      0x9a4 /home/samuel/workspace/se12/apf27/source/libapf27.a(imx27_lcdc.o)
                0x00000000a0003230                imx27_lcdc_init
                0x00000000a0003454                imx27_lcdc_enable
                0x00000000a000346c                imx27_lcdc_disable
                0x00000000a0003484                imx27_lcdc_clear_screen
                0x00000000a00034b4                imx27_lcdc_display_icon
                0x00000000a000355c                imx27_lcdc_get_bitmap
                0x00000000a0003580                imx27_lcdc_get_monitor
                0x00000000a00035a4                imx27_lcdc_define_monitor_position
                0x00000000a00036a4                imx27_lcdc_monitor_switch_on
                0x00000000a00036d0                imx27_lcdc_monitor_switch_off
                0x00000000a00036f8                lcdc_dump_regs
 .text          0x00000000a0003b98       0x58 /home/samuel/workspace/se12/apf27/source/libapf27.a(string2.o)
                0x00000000a0003b98                string_copy_long
                0x00000000a0003bb0                string_copy_short
                0x00000000a0003bc8                string_set_long
                0x00000000a0003bdc                string_set_short
 .text          0x00000000a0003bf0        0x0 /usr/lib/arm-none-eabi/lib/libc.a(lib_a-calloc.o)
 .text.calloc   0x00000000a0003bf0       0x24 /usr/lib/arm-none-eabi/lib/libc.a(lib_a-calloc.o)
                0x00000000a0003bf0                calloc
 .text          0x00000000a0003c14        0x0 /usr/lib/arm-none-eabi/lib/libc.a(lib_a-callocr.o)
 .text._calloc_r
                0x00000000a0003c14       0x9c /usr/lib/arm-none-eabi/lib/libc.a(lib_a-callocr.o)
                0x00000000a0003c14                _calloc_r
 .text          0x00000000a0003cb0        0x0 /usr/lib/arm-none-eabi/lib/libc.a(lib_a-impure.o)
 .text          0x00000000a0003cb0        0x0 /usr/lib/arm-none-eabi/lib/libc.a(lib_a-malloc.o)
 .text.malloc   0x00000000a0003cb0       0x20 /usr/lib/arm-none-eabi/lib/libc.a(lib_a-malloc.o)
                0x00000000a0003cb0                malloc
 .text.free     0x00000000a0003cd0       0x20 /usr/lib/arm-none-eabi/lib/libc.a(lib_a-malloc.o)
                0x00000000a0003cd0                free
 .text          0x00000000a0003cf0        0x0 /usr/lib/arm-none-eabi/lib/libc.a(lib_a-mallocr.o)
 .text._malloc_r
                0x00000000a0003cf0      0x74c /usr/lib/arm-none-eabi/lib/libc.a(lib_a-mallocr.o)
                0x00000000a0003cf0                _malloc_r
 .text          0x00000000a000443c        0x0 /usr/lib/arm-none-eabi/lib/libc.a(lib_a-memcpy-stub.o)
 .text.memcpy   0x00000000a000443c       0xf0 /usr/lib/arm-none-eabi/lib/libc.a(lib_a-memcpy-stub.o)
                0x00000000a000443c                memcpy
 .text          0x00000000a000452c        0x0 /usr/lib/arm-none-eabi/lib/libc.a(lib_a-memset.o)
 .text.memset   0x00000000a000452c       0xf4 /usr/lib/arm-none-eabi/lib/libc.a(lib_a-memset.o)
                0x00000000a000452c                memset
 .text          0x00000000a0004620        0x0 /usr/lib/arm-none-eabi/lib/libc.a(lib_a-mlock.o)
 .text.__malloc_lock
                0x00000000a0004620        0x4 /usr/lib/arm-none-eabi/lib/libc.a(lib_a-mlock.o)
                0x00000000a0004620                __malloc_lock
 .text.__malloc_unlock
                0x00000000a0004624        0x4 /usr/lib/arm-none-eabi/lib/libc.a(lib_a-mlock.o)
                0x00000000a0004624                __malloc_unlock
 .text          0x00000000a0004628        0x0 /usr/lib/arm-none-eabi/lib/libc.a(lib_a-printf.o)
 .text._printf_r
                0x00000000a0004628       0x34 /usr/lib/arm-none-eabi/lib/libc.a(lib_a-printf.o)
                0x00000000a0004628                _printf_r
 .text.printf   0x00000000a000465c       0x40 /usr/lib/arm-none-eabi/lib/libc.a(lib_a-printf.o)
                0x00000000a000465c                printf
 .text          0x00000000a000469c        0x0 /usr/lib/arm-none-eabi/lib/libc.a(lib_a-putchar.o)
 .text._putchar_r
                0x00000000a000469c       0x14 /usr/lib/arm-none-eabi/lib/libc.a(lib_a-putchar.o)
                0x00000000a000469c                _putchar_r
 .text.putchar  0x00000000a00046b0       0x28 /usr/lib/arm-none-eabi/lib/libc.a(lib_a-putchar.o)
                0x00000000a00046b0                putchar
 .text          0x00000000a00046d8        0x0 /usr/lib/arm-none-eabi/lib/libc.a(lib_a-puts.o)
 .text._puts_r  0x00000000a00046d8       0x94 /usr/lib/arm-none-eabi/lib/libc.a(lib_a-puts.o)
                0x00000000a00046d8                _puts_r
 .text.puts     0x00000000a000476c       0x14 /usr/lib/arm-none-eabi/lib/libc.a(lib_a-puts.o)
                0x00000000a000476c                puts
 .text          0x00000000a0004780        0x0 /usr/lib/arm-none-eabi/lib/libc.a(lib_a-qsort.o)
 .text.qsort    0x00000000a0004780      0x8e8 /usr/lib/arm-none-eabi/lib/libc.a(lib_a-qsort.o)
                0x00000000a0004780                qsort
 .text          0x00000000a0005068        0x0 /usr/lib/arm-none-eabi/lib/libc.a(lib_a-sbrkr.o)
 .text._sbrk_r  0x00000000a0005068       0x44 /usr/lib/arm-none-eabi/lib/libc.a(lib_a-sbrkr.o)
                0x00000000a0005068                _sbrk_r
 .text          0x00000000a00050ac        0x0 /usr/lib/arm-none-eabi/lib/libc.a(lib_a-sscanf.o)
 .text.sscanf   0x00000000a00050ac       0x84 /usr/lib/arm-none-eabi/lib/libc.a(lib_a-sscanf.o)
                0x00000000a00050ac                sscanf
 .text._sscanf_r
                0x00000000a0005130       0x84 /usr/lib/arm-none-eabi/lib/libc.a(lib_a-sscanf.o)
                0x00000000a0005130                _sscanf_r
 .text          0x00000000a00051b4        0x0 /usr/lib/arm-none-eabi/lib/libc.a(lib_a-stdio.o)
 .text.__sread  0x00000000a00051b4       0x34 /usr/lib/arm-none-eabi/lib/libc.a(lib_a-stdio.o)
                0x00000000a00051b4                __sread
 .text.__seofread
                0x00000000a00051e8        0x8 /usr/lib/arm-none-eabi/lib/libc.a(lib_a-stdio.o)
                0x00000000a00051e8                __seofread
 .text.__swrite
                0x00000000a00051f0       0x58 /usr/lib/arm-none-eabi/lib/libc.a(lib_a-stdio.o)
                0x00000000a00051f0                __swrite
 .text.__sseek  0x00000000a0005248       0x30 /usr/lib/arm-none-eabi/lib/libc.a(lib_a-stdio.o)
                0x00000000a0005248                __sseek
 .text.__sclose
                0x00000000a0005278       0x14 /usr/lib/arm-none-eabi/lib/libc.a(lib_a-stdio.o)
                0x00000000a0005278                __sclose
 .text          0x00000000a000528c        0x0 /usr/lib/arm-none-eabi/lib/libc.a(lib_a-strlen.o)
 .text.strlen   0x00000000a000528c       0x60 /usr/lib/arm-none-eabi/lib/libc.a(lib_a-strlen.o)
                0x00000000a000528c                strlen
 .text          0x00000000a00052ec        0x0 /usr/lib/arm-none-eabi/lib/libc.a(lib_a-svfscanf.o)
 .text.__ssvfscanf_r
                0x00000000a00052ec     0x15b0 /usr/lib/arm-none-eabi/lib/libc.a(lib_a-svfscanf.o)
                0x00000000a00052ec                __ssvfscanf_r
 .text          0x00000000a000689c        0x0 /usr/lib/arm-none-eabi/lib/libc.a(lib_a-vfprintf.o)
 .text._vfprintf_r
                0x00000000a000689c     0x1fe4 /usr/lib/arm-none-eabi/lib/libc.a(lib_a-vfprintf.o)
                0x00000000a000689c                _vfprintf_r
 .text.vfprintf
                0x00000000a0008880       0x28 /usr/lib/arm-none-eabi/lib/libc.a(lib_a-vfprintf.o)
                0x00000000a0008880                vfprintf
 .text.__sbprintf
                0x00000000a00088a8       0xd0 /usr/lib/arm-none-eabi/lib/libc.a(lib_a-vfprintf.o)
 .text          0x00000000a0008978        0x0 /usr/lib/arm-none-eabi/lib/libc.a(lib_a-writer.o)
 .text._write_r
                0x00000000a0008978       0x44 /usr/lib/arm-none-eabi/lib/libc.a(lib_a-writer.o)
                0x00000000a0008978                _write_r
 .text          0x00000000a00089bc        0x0 /usr/lib/arm-none-eabi/lib/libc.a(lib_a-wsetup.o)
 .text.__swsetup_r
                0x00000000a00089bc      0x15c /usr/lib/arm-none-eabi/lib/libc.a(lib_a-wsetup.o)
                0x00000000a00089bc                __swsetup_r
 .text          0x00000000a0008b18        0x0 /usr/lib/arm-none-eabi/lib/libc.a(lib_a-closer.o)
 .text._close_r
                0x00000000a0008b18       0x3c /usr/lib/arm-none-eabi/lib/libc.a(lib_a-closer.o)
                0x00000000a0008b18                _close_r
 .text          0x00000000a0008b54        0x0 /usr/lib/arm-none-eabi/lib/libc.a(lib_a-ctype_.o)
 .text          0x00000000a0008b54        0x0 /usr/lib/arm-none-eabi/lib/libc.a(lib_a-dtoa.o)
 .text.quorem   0x00000000a0008b54      0x1e0 /usr/lib/arm-none-eabi/lib/libc.a(lib_a-dtoa.o)
 *fill*         0x00000000a0008d34        0x4 
 .text._dtoa_r  0x00000000a0008d38     0x16f8 /usr/lib/arm-none-eabi/lib/libc.a(lib_a-dtoa.o)
                0x00000000a0008d38                _dtoa_r
 .text          0x00000000a000a430        0x0 /usr/lib/arm-none-eabi/lib/libc.a(lib_a-fflush.o)
 .text.__sflush_r
                0x00000000a000a430      0x244 /usr/lib/arm-none-eabi/lib/libc.a(lib_a-fflush.o)
                0x00000000a000a430                __sflush_r
 .text._fflush_r
                0x00000000a000a674       0x54 /usr/lib/arm-none-eabi/lib/libc.a(lib_a-fflush.o)
                0x00000000a000a674                _fflush_r
 .text.fflush   0x00000000a000a6c8       0x3c /usr/lib/arm-none-eabi/lib/libc.a(lib_a-fflush.o)
                0x00000000a000a6c8                fflush
 .text          0x00000000a000a704        0x0 /usr/lib/arm-none-eabi/lib/libc.a(lib_a-findfp.o)
 .text.__fp_lock
                0x00000000a000a704        0x8 /usr/lib/arm-none-eabi/lib/libc.a(lib_a-findfp.o)
 .text.__fp_unlock
                0x00000000a000a70c        0x8 /usr/lib/arm-none-eabi/lib/libc.a(lib_a-findfp.o)
 .text._cleanup_r
                0x00000000a000a714       0x18 /usr/lib/arm-none-eabi/lib/libc.a(lib_a-findfp.o)
                0x00000000a000a714                _cleanup_r
 .text.__sfmoreglue
                0x00000000a000a72c       0x50 /usr/lib/arm-none-eabi/lib/libc.a(lib_a-findfp.o)
                0x00000000a000a72c                __sfmoreglue
 .text._cleanup
                0x00000000a000a77c       0x24 /usr/lib/arm-none-eabi/lib/libc.a(lib_a-findfp.o)
                0x00000000a000a77c                _cleanup
 .text.__sinit  0x00000000a000a7a0      0x168 /usr/lib/arm-none-eabi/lib/libc.a(lib_a-findfp.o)
                0x00000000a000a7a0                __sinit
 .text.__sfp    0x00000000a000a908       0xf8 /usr/lib/arm-none-eabi/lib/libc.a(lib_a-findfp.o)
                0x00000000a000a908                __sfp
 .text.__sfp_lock_acquire
                0x00000000a000aa00        0x4 /usr/lib/arm-none-eabi/lib/libc.a(lib_a-findfp.o)
                0x00000000a000aa00                __sfp_lock_acquire
 .text.__sfp_lock_release
                0x00000000a000aa04        0x4 /usr/lib/arm-none-eabi/lib/libc.a(lib_a-findfp.o)
                0x00000000a000aa04                __sfp_lock_release
 .text.__sinit_lock_acquire
                0x00000000a000aa08        0x4 /usr/lib/arm-none-eabi/lib/libc.a(lib_a-findfp.o)
                0x00000000a000aa08                __sinit_lock_acquire
 .text.__sinit_lock_release
                0x00000000a000aa0c        0x4 /usr/lib/arm-none-eabi/lib/libc.a(lib_a-findfp.o)
                0x00000000a000aa0c                __sinit_lock_release
 .text.__fp_lock_all
                0x00000000a000aa10       0x24 /usr/lib/arm-none-eabi/lib/libc.a(lib_a-findfp.o)
                0x00000000a000aa10                __fp_lock_all
 .text.__fp_unlock_all
                0x00000000a000aa34       0x24 /usr/lib/arm-none-eabi/lib/libc.a(lib_a-findfp.o)
                0x00000000a000aa34                __fp_unlock_all
 .text          0x00000000a000aa58        0x0 /usr/lib/arm-none-eabi/lib/libc.a(lib_a-freer.o)
 .text._malloc_trim_r
                0x00000000a000aa58      0x100 /usr/lib/arm-none-eabi/lib/libc.a(lib_a-freer.o)
                0x00000000a000aa58                _malloc_trim_r
 .text._free_r  0x00000000a000ab58      0x26c /usr/lib/arm-none-eabi/lib/libc.a(lib_a-freer.o)
                0x00000000a000ab58                _free_r
 .text          0x00000000a000adc4        0x0 /usr/lib/arm-none-eabi/lib/libc.a(lib_a-fvwrite.o)
 .text.__sfvwrite_r
                0x00000000a000adc4      0x4dc /usr/lib/arm-none-eabi/lib/libc.a(lib_a-fvwrite.o)
                0x00000000a000adc4                __sfvwrite_r
 .text          0x00000000a000b2a0        0x0 /usr/lib/arm-none-eabi/lib/libc.a(lib_a-fwalk.o)
 .text._fwalk   0x00000000a000b2a0       0x84 /usr/lib/arm-none-eabi/lib/libc.a(lib_a-fwalk.o)
                0x00000000a000b2a0                _fwalk
 .text._fwalk_reent
                0x00000000a000b324       0x8c /usr/lib/arm-none-eabi/lib/libc.a(lib_a-fwalk.o)
                0x00000000a000b324                _fwalk_reent
 .text          0x00000000a000b3b0        0x0 /usr/lib/arm-none-eabi/lib/libc.a(lib_a-iswspace.o)
 .text.iswspace
                0x00000000a000b3b0       0x24 /usr/lib/arm-none-eabi/lib/libc.a(lib_a-iswspace.o)
                0x00000000a000b3b0                iswspace
 .text          0x00000000a000b3d4        0x0 /usr/lib/arm-none-eabi/lib/libc.a(lib_a-locale.o)
 .text._setlocale_r
                0x00000000a000b3d4       0x70 /usr/lib/arm-none-eabi/lib/libc.a(lib_a-locale.o)
                0x00000000a000b3d4                _setlocale_r
 .text.__locale_charset
                0x00000000a000b444        0xc /usr/lib/arm-none-eabi/lib/libc.a(lib_a-locale.o)
                0x00000000a000b444                __locale_charset
 .text.__locale_mb_cur_max
                0x00000000a000b450       0x10 /usr/lib/arm-none-eabi/lib/libc.a(lib_a-locale.o)
                0x00000000a000b450                __locale_mb_cur_max
 .text.__locale_msgcharset
                0x00000000a000b460        0xc /usr/lib/arm-none-eabi/lib/libc.a(lib_a-locale.o)
                0x00000000a000b460                __locale_msgcharset
 .text.__locale_cjk_lang
                0x00000000a000b46c        0x8 /usr/lib/arm-none-eabi/lib/libc.a(lib_a-locale.o)
                0x00000000a000b46c                __locale_cjk_lang
 .text._localeconv_r
                0x00000000a000b474        0xc /usr/lib/arm-none-eabi/lib/libc.a(lib_a-locale.o)
                0x00000000a000b474                _localeconv_r
 .text.setlocale
                0x00000000a000b480       0x18 /usr/lib/arm-none-eabi/lib/libc.a(lib_a-locale.o)
                0x00000000a000b480                setlocale
 .text.localeconv
                0x00000000a000b498        0xc /usr/lib/arm-none-eabi/lib/libc.a(lib_a-locale.o)
                0x00000000a000b498                localeconv
 .text          0x00000000a000b4a4        0x0 /usr/lib/arm-none-eabi/lib/libc.a(lib_a-lseekr.o)
 .text._lseek_r
                0x00000000a000b4a4       0x44 /usr/lib/arm-none-eabi/lib/libc.a(lib_a-lseekr.o)
                0x00000000a000b4a4                _lseek_r
 .text          0x00000000a000b4e8        0x0 /usr/lib/arm-none-eabi/lib/libc.a(lib_a-makebuf.o)
 .text.__smakebuf_r
                0x00000000a000b4e8      0x174 /usr/lib/arm-none-eabi/lib/libc.a(lib_a-makebuf.o)
                0x00000000a000b4e8                __smakebuf_r
 .text          0x00000000a000b65c        0x0 /usr/lib/arm-none-eabi/lib/libc.a(lib_a-mbrtowc.o)
 .text._mbrtowc_r
                0x00000000a000b65c       0x98 /usr/lib/arm-none-eabi/lib/libc.a(lib_a-mbrtowc.o)
                0x00000000a000b65c                _mbrtowc_r
 .text.mbrtowc  0x00000000a000b6f4       0xa0 /usr/lib/arm-none-eabi/lib/libc.a(lib_a-mbrtowc.o)
                0x00000000a000b6f4                mbrtowc
 .text          0x00000000a000b794        0x0 /usr/lib/arm-none-eabi/lib/libc.a(lib_a-mbtowc_r.o)
 .text.__ascii_mbtowc
                0x00000000a000b794       0x4c /usr/lib/arm-none-eabi/lib/libc.a(lib_a-mbtowc_r.o)
                0x00000000a000b794                __ascii_mbtowc
 .text._mbtowc_r
                0x00000000a000b7e0       0x54 /usr/lib/arm-none-eabi/lib/libc.a(lib_a-mbtowc_r.o)
                0x00000000a000b7e0                _mbtowc_r
 .text          0x00000000a000b834        0x0 /usr/lib/arm-none-eabi/lib/libc.a(lib_a-memchr-stub.o)
 .text.memchr   0x00000000a000b834      0x114 /usr/lib/arm-none-eabi/lib/libc.a(lib_a-memchr-stub.o)
                0x00000000a000b834                memchr
 .text          0x00000000a000b948        0x0 /usr/lib/arm-none-eabi/lib/libc.a(lib_a-memmove.o)
 .text.memmove  0x00000000a000b948      0x134 /usr/lib/arm-none-eabi/lib/libc.a(lib_a-memmove.o)
                0x00000000a000b948                memmove
 .text          0x00000000a000ba7c        0x0 /usr/lib/arm-none-eabi/lib/libc.a(lib_a-mprec.o)
 .text._Balloc  0x00000000a000ba7c       0x8c /usr/lib/arm-none-eabi/lib/libc.a(lib_a-mprec.o)
                0x00000000a000ba7c                _Balloc
 .text._Bfree   0x00000000a000bb08       0x1c /usr/lib/arm-none-eabi/lib/libc.a(lib_a-mprec.o)
                0x00000000a000bb08                _Bfree
 .text.__multadd
                0x00000000a000bb24       0xdc /usr/lib/arm-none-eabi/lib/libc.a(lib_a-mprec.o)
                0x00000000a000bb24                __multadd
 .text.__s2b    0x00000000a000bc00       0xe8 /usr/lib/arm-none-eabi/lib/libc.a(lib_a-mprec.o)
                0x00000000a000bc00                __s2b
 .text.__hi0bits
                0x00000000a000bce8       0x5c /usr/lib/arm-none-eabi/lib/libc.a(lib_a-mprec.o)
                0x00000000a000bce8                __hi0bits
 .text.__lo0bits
                0x00000000a000bd44       0x94 /usr/lib/arm-none-eabi/lib/libc.a(lib_a-mprec.o)
                0x00000000a000bd44                __lo0bits
 .text.__i2b    0x00000000a000bdd8       0x24 /usr/lib/arm-none-eabi/lib/libc.a(lib_a-mprec.o)
                0x00000000a000bdd8                __i2b
 .text.__multiply
                0x00000000a000bdfc      0x1e8 /usr/lib/arm-none-eabi/lib/libc.a(lib_a-mprec.o)
                0x00000000a000bdfc                __multiply
 .text.__pow5mult
                0x00000000a000bfe4      0x104 /usr/lib/arm-none-eabi/lib/libc.a(lib_a-mprec.o)
                0x00000000a000bfe4                __pow5mult
 .text.__lshift
                0x00000000a000c0e8      0x10c /usr/lib/arm-none-eabi/lib/libc.a(lib_a-mprec.o)
                0x00000000a000c0e8                __lshift
 .text.__mcmp   0x00000000a000c1f4       0x60 /usr/lib/arm-none-eabi/lib/libc.a(lib_a-mprec.o)
                0x00000000a000c1f4                __mcmp
 .text.__mdiff  0x00000000a000c254      0x144 /usr/lib/arm-none-eabi/lib/libc.a(lib_a-mprec.o)
                0x00000000a000c254                __mdiff
 .text.__ulp    0x00000000a000c398       0x64 /usr/lib/arm-none-eabi/lib/libc.a(lib_a-mprec.o)
                0x00000000a000c398                __ulp
 .text.__b2d    0x00000000a000c3fc       0xd8 /usr/lib/arm-none-eabi/lib/libc.a(lib_a-mprec.o)
                0x00000000a000c3fc                __b2d
 .text.__d2b    0x00000000a000c4d4      0x10c /usr/lib/arm-none-eabi/lib/libc.a(lib_a-mprec.o)
                0x00000000a000c4d4                __d2b
 .text.__ratio  0x00000000a000c5e0       0x88 /usr/lib/arm-none-eabi/lib/libc.a(lib_a-mprec.o)
                0x00000000a000c5e0                __ratio
 .text._mprec_log10
                0x00000000a000c668       0x54 /usr/lib/arm-none-eabi/lib/libc.a(lib_a-mprec.o)
                0x00000000a000c668                _mprec_log10
 .text.__copybits
                0x00000000a000c6bc       0x70 /usr/lib/arm-none-eabi/lib/libc.a(lib_a-mprec.o)
                0x00000000a000c6bc                __copybits
 .text.__any_on
                0x00000000a000c72c       0x7c /usr/lib/arm-none-eabi/lib/libc.a(lib_a-mprec.o)
                0x00000000a000c72c                __any_on
 .text          0x00000000a000c7a8        0x0 /usr/lib/arm-none-eabi/lib/libc.a(lib_a-putc.o)
 .text._putc_r  0x00000000a000c7a8       0xa4 /usr/lib/arm-none-eabi/lib/libc.a(lib_a-putc.o)
                0x00000000a000c7a8                _putc_r
 .text.putc     0x00000000a000c84c       0xb4 /usr/lib/arm-none-eabi/lib/libc.a(lib_a-putc.o)
                0x00000000a000c84c                putc
 .text          0x00000000a000c900        0x0 /usr/lib/arm-none-eabi/lib/libc.a(lib_a-readr.o)
 .text._read_r  0x00000000a000c900       0x44 /usr/lib/arm-none-eabi/lib/libc.a(lib_a-readr.o)
                0x00000000a000c900                _read_r
 .text          0x00000000a000c944        0x0 /usr/lib/arm-none-eabi/lib/libc.a(lib_a-reallocr.o)
 .text._realloc_r
                0x00000000a000c944      0x56c /usr/lib/arm-none-eabi/lib/libc.a(lib_a-reallocr.o)
                0x00000000a000c944                _realloc_r
 .text          0x00000000a000ceb0        0x0 /usr/lib/arm-none-eabi/lib/libc.a(lib_a-reent.o)
 .text.cleanup_glue
                0x00000000a000ceb0       0x2c /usr/lib/arm-none-eabi/lib/libc.a(lib_a-reent.o)
                0x00000000a000ceb0                cleanup_glue
 .text._reclaim_reent
                0x00000000a000cedc      0x108 /usr/lib/arm-none-eabi/lib/libc.a(lib_a-reent.o)
                0x00000000a000cedc                _reclaim_reent
 .text          0x00000000a000cfe4        0x0 /usr/lib/arm-none-eabi/lib/libc.a(lib_a-s_fpclassify.o)
 .text.__fpclassifyd
                0x00000000a000cfe4       0x6c /usr/lib/arm-none-eabi/lib/libc.a(lib_a-s_fpclassify.o)
                0x00000000a000cfe4                __fpclassifyd
 .text          0x00000000a000d050        0x0 /usr/lib/arm-none-eabi/lib/libc.a(lib_a-sccl.o)
 .text.__sccl   0x00000000a000d050       0xd4 /usr/lib/arm-none-eabi/lib/libc.a(lib_a-sccl.o)
                0x00000000a000d050                __sccl
 .text          0x00000000a000d124        0x0 /usr/lib/arm-none-eabi/lib/libc.a(lib_a-sf_nan.o)
 .text.nanf     0x00000000a000d124        0xc /usr/lib/arm-none-eabi/lib/libc.a(lib_a-sf_nan.o)
                0x00000000a000d124                nanf
 .text          0x00000000a000d130        0x0 /usr/lib/arm-none-eabi/lib/libc.a(lib_a-sprintf.o)
 .text._sprintf_r
                0x00000000a000d130       0x68 /usr/lib/arm-none-eabi/lib/libc.a(lib_a-sprintf.o)
                0x00000000a000d130                _sprintf_r
 .text.sprintf  0x00000000a000d198       0x74 /usr/lib/arm-none-eabi/lib/libc.a(lib_a-sprintf.o)
                0x00000000a000d198                sprintf
 .text          0x00000000a000d20c      0x230 /usr/lib/arm-none-eabi/lib/libc.a(lib_a-strcmp.o)
                0x00000000a000d20c                strcmp
 .text          0x00000000a000d43c        0x0 /usr/lib/arm-none-eabi/lib/libc.a(lib_a-strtod.o)
 .text.unlikely.sulp
                0x00000000a000d43c       0x64 /usr/lib/arm-none-eabi/lib/libc.a(lib_a-strtod.o)
 .text._strtod_r
                0x00000000a000d4a0     0x1600 /usr/lib/arm-none-eabi/lib/libc.a(lib_a-strtod.o)
                0x00000000a000d4a0                _strtod_r
 .text.strtod   0x00000000a000eaa0       0x18 /usr/lib/arm-none-eabi/lib/libc.a(lib_a-strtod.o)
                0x00000000a000eaa0                strtod
 .text.strtof   0x00000000a000eab8       0x50 /usr/lib/arm-none-eabi/lib/libc.a(lib_a-strtod.o)
                0x00000000a000eab8                strtof
 .text          0x00000000a000eb08        0x0 /usr/lib/arm-none-eabi/lib/libc.a(lib_a-strtol.o)
 .text._strtol_r
                0x00000000a000eb08      0x1d0 /usr/lib/arm-none-eabi/lib/libc.a(lib_a-strtol.o)
                0x00000000a000eb08                _strtol_r
 .text.strtol   0x00000000a000ecd8       0x28 /usr/lib/arm-none-eabi/lib/libc.a(lib_a-strtol.o)
                0x00000000a000ecd8                strtol
 .text          0x00000000a000ed00        0x0 /usr/lib/arm-none-eabi/lib/libc.a(lib_a-strtoll_r.o)
 .text._strtoll_r
                0x00000000a000ed00      0x2ac /usr/lib/arm-none-eabi/lib/libc.a(lib_a-strtoll_r.o)
                0x00000000a000ed00                _strtoll_r
 .text          0x00000000a000efac        0x0 /usr/lib/arm-none-eabi/lib/libc.a(lib_a-strtoul.o)
 .text._strtoul_r
                0x00000000a000efac      0x1e4 /usr/lib/arm-none-eabi/lib/libc.a(lib_a-strtoul.o)
                0x00000000a000efac                _strtoul_r
 .text.strtoul  0x00000000a000f190       0x28 /usr/lib/arm-none-eabi/lib/libc.a(lib_a-strtoul.o)
                0x00000000a000f190                strtoul
 .text          0x00000000a000f1b8        0x0 /usr/lib/arm-none-eabi/lib/libc.a(lib_a-strtoull_r.o)
 .text._strtoull_r
                0x00000000a000f1b8      0x290 /usr/lib/arm-none-eabi/lib/libc.a(lib_a-strtoull_r.o)
                0x00000000a000f1b8                _strtoull_r
 .text          0x00000000a000f448        0x0 /usr/lib/arm-none-eabi/lib/libc.a(lib_a-svfiscanf.o)
 .text._sungetc_r
                0x00000000a000f448       0xf0 /usr/lib/arm-none-eabi/lib/libc.a(lib_a-svfiscanf.o)
                0x00000000a000f448                _sungetc_r
 .text.__ssrefill_r
                0x00000000a000f538       0x68 /usr/lib/arm-none-eabi/lib/libc.a(lib_a-svfiscanf.o)
                0x00000000a000f538                __ssrefill_r
 .text._sfread_r
                0x00000000a000f5a0       0xcc /usr/lib/arm-none-eabi/lib/libc.a(lib_a-svfiscanf.o)
                0x00000000a000f5a0                _sfread_r
 .text.__ssvfiscanf_r
                0x00000000a000f66c      0xf54 /usr/lib/arm-none-eabi/lib/libc.a(lib_a-svfiscanf.o)
                0x00000000a000f66c                __ssvfiscanf_r
 .text          0x00000000a00105c0        0x0 /usr/lib/arm-none-eabi/lib/libc.a(lib_a-svfprintf.o)
 .text._svfprintf_r
                0x00000000a00105c0     0x1f68 /usr/lib/arm-none-eabi/lib/libc.a(lib_a-svfprintf.o)
                0x00000000a00105c0                _svfprintf_r
 .text          0x00000000a0012528        0x0 /usr/lib/arm-none-eabi/lib/libc.a(lib_a-ungetc.o)
 .text.__submore
                0x00000000a0012528       0xb0 /usr/lib/arm-none-eabi/lib/libc.a(lib_a-ungetc.o)
                0x00000000a0012528                __submore
 .text._ungetc_r
                0x00000000a00125d8      0x17c /usr/lib/arm-none-eabi/lib/libc.a(lib_a-ungetc.o)
                0x00000000a00125d8                _ungetc_r
 .text.ungetc   0x00000000a0012754       0x18 /usr/lib/arm-none-eabi/lib/libc.a(lib_a-ungetc.o)
                0x00000000a0012754                ungetc
 .text          0x00000000a001276c        0x0 /usr/lib/arm-none-eabi/lib/libc.a(lib_a-vfiprintf.o)
 .text.__sprint_r.part.0
                0x00000000a001276c       0xac /usr/lib/arm-none-eabi/lib/libc.a(lib_a-vfiprintf.o)
 .text.__sprint_r
                0x00000000a0012818       0x18 /usr/lib/arm-none-eabi/lib/libc.a(lib_a-vfiprintf.o)
                0x00000000a0012818                __sprint_r
 .text._vfiprintf_r
                0x00000000a0012830     0x1300 /usr/lib/arm-none-eabi/lib/libc.a(lib_a-vfiprintf.o)
                0x00000000a0012830                _vfiprintf_r
 .text.vfiprintf
                0x00000000a0013b30       0x28 /usr/lib/arm-none-eabi/lib/libc.a(lib_a-vfiprintf.o)
                0x00000000a0013b30                vfiprintf
 .text.__sbprintf
                0x00000000a0013b58       0xd0 /usr/lib/arm-none-eabi/lib/libc.a(lib_a-vfiprintf.o)
 .text          0x00000000a0013c28        0x0 /usr/lib/arm-none-eabi/lib/libc.a(lib_a-wbuf.o)
 .text.__swbuf_r
                0x00000000a0013c28      0x124 /usr/lib/arm-none-eabi/lib/libc.a(lib_a-wbuf.o)
                0x00000000a0013c28                __swbuf_r
 .text.__swbuf  0x00000000a0013d4c       0x18 /usr/lib/arm-none-eabi/lib/libc.a(lib_a-wbuf.o)
                0x00000000a0013d4c                __swbuf
 .text          0x00000000a0013d64        0x0 /usr/lib/arm-none-eabi/lib/libc.a(lib_a-fclose.o)
 .text._fclose_r
                0x00000000a0013d64       0xf0 /usr/lib/arm-none-eabi/lib/libc.a(lib_a-fclose.o)
                0x00000000a0013d64                _fclose_r
 .text.fclose   0x00000000a0013e54       0x14 /usr/lib/arm-none-eabi/lib/libc.a(lib_a-fclose.o)
                0x00000000a0013e54                fclose
 .text          0x00000000a0013e68        0x0 /usr/lib/arm-none-eabi/lib/libc.a(lib_a-fputwc.o)
 .text._fputwc_r
                0x00000000a0013e68      0x144 /usr/lib/arm-none-eabi/lib/libc.a(lib_a-fputwc.o)
                0x00000000a0013e68                _fputwc_r
 .text.fputwc   0x00000000a0013fac       0x44 /usr/lib/arm-none-eabi/lib/libc.a(lib_a-fputwc.o)
                0x00000000a0013fac                fputwc
 .text          0x00000000a0013ff0        0x0 /usr/lib/arm-none-eabi/lib/libc.a(lib_a-fstatr.o)
 .text._fstat_r
                0x00000000a0013ff0       0x40 /usr/lib/arm-none-eabi/lib/libc.a(lib_a-fstatr.o)
                0x00000000a0013ff0                _fstat_r
 .text          0x00000000a0014030        0x0 /usr/lib/arm-none-eabi/lib/libc.a(lib_a-gdtoa-gethex.o)
 .text.rshift   0x00000000a0014030       0xf4 /usr/lib/arm-none-eabi/lib/libc.a(lib_a-gdtoa-gethex.o)
 .text.__gethex
                0x00000000a0014124      0x814 /usr/lib/arm-none-eabi/lib/libc.a(lib_a-gdtoa-gethex.o)
                0x00000000a0014124                __gethex
 .text          0x00000000a0014938        0x0 /usr/lib/arm-none-eabi/lib/libc.a(lib_a-gdtoa-hexnan.o)
 .text.__hexnan
                0x00000000a0014938      0x284 /usr/lib/arm-none-eabi/lib/libc.a(lib_a-gdtoa-hexnan.o)
                0x00000000a0014938                __hexnan
 .text          0x00000000a0014bbc        0x0 /usr/lib/arm-none-eabi/lib/libc.a(lib_a-isattyr.o)
 .text._isatty_r
                0x00000000a0014bbc       0x3c /usr/lib/arm-none-eabi/lib/libc.a(lib_a-isattyr.o)
                0x00000000a0014bbc                _isatty_r
 .text          0x00000000a0014bf8        0x0 /usr/lib/arm-none-eabi/lib/libc.a(lib_a-strncmp.o)
 .text.strncmp  0x00000000a0014bf8      0x160 /usr/lib/arm-none-eabi/lib/libc.a(lib_a-strncmp.o)
                0x00000000a0014bf8                strncmp
 .text          0x00000000a0014d58        0x0 /usr/lib/arm-none-eabi/lib/libc.a(lib_a-svfiprintf.o)
 .text.__ssprint_r
                0x00000000a0014d58      0x1ac /usr/lib/arm-none-eabi/lib/libc.a(lib_a-svfiprintf.o)
                0x00000000a0014d58                __ssprint_r
 .text._svfiprintf_r
                0x00000000a0014f04     0x10e0 /usr/lib/arm-none-eabi/lib/libc.a(lib_a-svfiprintf.o)
                0x00000000a0014f04                _svfiprintf_r
 .text          0x00000000a0015fe4        0x0 /usr/lib/arm-none-eabi/lib/libc.a(lib_a-wcrtomb.o)
 .text._wcrtomb_r
                0x00000000a0015fe4       0x90 /usr/lib/arm-none-eabi/lib/libc.a(lib_a-wcrtomb.o)
                0x00000000a0015fe4                _wcrtomb_r
 .text.wcrtomb  0x00000000a0016074       0x98 /usr/lib/arm-none-eabi/lib/libc.a(lib_a-wcrtomb.o)
                0x00000000a0016074                wcrtomb
 .text          0x00000000a001610c        0x0 /usr/lib/arm-none-eabi/lib/libc.a(lib_a-wctomb_r.o)
 .text.__ascii_wctomb
                0x00000000a001610c       0x2c /usr/lib/arm-none-eabi/lib/libc.a(lib_a-wctomb_r.o)
                0x00000000a001610c                __ascii_wctomb
 .text._wctomb_r
                0x00000000a0016138       0x50 /usr/lib/arm-none-eabi/lib/libc.a(lib_a-wctomb_r.o)
                0x00000000a0016138                _wctomb_r
 .text          0x00000000a0016188      0x114 /usr/lib/gcc/arm-none-eabi/4.8.2/libgcc.a(_udivsi3.o)
                0x00000000a0016188                __udivsi3
                0x00000000a0016188                __aeabi_uidiv
                0x00000000a001627c                __aeabi_uidivmod
 .text          0x00000000a001629c      0x148 /usr/lib/gcc/arm-none-eabi/4.8.2/libgcc.a(_divsi3.o)
                0x00000000a001629c                __aeabi_idiv
                0x00000000a001629c                __divsi3
                0x00000000a00163c4                __aeabi_idivmod
 .text          0x00000000a00163e4        0x4 /usr/lib/gcc/arm-none-eabi/4.8.2/libgcc.a(_dvmd_tls.o)
                0x00000000a00163e4                __aeabi_ldiv0
                0x00000000a00163e4                __aeabi_idiv0
 .text          0x00000000a00163e8      0x41c /usr/lib/gcc/arm-none-eabi/4.8.2/libgcc.a(_arm_addsubdf3.o)
                0x00000000a00163e8                __aeabi_drsub
                0x00000000a00163f0                __aeabi_dsub
                0x00000000a00163f0                __subdf3
                0x00000000a00163f4                __adddf3
                0x00000000a00163f4                __aeabi_dadd
                0x00000000a0016704                __aeabi_ui2d
                0x00000000a0016704                __floatunsidf
                0x00000000a0016728                __floatsidf
                0x00000000a0016728                __aeabi_i2d
                0x00000000a0016750                __extendsfdf2
                0x00000000a0016750                __aeabi_f2d
                0x00000000a0016790                __aeabi_ul2d
                0x00000000a0016790                __floatundidf
                0x00000000a00167a4                __floatdidf
                0x00000000a00167a4                __aeabi_l2d
 .text          0x00000000a0016804      0x49c /usr/lib/gcc/arm-none-eabi/4.8.2/libgcc.a(_arm_muldivdf3.o)
                0x00000000a0016804                __aeabi_dmul
                0x00000000a0016804                __muldf3
                0x00000000a0016a94                __aeabi_ddiv
                0x00000000a0016a94                __divdf3
 .text          0x00000000a0016ca0      0x144 /usr/lib/gcc/arm-none-eabi/4.8.2/libgcc.a(_arm_cmpdf2.o)
                0x00000000a0016ca0                __gtdf2
                0x00000000a0016ca0                __gedf2
                0x00000000a0016ca8                __ltdf2
                0x00000000a0016ca8                __ledf2
                0x00000000a0016cb0                __cmpdf2
                0x00000000a0016cb0                __eqdf2
                0x00000000a0016cb0                __nedf2
                0x00000000a0016d38                __aeabi_cdrcmple
                0x00000000a0016d54                __aeabi_cdcmple
                0x00000000a0016d54                __aeabi_cdcmpeq
                0x00000000a0016d6c                __aeabi_dcmpeq
                0x00000000a0016d84                __aeabi_dcmplt
                0x00000000a0016d9c                __aeabi_dcmple
                0x00000000a0016db4                __aeabi_dcmpge
                0x00000000a0016dcc                __aeabi_dcmpgt
 .text          0x00000000a0016de4       0x5c /usr/lib/gcc/arm-none-eabi/4.8.2/libgcc.a(_arm_fixdfsi.o)
                0x00000000a0016de4                __fixdfsi
                0x00000000a0016de4                __aeabi_d2iz
 .text          0x00000000a0016e40       0x54 /usr/lib/gcc/arm-none-eabi/4.8.2/libgcc.a(_arm_fixunsdfsi.o)
                0x00000000a0016e40                __fixunsdfsi
                0x00000000a0016e40                __aeabi_d2uiz
 .text          0x00000000a0016e94       0xa0 /usr/lib/gcc/arm-none-eabi/4.8.2/libgcc.a(_arm_truncdfsf2.o)
                0x00000000a0016e94                __aeabi_d2f
                0x00000000a0016e94                __truncdfsf2
 .text          0x00000000a0016f34       0x3c /usr/lib/gcc/arm-none-eabi/4.8.2/libgcc.a(_aeabi_uldivmod.o)
                0x00000000a0016f34                __aeabi_uldivmod
 .text          0x00000000a0016f70       0x84 /usr/lib/gcc/arm-none-eabi/4.8.2/libgcc.a(bpabi.o)
                0x00000000a0016f70                __gnu_ldivmod_helper
                0x00000000a0016fb4                __gnu_uldivmod_helper
 .text          0x00000000a0016ff4      0x4d0 /usr/lib/gcc/arm-none-eabi/4.8.2/libgcc.a(_divdi3.o)
                0x00000000a0016ff4                __divdi3
 .text          0x00000000a00174c4      0x470 /usr/lib/gcc/arm-none-eabi/4.8.2/libgcc.a(_udivdi3.o)
                0x00000000a00174c4                __udivdi3
 .text          0x00000000a0017934       0x48 /usr/lib/gcc/arm-none-eabi/4.8.2/libgcc.a(_clzsi2.o)
                0x00000000a0017934                __clzsi2
 .text          0x00000000a001797c      0x248 /home/samuel/workspace/se12/apf27/source/libapf27.a(apf27_syscall.o)
                0x00000000a001797c                _read
                0x00000000a00179b8                _write
                0x00000000a0017a20                _lseek
                0x00000000a0017a4c                _isatty
                0x00000000a0017a70                _fstat
                0x00000000a0017aa4                _close
                0x00000000a0017ac8                _sbrk
                0x00000000a0017b54                _exit
                0x00000000a0017b68                _init
                0x00000000a0017b7c                _fini
                0x00000000a0017b90                _getpid
                0x00000000a0017bac                _kill
 .text          0x00000000a0017bc4      0x454 /home/samuel/workspace/se12/apf27/source/libapf27.a(imx27_serial.o)
                0x00000000a0017c30                imx27_serial_init
                0x00000000a0017de8                imx27_serial_putc
                0x00000000a0017e64                imx27_serial_tstc
                0x00000000a0017eb0                imx27_serial_getc
                0x00000000a0017f18                imx27_serial_puts
                0x00000000a0017f5c                imx27_serial_set_baudrate

.glue_7         0x00000000a0018018        0x0
 .glue_7        0x0000000000000000        0x0 linker stubs

.glue_7t        0x00000000a0018018        0x0
 .glue_7t       0x0000000000000000        0x0 linker stubs

.vfp11_veneer   0x00000000a0018018        0x0
 .vfp11_veneer  0x0000000000000000        0x0 linker stubs

.v4_bx          0x00000000a0018018        0x0
 .v4_bx         0x0000000000000000        0x0 linker stubs

.iplt           0x00000000a0018018        0x0
 .iplt          0x0000000000000000        0x0 .obj/apf27/main.o

.rodata         0x00000000a0018018     0x646c
 *(.rodata*)
 .rodata        0x00000000a0018018     0x5d68 .obj/apf27/main.o
 .rodata        0x00000000a001dd80        0xc .obj/apf27/xpm.o
 .rodata        0x00000000a001dd8c      0x22c /home/samuel/workspace/se12/apf27/source/libapf27.a(imx27_lcdc.o)
 .rodata.str1.4
                0x00000000a001dfb8        0x2 /usr/lib/arm-none-eabi/lib/libc.a(lib_a-impure.o)
                                          0x4 (size before relaxing)
 *fill*         0x00000000a001dfba        0x2 
 .rodata._global_impure_ptr
                0x00000000a001dfbc        0x4 /usr/lib/arm-none-eabi/lib/libc.a(lib_a-impure.o)
                0x00000000a001dfbc                _global_impure_ptr
 .rodata.str1.4
                0x00000000a001dfc0        0x2 /usr/lib/arm-none-eabi/lib/libc.a(lib_a-puts.o)
                                          0x4 (size before relaxing)
 *fill*         0x00000000a001dfc2        0x2 
 .rodata.basefix.6711
                0x00000000a001dfc4       0x24 /usr/lib/arm-none-eabi/lib/libc.a(lib_a-svfscanf.o)
 .rodata.str1.4
                0x00000000a001dfe8        0x5 /usr/lib/arm-none-eabi/lib/libc.a(lib_a-svfscanf.o)
                                          0x8 (size before relaxing)
 *fill*         0x00000000a001dfed        0x3 
 .rodata.zeroes.6775
                0x00000000a001dff0       0x10 /usr/lib/arm-none-eabi/lib/libc.a(lib_a-vfprintf.o)
 .rodata.str1.4
                0x00000000a001e000       0x42 /usr/lib/arm-none-eabi/lib/libc.a(lib_a-vfprintf.o)
                                         0x44 (size before relaxing)
 *fill*         0x00000000a001e042        0x2 
 .rodata.blanks.6774
                0x00000000a001e044       0x10 /usr/lib/arm-none-eabi/lib/libc.a(lib_a-vfprintf.o)
 .rodata._ctype_
                0x00000000a001e054      0x104 /usr/lib/arm-none-eabi/lib/libc.a(lib_a-ctype_.o)
                0x00000000a001e054                _ctype_
 .rodata.str1.4
                0x00000000a001e158       0x10 /usr/lib/arm-none-eabi/lib/libc.a(lib_a-dtoa.o)
                                         0x14 (size before relaxing)
 .rodata.str1.4
                0x00000000a001e168        0xa /usr/lib/arm-none-eabi/lib/libc.a(lib_a-locale.o)
                                         0x14 (size before relaxing)
 .rodata.str1.4
                0x0000000000000000        0x4 /usr/lib/arm-none-eabi/lib/libc.a(lib_a-mbrtowc.o)
 *fill*         0x00000000a001e172        0x6 
 .rodata.__mprec_tens
                0x00000000a001e178       0xc8 /usr/lib/arm-none-eabi/lib/libc.a(lib_a-mprec.o)
                0x00000000a001e178                __mprec_tens
 .rodata.__mprec_bigtens
                0x00000000a001e240       0x28 /usr/lib/arm-none-eabi/lib/libc.a(lib_a-mprec.o)
                0x00000000a001e240                __mprec_bigtens
 .rodata.p05.5266
                0x00000000a001e268        0xc /usr/lib/arm-none-eabi/lib/libc.a(lib_a-mprec.o)
 *fill*         0x00000000a001e274        0x4 
 .rodata.__mprec_tinytens
                0x00000000a001e278       0x28 /usr/lib/arm-none-eabi/lib/libc.a(lib_a-mprec.o)
                0x00000000a001e278                __mprec_tinytens
 .rodata.fpi.5235
                0x00000000a001e2a0       0x14 /usr/lib/arm-none-eabi/lib/libc.a(lib_a-strtod.o)
 .rodata.fpinan.5271
                0x00000000a001e2b4       0x14 /usr/lib/arm-none-eabi/lib/libc.a(lib_a-strtod.o)
 .rodata.str1.4
                0x00000000a001e2c8       0x10 /usr/lib/arm-none-eabi/lib/libc.a(lib_a-strtod.o)
 .rodata.tinytens
                0x00000000a001e2d8       0x28 /usr/lib/arm-none-eabi/lib/libc.a(lib_a-strtod.o)
 .rodata.basefix.6175
                0x00000000a001e300       0x24 /usr/lib/arm-none-eabi/lib/libc.a(lib_a-svfiscanf.o)
 .rodata.zeroes.6760
                0x00000000a001e324       0x10 /usr/lib/arm-none-eabi/lib/libc.a(lib_a-svfprintf.o)
 .rodata.str1.4
                0x0000000000000000       0x44 /usr/lib/arm-none-eabi/lib/libc.a(lib_a-svfprintf.o)
 .rodata.blanks.6759
                0x00000000a001e334       0x10 /usr/lib/arm-none-eabi/lib/libc.a(lib_a-svfprintf.o)
 .rodata.blanks.6717
                0x00000000a001e344       0x10 /usr/lib/arm-none-eabi/lib/libc.a(lib_a-vfiprintf.o)
 .rodata.str1.4
                0x0000000000000000       0x30 /usr/lib/arm-none-eabi/lib/libc.a(lib_a-vfiprintf.o)
 .rodata.zeroes.6718
                0x00000000a001e354       0x10 /usr/lib/arm-none-eabi/lib/libc.a(lib_a-vfiprintf.o)
 .rodata.__hexdig
                0x00000000a001e364      0x100 /usr/lib/arm-none-eabi/lib/libc.a(lib_a-gdtoa-gethex.o)
                0x00000000a001e364                __hexdig
 .rodata.zeroes.6704
                0x00000000a001e464       0x10 /usr/lib/arm-none-eabi/lib/libc.a(lib_a-svfiprintf.o)
 .rodata.str1.4
                0x0000000000000000       0x30 /usr/lib/arm-none-eabi/lib/libc.a(lib_a-svfiprintf.o)
 .rodata.blanks.6703
                0x00000000a001e474       0x10 /usr/lib/arm-none-eabi/lib/libc.a(lib_a-svfiprintf.o)

.ARM.extab      0x00000000a001e484        0x0
 .ARM.extab     0x00000000a001e484        0x0 /usr/lib/gcc/arm-none-eabi/4.8.2/libgcc.a(_divdi3.o)
 .ARM.extab     0x00000000a001e484        0x0 /usr/lib/gcc/arm-none-eabi/4.8.2/libgcc.a(_udivdi3.o)

.data           0x00000000a001e488     0x1200
 *(.data*)
 .data          0x00000000a001e488      0x8fc .obj/apf27/main.o
 .data          0x00000000a001ed84        0xc .obj/apf27/spi.o
 .data          0x00000000a001ed90        0x0 .obj/apf27/touchscreen.o
 .data          0x00000000a001ed90        0x0 .obj/apf27/xpm.o
 .data          0x00000000a001ed90        0x0 /home/samuel/workspace/se12/apf27/source/libapf27.a(crt0.o)
 .data          0x00000000a001ed90        0x4 /home/samuel/workspace/se12/apf27/source/libapf27.a(imx27_clock.o)
 .data          0x00000000a001ed94       0x1c /home/samuel/workspace/se12/apf27/source/libapf27.a(imx27_gpio.o)
 .data          0x00000000a001edb0        0xc /home/samuel/workspace/se12/apf27/source/libapf27.a(imx27_lcdc.o)
 .data          0x00000000a001edbc        0x0 /home/samuel/workspace/se12/apf27/source/libapf27.a(string2.o)
 .data          0x00000000a001edbc        0x0 /usr/lib/arm-none-eabi/lib/libc.a(lib_a-calloc.o)
 .data          0x00000000a001edbc        0x0 /usr/lib/arm-none-eabi/lib/libc.a(lib_a-callocr.o)
 .data          0x00000000a001edbc        0x0 /usr/lib/arm-none-eabi/lib/libc.a(lib_a-impure.o)
 *fill*         0x00000000a001edbc        0x4 
 .data.impure_data
                0x00000000a001edc0      0x428 /usr/lib/arm-none-eabi/lib/libc.a(lib_a-impure.o)
 .data._impure_ptr
                0x00000000a001f1e8        0x4 /usr/lib/arm-none-eabi/lib/libc.a(lib_a-impure.o)
                0x00000000a001f1e8                _impure_ptr
 .data          0x00000000a001f1ec        0x0 /usr/lib/arm-none-eabi/lib/libc.a(lib_a-malloc.o)
 .data          0x00000000a001f1ec        0x0 /usr/lib/arm-none-eabi/lib/libc.a(lib_a-mallocr.o)
 .data.__malloc_av_
                0x00000000a001f1ec      0x408 /usr/lib/arm-none-eabi/lib/libc.a(lib_a-mallocr.o)
                0x00000000a001f1ec                __malloc_av_
 .data.__malloc_trim_threshold
                0x00000000a001f5f4        0x4 /usr/lib/arm-none-eabi/lib/libc.a(lib_a-mallocr.o)
                0x00000000a001f5f4                __malloc_trim_threshold
 .data.__malloc_sbrk_base
                0x00000000a001f5f8        0x4 /usr/lib/arm-none-eabi/lib/libc.a(lib_a-mallocr.o)
                0x00000000a001f5f8                __malloc_sbrk_base
 .data          0x00000000a001f5fc        0x0 /usr/lib/arm-none-eabi/lib/libc.a(lib_a-memcpy-stub.o)
 .data          0x00000000a001f5fc        0x0 /usr/lib/arm-none-eabi/lib/libc.a(lib_a-memset.o)
 .data          0x00000000a001f5fc        0x0 /usr/lib/arm-none-eabi/lib/libc.a(lib_a-mlock.o)
 .data          0x00000000a001f5fc        0x0 /usr/lib/arm-none-eabi/lib/libc.a(lib_a-printf.o)
 .data          0x00000000a001f5fc        0x0 /usr/lib/arm-none-eabi/lib/libc.a(lib_a-putchar.o)
 .data          0x00000000a001f5fc        0x0 /usr/lib/arm-none-eabi/lib/libc.a(lib_a-puts.o)
 .data          0x00000000a001f5fc        0x0 /usr/lib/arm-none-eabi/lib/libc.a(lib_a-qsort.o)
 .data          0x00000000a001f5fc        0x0 /usr/lib/arm-none-eabi/lib/libc.a(lib_a-sbrkr.o)
 .data          0x00000000a001f5fc        0x0 /usr/lib/arm-none-eabi/lib/libc.a(lib_a-sscanf.o)
 .data          0x00000000a001f5fc        0x0 /usr/lib/arm-none-eabi/lib/libc.a(lib_a-stdio.o)
 .data          0x00000000a001f5fc        0x0 /usr/lib/arm-none-eabi/lib/libc.a(lib_a-strlen.o)
 .data          0x00000000a001f5fc        0x0 /usr/lib/arm-none-eabi/lib/libc.a(lib_a-svfscanf.o)
 .data          0x00000000a001f5fc        0x0 /usr/lib/arm-none-eabi/lib/libc.a(lib_a-vfprintf.o)
 .data          0x00000000a001f5fc        0x0 /usr/lib/arm-none-eabi/lib/libc.a(lib_a-writer.o)
 .data          0x00000000a001f5fc        0x0 /usr/lib/arm-none-eabi/lib/libc.a(lib_a-wsetup.o)
 .data          0x00000000a001f5fc        0x0 /usr/lib/arm-none-eabi/lib/libc.a(lib_a-closer.o)
 .data          0x00000000a001f5fc        0x0 /usr/lib/arm-none-eabi/lib/libc.a(lib_a-ctype_.o)
 .data.__ctype_ptr__
                0x00000000a001f5fc        0x4 /usr/lib/arm-none-eabi/lib/libc.a(lib_a-ctype_.o)
                0x00000000a001f5fc                __ctype_ptr__
 .data          0x00000000a001f600        0x0 /usr/lib/arm-none-eabi/lib/libc.a(lib_a-dtoa.o)
 .data          0x00000000a001f600        0x0 /usr/lib/arm-none-eabi/lib/libc.a(lib_a-fflush.o)
 .data          0x00000000a001f600        0x0 /usr/lib/arm-none-eabi/lib/libc.a(lib_a-findfp.o)
 .data          0x00000000a001f600        0x0 /usr/lib/arm-none-eabi/lib/libc.a(lib_a-freer.o)
 .data          0x00000000a001f600        0x0 /usr/lib/arm-none-eabi/lib/libc.a(lib_a-fvwrite.o)
 .data          0x00000000a001f600        0x0 /usr/lib/arm-none-eabi/lib/libc.a(lib_a-fwalk.o)
 .data          0x00000000a001f600        0x0 /usr/lib/arm-none-eabi/lib/libc.a(lib_a-iswspace.o)
 .data          0x00000000a001f600        0x0 /usr/lib/arm-none-eabi/lib/libc.a(lib_a-locale.o)
 .data.lc_message_charset
                0x00000000a001f600       0x20 /usr/lib/arm-none-eabi/lib/libc.a(lib_a-locale.o)
 .data.lconv    0x00000000a001f620       0x38 /usr/lib/arm-none-eabi/lib/libc.a(lib_a-locale.o)
 .data.lc_ctype_charset
                0x00000000a001f658       0x20 /usr/lib/arm-none-eabi/lib/libc.a(lib_a-locale.o)
 .data.__mb_cur_max
                0x00000000a001f678        0x4 /usr/lib/arm-none-eabi/lib/libc.a(lib_a-locale.o)
                0x00000000a001f678                __mb_cur_max
 .data          0x00000000a001f67c        0x0 /usr/lib/arm-none-eabi/lib/libc.a(lib_a-lseekr.o)
 .data          0x00000000a001f67c        0x0 /usr/lib/arm-none-eabi/lib/libc.a(lib_a-makebuf.o)
 .data          0x00000000a001f67c        0x0 /usr/lib/arm-none-eabi/lib/libc.a(lib_a-mbrtowc.o)
 .data          0x00000000a001f67c        0x0 /usr/lib/arm-none-eabi/lib/libc.a(lib_a-mbtowc_r.o)
 .data.__mbtowc
                0x00000000a001f67c        0x4 /usr/lib/arm-none-eabi/lib/libc.a(lib_a-mbtowc_r.o)
                0x00000000a001f67c                __mbtowc
 .data          0x00000000a001f680        0x0 /usr/lib/arm-none-eabi/lib/libc.a(lib_a-memchr-stub.o)
 .data          0x00000000a001f680        0x0 /usr/lib/arm-none-eabi/lib/libc.a(lib_a-memmove.o)
 .data          0x00000000a001f680        0x0 /usr/lib/arm-none-eabi/lib/libc.a(lib_a-mprec.o)
 .data          0x00000000a001f680        0x0 /usr/lib/arm-none-eabi/lib/libc.a(lib_a-putc.o)
 .data          0x00000000a001f680        0x0 /usr/lib/arm-none-eabi/lib/libc.a(lib_a-readr.o)
 .data          0x00000000a001f680        0x0 /usr/lib/arm-none-eabi/lib/libc.a(lib_a-reallocr.o)
 .data          0x00000000a001f680        0x0 /usr/lib/arm-none-eabi/lib/libc.a(lib_a-reent.o)
 .data          0x00000000a001f680        0x0 /usr/lib/arm-none-eabi/lib/libc.a(lib_a-s_fpclassify.o)
 .data          0x00000000a001f680        0x0 /usr/lib/arm-none-eabi/lib/libc.a(lib_a-sccl.o)
 .data          0x00000000a001f680        0x0 /usr/lib/arm-none-eabi/lib/libc.a(lib_a-sf_nan.o)
 .data          0x00000000a001f680        0x0 /usr/lib/arm-none-eabi/lib/libc.a(lib_a-sprintf.o)
 .data          0x00000000a001f680        0x0 /usr/lib/arm-none-eabi/lib/libc.a(lib_a-strcmp.o)
 .data          0x00000000a001f680        0x0 /usr/lib/arm-none-eabi/lib/libc.a(lib_a-strtod.o)
 .data          0x00000000a001f680        0x0 /usr/lib/arm-none-eabi/lib/libc.a(lib_a-strtol.o)
 .data          0x00000000a001f680        0x0 /usr/lib/arm-none-eabi/lib/libc.a(lib_a-strtoll_r.o)
 .data          0x00000000a001f680        0x0 /usr/lib/arm-none-eabi/lib/libc.a(lib_a-strtoul.o)
 .data          0x00000000a001f680        0x0 /usr/lib/arm-none-eabi/lib/libc.a(lib_a-strtoull_r.o)
 .data          0x00000000a001f680        0x0 /usr/lib/arm-none-eabi/lib/libc.a(lib_a-svfiscanf.o)
 .data          0x00000000a001f680        0x0 /usr/lib/arm-none-eabi/lib/libc.a(lib_a-svfprintf.o)
 .data          0x00000000a001f680        0x0 /usr/lib/arm-none-eabi/lib/libc.a(lib_a-ungetc.o)
 .data          0x00000000a001f680        0x0 /usr/lib/arm-none-eabi/lib/libc.a(lib_a-vfiprintf.o)
 .data          0x00000000a001f680        0x0 /usr/lib/arm-none-eabi/lib/libc.a(lib_a-wbuf.o)
 .data          0x00000000a001f680        0x0 /usr/lib/arm-none-eabi/lib/libc.a(lib_a-fclose.o)
 .data          0x00000000a001f680        0x0 /usr/lib/arm-none-eabi/lib/libc.a(lib_a-fputwc.o)
 .data          0x00000000a001f680        0x0 /usr/lib/arm-none-eabi/lib/libc.a(lib_a-fstatr.o)
 .data          0x00000000a001f680        0x0 /usr/lib/arm-none-eabi/lib/libc.a(lib_a-gdtoa-gethex.o)
 .data          0x00000000a001f680        0x0 /usr/lib/arm-none-eabi/lib/libc.a(lib_a-gdtoa-hexnan.o)
 .data          0x00000000a001f680        0x0 /usr/lib/arm-none-eabi/lib/libc.a(lib_a-isattyr.o)
 .data          0x00000000a001f680        0x0 /usr/lib/arm-none-eabi/lib/libc.a(lib_a-strncmp.o)
 .data          0x00000000a001f680        0x0 /usr/lib/arm-none-eabi/lib/libc.a(lib_a-svfiprintf.o)
 .data          0x00000000a001f680        0x0 /usr/lib/arm-none-eabi/lib/libc.a(lib_a-wcrtomb.o)
 .data          0x00000000a001f680        0x0 /usr/lib/arm-none-eabi/lib/libc.a(lib_a-wctomb_r.o)
 .data.__wctomb
                0x00000000a001f680        0x4 /usr/lib/arm-none-eabi/lib/libc.a(lib_a-wctomb_r.o)
                0x00000000a001f680                __wctomb
 .data          0x00000000a001f684        0x0 /usr/lib/gcc/arm-none-eabi/4.8.2/libgcc.a(_udivsi3.o)
 .data          0x00000000a001f684        0x0 /usr/lib/gcc/arm-none-eabi/4.8.2/libgcc.a(_divsi3.o)
 .data          0x00000000a001f684        0x0 /usr/lib/gcc/arm-none-eabi/4.8.2/libgcc.a(_dvmd_tls.o)
 .data          0x00000000a001f684        0x0 /usr/lib/gcc/arm-none-eabi/4.8.2/libgcc.a(_arm_addsubdf3.o)
 .data          0x00000000a001f684        0x0 /usr/lib/gcc/arm-none-eabi/4.8.2/libgcc.a(_arm_muldivdf3.o)
 .data          0x00000000a001f684        0x0 /usr/lib/gcc/arm-none-eabi/4.8.2/libgcc.a(_arm_cmpdf2.o)
 .data          0x00000000a001f684        0x0 /usr/lib/gcc/arm-none-eabi/4.8.2/libgcc.a(_arm_fixdfsi.o)
 .data          0x00000000a001f684        0x0 /usr/lib/gcc/arm-none-eabi/4.8.2/libgcc.a(_arm_fixunsdfsi.o)
 .data          0x00000000a001f684        0x0 /usr/lib/gcc/arm-none-eabi/4.8.2/libgcc.a(_arm_truncdfsf2.o)
 .data          0x00000000a001f684        0x0 /usr/lib/gcc/arm-none-eabi/4.8.2/libgcc.a(_aeabi_uldivmod.o)
 .data          0x00000000a001f684        0x0 /usr/lib/gcc/arm-none-eabi/4.8.2/libgcc.a(bpabi.o)
 .data          0x00000000a001f684        0x0 /usr/lib/gcc/arm-none-eabi/4.8.2/libgcc.a(_divdi3.o)
 .data          0x00000000a001f684        0x0 /usr/lib/gcc/arm-none-eabi/4.8.2/libgcc.a(_udivdi3.o)
 .data          0x00000000a001f684        0x0 /usr/lib/gcc/arm-none-eabi/4.8.2/libgcc.a(_clzsi2.o)
 .data          0x00000000a001f684        0x0 /home/samuel/workspace/se12/apf27/source/libapf27.a(apf27_syscall.o)
 .data          0x00000000a001f684        0x4 /home/samuel/workspace/se12/apf27/source/libapf27.a(imx27_serial.o)
                0x00000000a001f688                __exidx_start = .

.igot.plt       0x00000000a001f688        0x0
 .igot.plt      0x0000000000000000        0x0 .obj/apf27/main.o

.ARM.exidx      0x00000000a001f688        0x8
 *(.ARM.exidx* .gnu.linkonce.armexidx.*)
 .ARM.exidx     0x00000000a001f688        0x8 /usr/lib/gcc/arm-none-eabi/4.8.2/libgcc.a(_divdi3.o)
 .ARM.exidx     0x00000000a001f690        0x0 /usr/lib/gcc/arm-none-eabi/4.8.2/libgcc.a(_udivdi3.o)
                                          0x8 (size before relaxing)
                0x00000000a001f690                __exidx_end = .

.rel.dyn        0x00000000a001f690        0x0
 .rel.iplt      0x0000000000000000        0x0 .obj/apf27/main.o

.bss            0x00000000a001f690      0x970
                0x00000000a001f690                . = ALIGN (0x8)
                0x00000000a001f690                __bss_start__ = .
 *(.bss*)
 .bss           0x00000000a001f690        0x0 .obj/apf27/main.o
 .bss           0x00000000a001f690        0x0 .obj/apf27/spi.o
 .bss           0x00000000a001f690       0x14 .obj/apf27/touchscreen.o
 .bss           0x00000000a001f6a4        0x8 .obj/apf27/xpm.o
                0x00000000a001f6a4                cache
                0x00000000a001f6a8                oldCode
 .bss           0x00000000a001f6ac        0x0 /home/samuel/workspace/se12/apf27/source/libapf27.a(crt0.o)
 .bss           0x00000000a001f6ac        0x0 /home/samuel/workspace/se12/apf27/source/libapf27.a(imx27_clock.o)
 .bss           0x00000000a001f6ac      0x900 /home/samuel/workspace/se12/apf27/source/libapf27.a(imx27_gpio.o)
 .bss           0x00000000a001ffac        0x0 /home/samuel/workspace/se12/apf27/source/libapf27.a(imx27_lcdc.o)
 .bss           0x00000000a001ffac        0x0 /home/samuel/workspace/se12/apf27/source/libapf27.a(string2.o)
 .bss           0x00000000a001ffac        0x0 /usr/lib/arm-none-eabi/lib/libc.a(lib_a-calloc.o)
 .bss           0x00000000a001ffac        0x0 /usr/lib/arm-none-eabi/lib/libc.a(lib_a-callocr.o)
 .bss           0x00000000a001ffac        0x0 /usr/lib/arm-none-eabi/lib/libc.a(lib_a-impure.o)
 .bss           0x00000000a001ffac        0x0 /usr/lib/arm-none-eabi/lib/libc.a(lib_a-malloc.o)
 .bss           0x00000000a001ffac        0x0 /usr/lib/arm-none-eabi/lib/libc.a(lib_a-mallocr.o)
 .bss.__malloc_max_total_mem
                0x00000000a001ffac        0x4 /usr/lib/arm-none-eabi/lib/libc.a(lib_a-mallocr.o)
                0x00000000a001ffac                __malloc_max_total_mem
 .bss.__malloc_max_sbrked_mem
                0x00000000a001ffb0        0x4 /usr/lib/arm-none-eabi/lib/libc.a(lib_a-mallocr.o)
                0x00000000a001ffb0                __malloc_max_sbrked_mem
 .bss.__malloc_top_pad
                0x00000000a001ffb4        0x4 /usr/lib/arm-none-eabi/lib/libc.a(lib_a-mallocr.o)
                0x00000000a001ffb4                __malloc_top_pad
 .bss.__malloc_current_mallinfo
                0x00000000a001ffb8       0x28 /usr/lib/arm-none-eabi/lib/libc.a(lib_a-mallocr.o)
                0x00000000a001ffb8                __malloc_current_mallinfo
 .bss           0x00000000a001ffe0        0x0 /usr/lib/arm-none-eabi/lib/libc.a(lib_a-memcpy-stub.o)
 .bss           0x00000000a001ffe0        0x0 /usr/lib/arm-none-eabi/lib/libc.a(lib_a-memset.o)
 .bss           0x00000000a001ffe0        0x0 /usr/lib/arm-none-eabi/lib/libc.a(lib_a-mlock.o)
 .bss           0x00000000a001ffe0        0x0 /usr/lib/arm-none-eabi/lib/libc.a(lib_a-printf.o)
 .bss           0x00000000a001ffe0        0x0 /usr/lib/arm-none-eabi/lib/libc.a(lib_a-putchar.o)
 .bss           0x00000000a001ffe0        0x0 /usr/lib/arm-none-eabi/lib/libc.a(lib_a-puts.o)
 .bss           0x00000000a001ffe0        0x0 /usr/lib/arm-none-eabi/lib/libc.a(lib_a-qsort.o)
 .bss           0x00000000a001ffe0        0x0 /usr/lib/arm-none-eabi/lib/libc.a(lib_a-sbrkr.o)
 .bss           0x00000000a001ffe0        0x0 /usr/lib/arm-none-eabi/lib/libc.a(lib_a-sscanf.o)
 .bss           0x00000000a001ffe0        0x0 /usr/lib/arm-none-eabi/lib/libc.a(lib_a-stdio.o)
 .bss           0x00000000a001ffe0        0x0 /usr/lib/arm-none-eabi/lib/libc.a(lib_a-strlen.o)
 .bss           0x00000000a001ffe0        0x0 /usr/lib/arm-none-eabi/lib/libc.a(lib_a-svfscanf.o)
 .bss           0x00000000a001ffe0        0x0 /usr/lib/arm-none-eabi/lib/libc.a(lib_a-vfprintf.o)
 .bss           0x00000000a001ffe0        0x0 /usr/lib/arm-none-eabi/lib/libc.a(lib_a-writer.o)
 .bss           0x00000000a001ffe0        0x0 /usr/lib/arm-none-eabi/lib/libc.a(lib_a-wsetup.o)
 .bss           0x00000000a001ffe0        0x0 /usr/lib/arm-none-eabi/lib/libc.a(lib_a-closer.o)
 .bss           0x00000000a001ffe0        0x0 /usr/lib/arm-none-eabi/lib/libc.a(lib_a-ctype_.o)
 .bss           0x00000000a001ffe0        0x0 /usr/lib/arm-none-eabi/lib/libc.a(lib_a-dtoa.o)
 .bss           0x00000000a001ffe0        0x0 /usr/lib/arm-none-eabi/lib/libc.a(lib_a-fflush.o)
 .bss           0x00000000a001ffe0        0x0 /usr/lib/arm-none-eabi/lib/libc.a(lib_a-findfp.o)
 .bss           0x00000000a001ffe0        0x0 /usr/lib/arm-none-eabi/lib/libc.a(lib_a-freer.o)
 .bss           0x00000000a001ffe0        0x0 /usr/lib/arm-none-eabi/lib/libc.a(lib_a-fvwrite.o)
 .bss           0x00000000a001ffe0        0x0 /usr/lib/arm-none-eabi/lib/libc.a(lib_a-fwalk.o)
 .bss           0x00000000a001ffe0        0x0 /usr/lib/arm-none-eabi/lib/libc.a(lib_a-iswspace.o)
 .bss           0x00000000a001ffe0        0x0 /usr/lib/arm-none-eabi/lib/libc.a(lib_a-locale.o)
 .bss._PathLocale
                0x00000000a001ffe0        0x4 /usr/lib/arm-none-eabi/lib/libc.a(lib_a-locale.o)
                0x00000000a001ffe0                _PathLocale
 .bss.__nlocale_changed
                0x00000000a001ffe4        0x4 /usr/lib/arm-none-eabi/lib/libc.a(lib_a-locale.o)
                0x00000000a001ffe4                __nlocale_changed
 .bss.__mlocale_changed
                0x00000000a001ffe8        0x4 /usr/lib/arm-none-eabi/lib/libc.a(lib_a-locale.o)
                0x00000000a001ffe8                __mlocale_changed
 .bss           0x00000000a001ffec        0x0 /usr/lib/arm-none-eabi/lib/libc.a(lib_a-lseekr.o)
 .bss           0x00000000a001ffec        0x0 /usr/lib/arm-none-eabi/lib/libc.a(lib_a-makebuf.o)
 .bss           0x00000000a001ffec        0x0 /usr/lib/arm-none-eabi/lib/libc.a(lib_a-mbrtowc.o)
 .bss           0x00000000a001ffec        0x0 /usr/lib/arm-none-eabi/lib/libc.a(lib_a-mbtowc_r.o)
 .bss           0x00000000a001ffec        0x0 /usr/lib/arm-none-eabi/lib/libc.a(lib_a-memchr-stub.o)
 .bss           0x00000000a001ffec        0x0 /usr/lib/arm-none-eabi/lib/libc.a(lib_a-memmove.o)
 .bss           0x00000000a001ffec        0x0 /usr/lib/arm-none-eabi/lib/libc.a(lib_a-mprec.o)
 .bss           0x00000000a001ffec        0x0 /usr/lib/arm-none-eabi/lib/libc.a(lib_a-putc.o)
 .bss           0x00000000a001ffec        0x0 /usr/lib/arm-none-eabi/lib/libc.a(lib_a-readr.o)
 .bss           0x00000000a001ffec        0x0 /usr/lib/arm-none-eabi/lib/libc.a(lib_a-reallocr.o)
 .bss           0x00000000a001ffec        0x0 /usr/lib/arm-none-eabi/lib/libc.a(lib_a-reent.o)
 .bss           0x00000000a001ffec        0x0 /usr/lib/arm-none-eabi/lib/libc.a(lib_a-s_fpclassify.o)
 .bss           0x00000000a001ffec        0x0 /usr/lib/arm-none-eabi/lib/libc.a(lib_a-sccl.o)
 .bss           0x00000000a001ffec        0x0 /usr/lib/arm-none-eabi/lib/libc.a(lib_a-sf_nan.o)
 .bss           0x00000000a001ffec        0x0 /usr/lib/arm-none-eabi/lib/libc.a(lib_a-sprintf.o)
 .bss           0x00000000a001ffec        0x0 /usr/lib/arm-none-eabi/lib/libc.a(lib_a-strcmp.o)
 .bss           0x00000000a001ffec        0x0 /usr/lib/arm-none-eabi/lib/libc.a(lib_a-strtod.o)
 .bss           0x00000000a001ffec        0x0 /usr/lib/arm-none-eabi/lib/libc.a(lib_a-strtol.o)
 .bss           0x00000000a001ffec        0x0 /usr/lib/arm-none-eabi/lib/libc.a(lib_a-strtoll_r.o)
 .bss           0x00000000a001ffec        0x0 /usr/lib/arm-none-eabi/lib/libc.a(lib_a-strtoul.o)
 .bss           0x00000000a001ffec        0x0 /usr/lib/arm-none-eabi/lib/libc.a(lib_a-strtoull_r.o)
 .bss           0x00000000a001ffec        0x0 /usr/lib/arm-none-eabi/lib/libc.a(lib_a-svfiscanf.o)
 .bss           0x00000000a001ffec        0x0 /usr/lib/arm-none-eabi/lib/libc.a(lib_a-svfprintf.o)
 .bss           0x00000000a001ffec        0x0 /usr/lib/arm-none-eabi/lib/libc.a(lib_a-ungetc.o)
 .bss           0x00000000a001ffec        0x0 /usr/lib/arm-none-eabi/lib/libc.a(lib_a-vfiprintf.o)
 .bss           0x00000000a001ffec        0x0 /usr/lib/arm-none-eabi/lib/libc.a(lib_a-wbuf.o)
 .bss           0x00000000a001ffec        0x0 /usr/lib/arm-none-eabi/lib/libc.a(lib_a-fclose.o)
 .bss           0x00000000a001ffec        0x0 /usr/lib/arm-none-eabi/lib/libc.a(lib_a-fputwc.o)
 .bss           0x00000000a001ffec        0x0 /usr/lib/arm-none-eabi/lib/libc.a(lib_a-fstatr.o)
 .bss           0x00000000a001ffec        0x0 /usr/lib/arm-none-eabi/lib/libc.a(lib_a-gdtoa-gethex.o)
 .bss           0x00000000a001ffec        0x0 /usr/lib/arm-none-eabi/lib/libc.a(lib_a-gdtoa-hexnan.o)
 .bss           0x00000000a001ffec        0x0 /usr/lib/arm-none-eabi/lib/libc.a(lib_a-isattyr.o)
 .bss           0x00000000a001ffec        0x0 /usr/lib/arm-none-eabi/lib/libc.a(lib_a-strncmp.o)
 .bss           0x00000000a001ffec        0x0 /usr/lib/arm-none-eabi/lib/libc.a(lib_a-svfiprintf.o)
 .bss           0x00000000a001ffec        0x0 /usr/lib/arm-none-eabi/lib/libc.a(lib_a-wcrtomb.o)
 .bss           0x00000000a001ffec        0x0 /usr/lib/arm-none-eabi/lib/libc.a(lib_a-wctomb_r.o)
 .bss           0x00000000a001ffec        0x0 /usr/lib/gcc/arm-none-eabi/4.8.2/libgcc.a(_udivsi3.o)
 .bss           0x00000000a001ffec        0x0 /usr/lib/gcc/arm-none-eabi/4.8.2/libgcc.a(_divsi3.o)
 .bss           0x00000000a001ffec        0x0 /usr/lib/gcc/arm-none-eabi/4.8.2/libgcc.a(_dvmd_tls.o)
 .bss           0x00000000a001ffec        0x0 /usr/lib/gcc/arm-none-eabi/4.8.2/libgcc.a(_arm_addsubdf3.o)
 .bss           0x00000000a001ffec        0x0 /usr/lib/gcc/arm-none-eabi/4.8.2/libgcc.a(_arm_muldivdf3.o)
 .bss           0x00000000a001ffec        0x0 /usr/lib/gcc/arm-none-eabi/4.8.2/libgcc.a(_arm_cmpdf2.o)
 .bss           0x00000000a001ffec        0x0 /usr/lib/gcc/arm-none-eabi/4.8.2/libgcc.a(_arm_fixdfsi.o)
 .bss           0x00000000a001ffec        0x0 /usr/lib/gcc/arm-none-eabi/4.8.2/libgcc.a(_arm_fixunsdfsi.o)
 .bss           0x00000000a001ffec        0x0 /usr/lib/gcc/arm-none-eabi/4.8.2/libgcc.a(_arm_truncdfsf2.o)
 .bss           0x00000000a001ffec        0x0 /usr/lib/gcc/arm-none-eabi/4.8.2/libgcc.a(_aeabi_uldivmod.o)
 .bss           0x00000000a001ffec        0x0 /usr/lib/gcc/arm-none-eabi/4.8.2/libgcc.a(bpabi.o)
 .bss           0x00000000a001ffec        0x0 /usr/lib/gcc/arm-none-eabi/4.8.2/libgcc.a(_divdi3.o)
 .bss           0x00000000a001ffec        0x0 /usr/lib/gcc/arm-none-eabi/4.8.2/libgcc.a(_udivdi3.o)
 .bss           0x00000000a001ffec        0x0 /usr/lib/gcc/arm-none-eabi/4.8.2/libgcc.a(_clzsi2.o)
 .bss           0x00000000a001ffec        0x4 /home/samuel/workspace/se12/apf27/source/libapf27.a(apf27_syscall.o)
 .bss           0x00000000a001fff0        0x4 /home/samuel/workspace/se12/apf27/source/libapf27.a(imx27_serial.o)
 *(COMMON)
 COMMON         0x00000000a001fff4        0x4 /usr/lib/arm-none-eabi/lib/libc.a(lib_a-reent.o)
                0x00000000a001fff4                errno
                0x00000000a0020000                . = ALIGN (0x100)
 *fill*         0x00000000a001fff8        0x8 
                0x00000000a0020000                __bss_end__ = .
                0x00000000a0020000                _end = ALIGN (0x100)
                0x00000000a3f80000                _stack_bottom = ((ORIGIN (RAM) + 0x4000000) - C_STACK_SIZE)
                0x00000000a4000000                __c_stack_top__ = (ORIGIN (RAM) + 0x4000000)
OUTPUT(app_a elf32-littlearm)

.debug_info     0x0000000000000000    0x2c97d
 .debug_info    0x0000000000000000      0x453 .obj/apf27/main.o
 .debug_info    0x0000000000000453      0x4be .obj/apf27/spi.o
 .debug_info    0x0000000000000911      0x23d .obj/apf27/touchscreen.o
 .debug_info    0x0000000000000b4e      0x475 .obj/apf27/xpm.o
 .debug_info    0x0000000000000fc3       0x56 /home/samuel/workspace/se12/apf27/source/libapf27.a(crt0.o)
 .debug_info    0x0000000000001019      0x44e /home/samuel/workspace/se12/apf27/source/libapf27.a(imx27_clock.o)
 .debug_info    0x0000000000001467      0x5e2 /home/samuel/workspace/se12/apf27/source/libapf27.a(imx27_gpio.o)
 .debug_info    0x0000000000001a49      0x45a /home/samuel/workspace/se12/apf27/source/libapf27.a(imx27_lcdc.o)
 .debug_info    0x0000000000001ea3       0x59 /home/samuel/workspace/se12/apf27/source/libapf27.a(string2.o)
 .debug_info    0x0000000000001efc      0x8e2 /usr/lib/arm-none-eabi/lib/libc.a(lib_a-calloc.o)
 .debug_info    0x00000000000027de      0x9e0 /usr/lib/arm-none-eabi/lib/libc.a(lib_a-callocr.o)
 .debug_info    0x00000000000031be      0x894 /usr/lib/arm-none-eabi/lib/libc.a(lib_a-impure.o)
 .debug_info    0x0000000000003a52      0x915 /usr/lib/arm-none-eabi/lib/libc.a(lib_a-malloc.o)
 .debug_info    0x0000000000004367      0xd81 /usr/lib/arm-none-eabi/lib/libc.a(lib_a-mallocr.o)
 .debug_info    0x00000000000050e8      0x131 /usr/lib/arm-none-eabi/lib/libc.a(lib_a-memcpy-stub.o)
 .debug_info    0x0000000000005219      0x117 /usr/lib/arm-none-eabi/lib/libc.a(lib_a-memset.o)
 .debug_info    0x0000000000005330      0x8b4 /usr/lib/arm-none-eabi/lib/libc.a(lib_a-mlock.o)
 .debug_info    0x0000000000005be4      0x9ab /usr/lib/arm-none-eabi/lib/libc.a(lib_a-printf.o)
 .debug_info    0x000000000000658f      0x935 /usr/lib/arm-none-eabi/lib/libc.a(lib_a-putchar.o)
 .debug_info    0x0000000000006ec4      0xa16 /usr/lib/arm-none-eabi/lib/libc.a(lib_a-puts.o)
 .debug_info    0x00000000000078da      0xc63 /usr/lib/arm-none-eabi/lib/libc.a(lib_a-qsort.o)
 .debug_info    0x000000000000853d      0x8f4 /usr/lib/arm-none-eabi/lib/libc.a(lib_a-sbrkr.o)
 .debug_info    0x0000000000008e31      0xa37 /usr/lib/arm-none-eabi/lib/libc.a(lib_a-sscanf.o)
 .debug_info    0x0000000000009868      0xb89 /usr/lib/arm-none-eabi/lib/libc.a(lib_a-stdio.o)
 .debug_info    0x000000000000a3f1       0xb5 /usr/lib/arm-none-eabi/lib/libc.a(lib_a-strlen.o)
 .debug_info    0x000000000000a4a6     0x142b /usr/lib/arm-none-eabi/lib/libc.a(lib_a-svfscanf.o)
 .debug_info    0x000000000000b8d1     0x185a /usr/lib/arm-none-eabi/lib/libc.a(lib_a-vfprintf.o)
 .debug_info    0x000000000000d12b      0x929 /usr/lib/arm-none-eabi/lib/libc.a(lib_a-writer.o)
 .debug_info    0x000000000000da54      0x93b /usr/lib/arm-none-eabi/lib/libc.a(lib_a-wsetup.o)
 .debug_info    0x000000000000e38f      0x8e0 /usr/lib/arm-none-eabi/lib/libc.a(lib_a-closer.o)
 .debug_info    0x000000000000ec6f       0x6f /usr/lib/arm-none-eabi/lib/libc.a(lib_a-ctype_.o)
 .debug_info    0x000000000000ecde     0x1326 /usr/lib/arm-none-eabi/lib/libc.a(lib_a-dtoa.o)
 .debug_info    0x0000000000010004      0xab7 /usr/lib/arm-none-eabi/lib/libc.a(lib_a-fflush.o)
 .debug_info    0x0000000000010abb      0xd39 /usr/lib/arm-none-eabi/lib/libc.a(lib_a-findfp.o)
 .debug_info    0x00000000000117f4      0xc06 /usr/lib/arm-none-eabi/lib/libc.a(lib_a-freer.o)
 .debug_info    0x00000000000123fa      0xc4a /usr/lib/arm-none-eabi/lib/libc.a(lib_a-fvwrite.o)
 .debug_info    0x0000000000013044      0x99e /usr/lib/arm-none-eabi/lib/libc.a(lib_a-fwalk.o)
 .debug_info    0x00000000000139e2       0xc3 /usr/lib/arm-none-eabi/lib/libc.a(lib_a-iswspace.o)
 .debug_info    0x0000000000013aa5      0xbe5 /usr/lib/arm-none-eabi/lib/libc.a(lib_a-locale.o)
 .debug_info    0x000000000001468a      0x90c /usr/lib/arm-none-eabi/lib/libc.a(lib_a-lseekr.o)
 .debug_info    0x0000000000014f96      0xae6 /usr/lib/arm-none-eabi/lib/libc.a(lib_a-makebuf.o)
 .debug_info    0x0000000000015a7c      0xa8d /usr/lib/arm-none-eabi/lib/libc.a(lib_a-mbrtowc.o)
 .debug_info    0x0000000000016509      0x9ec /usr/lib/arm-none-eabi/lib/libc.a(lib_a-mbtowc_r.o)
 .debug_info    0x0000000000016ef5      0x129 /usr/lib/arm-none-eabi/lib/libc.a(lib_a-memchr-stub.o)
 .debug_info    0x000000000001701e      0x131 /usr/lib/arm-none-eabi/lib/libc.a(lib_a-memmove.o)
 .debug_info    0x000000000001714f     0x167e /usr/lib/arm-none-eabi/lib/libc.a(lib_a-mprec.o)
 .debug_info    0x00000000000187cd      0xa0a /usr/lib/arm-none-eabi/lib/libc.a(lib_a-putc.o)
 .debug_info    0x00000000000191d7      0x922 /usr/lib/arm-none-eabi/lib/libc.a(lib_a-readr.o)
 .debug_info    0x0000000000019af9      0xcd4 /usr/lib/arm-none-eabi/lib/libc.a(lib_a-reallocr.o)
 .debug_info    0x000000000001a7cd      0x9f9 /usr/lib/arm-none-eabi/lib/libc.a(lib_a-reent.o)
 .debug_info    0x000000000001b1c6       0xdb /usr/lib/arm-none-eabi/lib/libc.a(lib_a-s_fpclassify.o)
 .debug_info    0x000000000001b2a1       0xfb /usr/lib/arm-none-eabi/lib/libc.a(lib_a-sccl.o)
 .debug_info    0x000000000001b39c       0xce /usr/lib/arm-none-eabi/lib/libc.a(lib_a-sf_nan.o)
 .debug_info    0x000000000001b46a      0x9ee /usr/lib/arm-none-eabi/lib/libc.a(lib_a-sprintf.o)
 .debug_info    0x000000000001be58       0xa0 /usr/lib/arm-none-eabi/lib/libc.a(lib_a-strcmp.o)
 .debug_info    0x000000000001bef8     0x1804 /usr/lib/arm-none-eabi/lib/libc.a(lib_a-strtod.o)
 .debug_info    0x000000000001d6fc      0x9a9 /usr/lib/arm-none-eabi/lib/libc.a(lib_a-strtol.o)
 .debug_info    0x000000000001e0a5      0x939 /usr/lib/arm-none-eabi/lib/libc.a(lib_a-strtoll_r.o)
 .debug_info    0x000000000001e9de      0x9a9 /usr/lib/arm-none-eabi/lib/libc.a(lib_a-strtoul.o)
 .debug_info    0x000000000001f387      0x939 /usr/lib/arm-none-eabi/lib/libc.a(lib_a-strtoull_r.o)
 .debug_info    0x000000000001fcc0     0x11a4 /usr/lib/arm-none-eabi/lib/libc.a(lib_a-svfiscanf.o)
 .debug_info    0x0000000000020e64     0x1678 /usr/lib/arm-none-eabi/lib/libc.a(lib_a-svfprintf.o)
 .debug_info    0x00000000000224dc      0xa92 /usr/lib/arm-none-eabi/lib/libc.a(lib_a-ungetc.o)
 .debug_info    0x0000000000022f6e     0x1538 /usr/lib/arm-none-eabi/lib/libc.a(lib_a-vfiprintf.o)
 .debug_info    0x00000000000244a6      0x9cc /usr/lib/arm-none-eabi/lib/libc.a(lib_a-wbuf.o)
 .debug_info    0x0000000000024e72      0x9e5 /usr/lib/arm-none-eabi/lib/libc.a(lib_a-fclose.o)
 .debug_info    0x0000000000025857      0xac7 /usr/lib/arm-none-eabi/lib/libc.a(lib_a-fputwc.o)
 .debug_info    0x000000000002631e      0xa5e /usr/lib/arm-none-eabi/lib/libc.a(lib_a-fstatr.o)
 .debug_info    0x0000000000026d7c     0x10d5 /usr/lib/arm-none-eabi/lib/libc.a(lib_a-gdtoa-gethex.o)
 .debug_info    0x0000000000027e51      0x30a /usr/lib/arm-none-eabi/lib/libc.a(lib_a-gdtoa-hexnan.o)
 .debug_info    0x000000000002815b      0x8e0 /usr/lib/arm-none-eabi/lib/libc.a(lib_a-isattyr.o)
 .debug_info    0x0000000000028a3b       0xf5 /usr/lib/arm-none-eabi/lib/libc.a(lib_a-strncmp.o)
 .debug_info    0x0000000000028b30     0x1015 /usr/lib/arm-none-eabi/lib/libc.a(lib_a-svfiprintf.o)
 .debug_info    0x0000000000029b45      0xa77 /usr/lib/arm-none-eabi/lib/libc.a(lib_a-wcrtomb.o)
 .debug_info    0x000000000002a5bc      0x9b5 /usr/lib/arm-none-eabi/lib/libc.a(lib_a-wctomb_r.o)
 .debug_info    0x000000000002af71       0x94 /usr/lib/gcc/arm-none-eabi/4.8.2/libgcc.a(_udivsi3.o)
 .debug_info    0x000000000002b005       0x94 /usr/lib/gcc/arm-none-eabi/4.8.2/libgcc.a(_divsi3.o)
 .debug_info    0x000000000002b099       0x94 /usr/lib/gcc/arm-none-eabi/4.8.2/libgcc.a(_dvmd_tls.o)
 .debug_info    0x000000000002b12d       0x95 /usr/lib/gcc/arm-none-eabi/4.8.2/libgcc.a(_arm_addsubdf3.o)
 .debug_info    0x000000000002b1c2       0x95 /usr/lib/gcc/arm-none-eabi/4.8.2/libgcc.a(_arm_muldivdf3.o)
 .debug_info    0x000000000002b257       0x95 /usr/lib/gcc/arm-none-eabi/4.8.2/libgcc.a(_arm_cmpdf2.o)
 .debug_info    0x000000000002b2ec       0x95 /usr/lib/gcc/arm-none-eabi/4.8.2/libgcc.a(_arm_fixdfsi.o)
 .debug_info    0x000000000002b381       0x95 /usr/lib/gcc/arm-none-eabi/4.8.2/libgcc.a(_arm_fixunsdfsi.o)
 .debug_info    0x000000000002b416       0x95 /usr/lib/gcc/arm-none-eabi/4.8.2/libgcc.a(_arm_truncdfsf2.o)
 .debug_info    0x000000000002b4ab       0x90 /usr/lib/gcc/arm-none-eabi/4.8.2/libgcc.a(_aeabi_uldivmod.o)
 .debug_info    0x000000000002b53b      0x164 /usr/lib/gcc/arm-none-eabi/4.8.2/libgcc.a(bpabi.o)
 .debug_info    0x000000000002b69f      0x5bd /usr/lib/gcc/arm-none-eabi/4.8.2/libgcc.a(_divdi3.o)
 .debug_info    0x000000000002bc5c      0x57c /usr/lib/gcc/arm-none-eabi/4.8.2/libgcc.a(_udivdi3.o)
 .debug_info    0x000000000002c1d8       0x94 /usr/lib/gcc/arm-none-eabi/4.8.2/libgcc.a(_clzsi2.o)
 .debug_info    0x000000000002c26c      0x45d /home/samuel/workspace/se12/apf27/source/libapf27.a(apf27_syscall.o)
 .debug_info    0x000000000002c6c9      0x2b4 /home/samuel/workspace/se12/apf27/source/libapf27.a(imx27_serial.o)

.debug_abbrev   0x0000000000000000     0x94c5
 .debug_abbrev  0x0000000000000000      0x12f .obj/apf27/main.o
 .debug_abbrev  0x000000000000012f      0x158 .obj/apf27/spi.o
 .debug_abbrev  0x0000000000000287      0x103 .obj/apf27/touchscreen.o
 .debug_abbrev  0x000000000000038a      0x19f .obj/apf27/xpm.o
 .debug_abbrev  0x0000000000000529       0x14 /home/samuel/workspace/se12/apf27/source/libapf27.a(crt0.o)
 .debug_abbrev  0x000000000000053d      0x15a /home/samuel/workspace/se12/apf27/source/libapf27.a(imx27_clock.o)
 .debug_abbrev  0x0000000000000697      0x196 /home/samuel/workspace/se12/apf27/source/libapf27.a(imx27_gpio.o)
 .debug_abbrev  0x000000000000082d      0x180 /home/samuel/workspace/se12/apf27/source/libapf27.a(imx27_lcdc.o)
 .debug_abbrev  0x00000000000009ad       0x14 /home/samuel/workspace/se12/apf27/source/libapf27.a(string2.o)
 .debug_abbrev  0x00000000000009c1      0x1d9 /usr/lib/arm-none-eabi/lib/libc.a(lib_a-calloc.o)
 .debug_abbrev  0x0000000000000b9a      0x213 /usr/lib/arm-none-eabi/lib/libc.a(lib_a-callocr.o)
 .debug_abbrev  0x0000000000000dad      0x180 /usr/lib/arm-none-eabi/lib/libc.a(lib_a-impure.o)
 .debug_abbrev  0x0000000000000f2d      0x1f7 /usr/lib/arm-none-eabi/lib/libc.a(lib_a-malloc.o)
 .debug_abbrev  0x0000000000001124      0x2a2 /usr/lib/arm-none-eabi/lib/libc.a(lib_a-mallocr.o)
 .debug_abbrev  0x00000000000013c6       0xab /usr/lib/arm-none-eabi/lib/libc.a(lib_a-memcpy-stub.o)
 .debug_abbrev  0x0000000000001471       0x9f /usr/lib/arm-none-eabi/lib/libc.a(lib_a-memset.o)
 .debug_abbrev  0x0000000000001510      0x19a /usr/lib/arm-none-eabi/lib/libc.a(lib_a-mlock.o)
 .debug_abbrev  0x00000000000016aa      0x227 /usr/lib/arm-none-eabi/lib/libc.a(lib_a-printf.o)
 .debug_abbrev  0x00000000000018d1      0x1f7 /usr/lib/arm-none-eabi/lib/libc.a(lib_a-putchar.o)
 .debug_abbrev  0x0000000000001ac8      0x235 /usr/lib/arm-none-eabi/lib/libc.a(lib_a-puts.o)
 .debug_abbrev  0x0000000000001cfd      0x1c1 /usr/lib/arm-none-eabi/lib/libc.a(lib_a-qsort.o)
 .debug_abbrev  0x0000000000001ebe      0x1fd /usr/lib/arm-none-eabi/lib/libc.a(lib_a-sbrkr.o)
 .debug_abbrev  0x00000000000020bb      0x225 /usr/lib/arm-none-eabi/lib/libc.a(lib_a-sscanf.o)
 .debug_abbrev  0x00000000000022e0      0x22b /usr/lib/arm-none-eabi/lib/libc.a(lib_a-stdio.o)
 .debug_abbrev  0x000000000000250b       0x70 /usr/lib/arm-none-eabi/lib/libc.a(lib_a-strlen.o)
 .debug_abbrev  0x000000000000257b      0x2c8 /usr/lib/arm-none-eabi/lib/libc.a(lib_a-svfscanf.o)
 .debug_abbrev  0x0000000000002843      0x3cd /usr/lib/arm-none-eabi/lib/libc.a(lib_a-vfprintf.o)
 .debug_abbrev  0x0000000000002c10      0x1f4 /usr/lib/arm-none-eabi/lib/libc.a(lib_a-writer.o)
 .debug_abbrev  0x0000000000002e04      0x20b /usr/lib/arm-none-eabi/lib/libc.a(lib_a-wsetup.o)
 .debug_abbrev  0x000000000000300f      0x1ef /usr/lib/arm-none-eabi/lib/libc.a(lib_a-closer.o)
 .debug_abbrev  0x00000000000031fe       0x4e /usr/lib/arm-none-eabi/lib/libc.a(lib_a-ctype_.o)
 .debug_abbrev  0x000000000000324c      0x2da /usr/lib/arm-none-eabi/lib/libc.a(lib_a-dtoa.o)
 .debug_abbrev  0x0000000000003526      0x28d /usr/lib/arm-none-eabi/lib/libc.a(lib_a-fflush.o)
 .debug_abbrev  0x00000000000037b3      0x339 /usr/lib/arm-none-eabi/lib/libc.a(lib_a-findfp.o)
 .debug_abbrev  0x0000000000003aec      0x26b /usr/lib/arm-none-eabi/lib/libc.a(lib_a-freer.o)
 .debug_abbrev  0x0000000000003d57      0x247 /usr/lib/arm-none-eabi/lib/libc.a(lib_a-fvwrite.o)
 .debug_abbrev  0x0000000000003f9e      0x1c2 /usr/lib/arm-none-eabi/lib/libc.a(lib_a-fwalk.o)
 .debug_abbrev  0x0000000000004160       0x83 /usr/lib/arm-none-eabi/lib/libc.a(lib_a-iswspace.o)
 .debug_abbrev  0x00000000000041e3      0x2a3 /usr/lib/arm-none-eabi/lib/libc.a(lib_a-locale.o)
 .debug_abbrev  0x0000000000004486      0x1fe /usr/lib/arm-none-eabi/lib/libc.a(lib_a-lseekr.o)
 .debug_abbrev  0x0000000000004684      0x206 /usr/lib/arm-none-eabi/lib/libc.a(lib_a-makebuf.o)
 .debug_abbrev  0x000000000000488a      0x213 /usr/lib/arm-none-eabi/lib/libc.a(lib_a-mbrtowc.o)
 .debug_abbrev  0x0000000000004a9d      0x212 /usr/lib/arm-none-eabi/lib/libc.a(lib_a-mbtowc_r.o)
 .debug_abbrev  0x0000000000004caf       0xba /usr/lib/arm-none-eabi/lib/libc.a(lib_a-memchr-stub.o)
 .debug_abbrev  0x0000000000004d69       0xab /usr/lib/arm-none-eabi/lib/libc.a(lib_a-memmove.o)
 .debug_abbrev  0x0000000000004e14      0x3bd /usr/lib/arm-none-eabi/lib/libc.a(lib_a-mprec.o)
 .debug_abbrev  0x00000000000051d1      0x229 /usr/lib/arm-none-eabi/lib/libc.a(lib_a-putc.o)
 .debug_abbrev  0x00000000000053fa      0x1ef /usr/lib/arm-none-eabi/lib/libc.a(lib_a-readr.o)
 .debug_abbrev  0x00000000000055e9      0x25b /usr/lib/arm-none-eabi/lib/libc.a(lib_a-reallocr.o)
 .debug_abbrev  0x0000000000005844      0x258 /usr/lib/arm-none-eabi/lib/libc.a(lib_a-reent.o)
 .debug_abbrev  0x0000000000005a9c       0x6f /usr/lib/arm-none-eabi/lib/libc.a(lib_a-s_fpclassify.o)
 .debug_abbrev  0x0000000000005b0b       0x87 /usr/lib/arm-none-eabi/lib/libc.a(lib_a-sccl.o)
 .debug_abbrev  0x0000000000005b92       0x72 /usr/lib/arm-none-eabi/lib/libc.a(lib_a-sf_nan.o)
 .debug_abbrev  0x0000000000005c04      0x218 /usr/lib/arm-none-eabi/lib/libc.a(lib_a-sprintf.o)
 .debug_abbrev  0x0000000000005e1c       0x14 /usr/lib/arm-none-eabi/lib/libc.a(lib_a-strcmp.o)
 .debug_abbrev  0x0000000000005e30      0x3e5 /usr/lib/arm-none-eabi/lib/libc.a(lib_a-strtod.o)
 .debug_abbrev  0x0000000000006215      0x214 /usr/lib/arm-none-eabi/lib/libc.a(lib_a-strtol.o)
 .debug_abbrev  0x0000000000006429      0x1be /usr/lib/arm-none-eabi/lib/libc.a(lib_a-strtoll_r.o)
 .debug_abbrev  0x00000000000065e7      0x214 /usr/lib/arm-none-eabi/lib/libc.a(lib_a-strtoul.o)
 .debug_abbrev  0x00000000000067fb      0x1be /usr/lib/arm-none-eabi/lib/libc.a(lib_a-strtoull_r.o)
 .debug_abbrev  0x00000000000069b9      0x346 /usr/lib/arm-none-eabi/lib/libc.a(lib_a-svfiscanf.o)
 .debug_abbrev  0x0000000000006cff      0x36f /usr/lib/arm-none-eabi/lib/libc.a(lib_a-svfprintf.o)
 .debug_abbrev  0x000000000000706e      0x26f /usr/lib/arm-none-eabi/lib/libc.a(lib_a-ungetc.o)
 .debug_abbrev  0x00000000000072dd      0x3cb /usr/lib/arm-none-eabi/lib/libc.a(lib_a-vfiprintf.o)
 .debug_abbrev  0x00000000000076a8      0x25b /usr/lib/arm-none-eabi/lib/libc.a(lib_a-wbuf.o)
 .debug_abbrev  0x0000000000007903      0x273 /usr/lib/arm-none-eabi/lib/libc.a(lib_a-fclose.o)
 .debug_abbrev  0x0000000000007b76      0x2a1 /usr/lib/arm-none-eabi/lib/libc.a(lib_a-fputwc.o)
 .debug_abbrev  0x0000000000007e17      0x1fe /usr/lib/arm-none-eabi/lib/libc.a(lib_a-fstatr.o)
 .debug_abbrev  0x0000000000008015      0x31b /usr/lib/arm-none-eabi/lib/libc.a(lib_a-gdtoa-gethex.o)
 .debug_abbrev  0x0000000000008330      0x165 /usr/lib/arm-none-eabi/lib/libc.a(lib_a-gdtoa-hexnan.o)
 .debug_abbrev  0x0000000000008495      0x1ef /usr/lib/arm-none-eabi/lib/libc.a(lib_a-isattyr.o)
 .debug_abbrev  0x0000000000008684       0x81 /usr/lib/arm-none-eabi/lib/libc.a(lib_a-strncmp.o)
 .debug_abbrev  0x0000000000008705      0x2c5 /usr/lib/arm-none-eabi/lib/libc.a(lib_a-svfiprintf.o)
 .debug_abbrev  0x00000000000089ca      0x213 /usr/lib/arm-none-eabi/lib/libc.a(lib_a-wcrtomb.o)
 .debug_abbrev  0x0000000000008bdd      0x212 /usr/lib/arm-none-eabi/lib/libc.a(lib_a-wctomb_r.o)
 .debug_abbrev  0x0000000000008def       0x14 /usr/lib/gcc/arm-none-eabi/4.8.2/libgcc.a(_udivsi3.o)
 .debug_abbrev  0x0000000000008e03       0x14 /usr/lib/gcc/arm-none-eabi/4.8.2/libgcc.a(_divsi3.o)
 .debug_abbrev  0x0000000000008e17       0x14 /usr/lib/gcc/arm-none-eabi/4.8.2/libgcc.a(_dvmd_tls.o)
 .debug_abbrev  0x0000000000008e2b       0x14 /usr/lib/gcc/arm-none-eabi/4.8.2/libgcc.a(_arm_addsubdf3.o)
 .debug_abbrev  0x0000000000008e3f       0x14 /usr/lib/gcc/arm-none-eabi/4.8.2/libgcc.a(_arm_muldivdf3.o)
 .debug_abbrev  0x0000000000008e53       0x14 /usr/lib/gcc/arm-none-eabi/4.8.2/libgcc.a(_arm_cmpdf2.o)
 .debug_abbrev  0x0000000000008e67       0x14 /usr/lib/gcc/arm-none-eabi/4.8.2/libgcc.a(_arm_fixdfsi.o)
 .debug_abbrev  0x0000000000008e7b       0x14 /usr/lib/gcc/arm-none-eabi/4.8.2/libgcc.a(_arm_fixunsdfsi.o)
 .debug_abbrev  0x0000000000008e8f       0x14 /usr/lib/gcc/arm-none-eabi/4.8.2/libgcc.a(_arm_truncdfsf2.o)
 .debug_abbrev  0x0000000000008ea3       0x14 /usr/lib/gcc/arm-none-eabi/4.8.2/libgcc.a(_aeabi_uldivmod.o)
 .debug_abbrev  0x0000000000008eb7       0xb7 /usr/lib/gcc/arm-none-eabi/4.8.2/libgcc.a(bpabi.o)
 .debug_abbrev  0x0000000000008f6e      0x165 /usr/lib/gcc/arm-none-eabi/4.8.2/libgcc.a(_divdi3.o)
 .debug_abbrev  0x00000000000090d3      0x154 /usr/lib/gcc/arm-none-eabi/4.8.2/libgcc.a(_udivdi3.o)
 .debug_abbrev  0x0000000000009227       0x14 /usr/lib/gcc/arm-none-eabi/4.8.2/libgcc.a(_clzsi2.o)
 .debug_abbrev  0x000000000000923b      0x135 /home/samuel/workspace/se12/apf27/source/libapf27.a(apf27_syscall.o)
 .debug_abbrev  0x0000000000009370      0x155 /home/samuel/workspace/se12/apf27/source/libapf27.a(imx27_serial.o)

.debug_aranges  0x0000000000000000      0xdd0
 .debug_aranges
                0x0000000000000000       0x20 .obj/apf27/main.o
 .debug_aranges
                0x0000000000000020       0x20 .obj/apf27/spi.o
 .debug_aranges
                0x0000000000000040       0x20 .obj/apf27/touchscreen.o
 .debug_aranges
                0x0000000000000060       0x20 .obj/apf27/xpm.o
 .debug_aranges
                0x0000000000000080       0x20 /home/samuel/workspace/se12/apf27/source/libapf27.a(crt0.o)
 .debug_aranges
                0x00000000000000a0       0x20 /home/samuel/workspace/se12/apf27/source/libapf27.a(imx27_clock.o)
 .debug_aranges
                0x00000000000000c0       0x20 /home/samuel/workspace/se12/apf27/source/libapf27.a(imx27_gpio.o)
 .debug_aranges
                0x00000000000000e0       0x20 /home/samuel/workspace/se12/apf27/source/libapf27.a(imx27_lcdc.o)
 .debug_aranges
                0x0000000000000100       0x20 /home/samuel/workspace/se12/apf27/source/libapf27.a(string2.o)
 .debug_aranges
                0x0000000000000120       0x20 /usr/lib/arm-none-eabi/lib/libc.a(lib_a-calloc.o)
 .debug_aranges
                0x0000000000000140       0x20 /usr/lib/arm-none-eabi/lib/libc.a(lib_a-callocr.o)
 .debug_aranges
                0x0000000000000160       0x18 /usr/lib/arm-none-eabi/lib/libc.a(lib_a-impure.o)
 .debug_aranges
                0x0000000000000178       0x28 /usr/lib/arm-none-eabi/lib/libc.a(lib_a-malloc.o)
 .debug_aranges
                0x00000000000001a0       0x20 /usr/lib/arm-none-eabi/lib/libc.a(lib_a-mallocr.o)
 .debug_aranges
                0x00000000000001c0       0x20 /usr/lib/arm-none-eabi/lib/libc.a(lib_a-memcpy-stub.o)
 .debug_aranges
                0x00000000000001e0       0x20 /usr/lib/arm-none-eabi/lib/libc.a(lib_a-memset.o)
 .debug_aranges
                0x0000000000000200       0x28 /usr/lib/arm-none-eabi/lib/libc.a(lib_a-mlock.o)
 .debug_aranges
                0x0000000000000228       0x28 /usr/lib/arm-none-eabi/lib/libc.a(lib_a-printf.o)
 .debug_aranges
                0x0000000000000250       0x28 /usr/lib/arm-none-eabi/lib/libc.a(lib_a-putchar.o)
 .debug_aranges
                0x0000000000000278       0x28 /usr/lib/arm-none-eabi/lib/libc.a(lib_a-puts.o)
 .debug_aranges
                0x00000000000002a0       0x20 /usr/lib/arm-none-eabi/lib/libc.a(lib_a-qsort.o)
 .debug_aranges
                0x00000000000002c0       0x20 /usr/lib/arm-none-eabi/lib/libc.a(lib_a-sbrkr.o)
 .debug_aranges
                0x00000000000002e0       0x28 /usr/lib/arm-none-eabi/lib/libc.a(lib_a-sscanf.o)
 .debug_aranges
                0x0000000000000308       0x40 /usr/lib/arm-none-eabi/lib/libc.a(lib_a-stdio.o)
 .debug_aranges
                0x0000000000000348       0x20 /usr/lib/arm-none-eabi/lib/libc.a(lib_a-strlen.o)
 .debug_aranges
                0x0000000000000368       0x20 /usr/lib/arm-none-eabi/lib/libc.a(lib_a-svfscanf.o)
 .debug_aranges
                0x0000000000000388       0x30 /usr/lib/arm-none-eabi/lib/libc.a(lib_a-vfprintf.o)
 .debug_aranges
                0x00000000000003b8       0x20 /usr/lib/arm-none-eabi/lib/libc.a(lib_a-writer.o)
 .debug_aranges
                0x00000000000003d8       0x20 /usr/lib/arm-none-eabi/lib/libc.a(lib_a-wsetup.o)
 .debug_aranges
                0x00000000000003f8       0x20 /usr/lib/arm-none-eabi/lib/libc.a(lib_a-closer.o)
 .debug_aranges
                0x0000000000000418       0x18 /usr/lib/arm-none-eabi/lib/libc.a(lib_a-ctype_.o)
 .debug_aranges
                0x0000000000000430       0x28 /usr/lib/arm-none-eabi/lib/libc.a(lib_a-dtoa.o)
 .debug_aranges
                0x0000000000000458       0x30 /usr/lib/arm-none-eabi/lib/libc.a(lib_a-fflush.o)
 .debug_aranges
                0x0000000000000488       0x80 /usr/lib/arm-none-eabi/lib/libc.a(lib_a-findfp.o)
 .debug_aranges
                0x0000000000000508       0x28 /usr/lib/arm-none-eabi/lib/libc.a(lib_a-freer.o)
 .debug_aranges
                0x0000000000000530       0x20 /usr/lib/arm-none-eabi/lib/libc.a(lib_a-fvwrite.o)
 .debug_aranges
                0x0000000000000550       0x28 /usr/lib/arm-none-eabi/lib/libc.a(lib_a-fwalk.o)
 .debug_aranges
                0x0000000000000578       0x20 /usr/lib/arm-none-eabi/lib/libc.a(lib_a-iswspace.o)
 .debug_aranges
                0x0000000000000598       0x58 /usr/lib/arm-none-eabi/lib/libc.a(lib_a-locale.o)
 .debug_aranges
                0x00000000000005f0       0x20 /usr/lib/arm-none-eabi/lib/libc.a(lib_a-lseekr.o)
 .debug_aranges
                0x0000000000000610       0x20 /usr/lib/arm-none-eabi/lib/libc.a(lib_a-makebuf.o)
 .debug_aranges
                0x0000000000000630       0x28 /usr/lib/arm-none-eabi/lib/libc.a(lib_a-mbrtowc.o)
 .debug_aranges
                0x0000000000000658       0x28 /usr/lib/arm-none-eabi/lib/libc.a(lib_a-mbtowc_r.o)
 .debug_aranges
                0x0000000000000680       0x20 /usr/lib/arm-none-eabi/lib/libc.a(lib_a-memchr-stub.o)
 .debug_aranges
                0x00000000000006a0       0x20 /usr/lib/arm-none-eabi/lib/libc.a(lib_a-memmove.o)
 .debug_aranges
                0x00000000000006c0       0xb0 /usr/lib/arm-none-eabi/lib/libc.a(lib_a-mprec.o)
 .debug_aranges
                0x0000000000000770       0x28 /usr/lib/arm-none-eabi/lib/libc.a(lib_a-putc.o)
 .debug_aranges
                0x0000000000000798       0x20 /usr/lib/arm-none-eabi/lib/libc.a(lib_a-readr.o)
 .debug_aranges
                0x00000000000007b8       0x20 /usr/lib/arm-none-eabi/lib/libc.a(lib_a-reallocr.o)
 .debug_aranges
                0x00000000000007d8       0x28 /usr/lib/arm-none-eabi/lib/libc.a(lib_a-reent.o)
 .debug_aranges
                0x0000000000000800       0x20 /usr/lib/arm-none-eabi/lib/libc.a(lib_a-s_fpclassify.o)
 .debug_aranges
                0x0000000000000820       0x20 /usr/lib/arm-none-eabi/lib/libc.a(lib_a-sccl.o)
 .debug_aranges
                0x0000000000000840       0x20 /usr/lib/arm-none-eabi/lib/libc.a(lib_a-sf_nan.o)
 .debug_aranges
                0x0000000000000860       0x28 /usr/lib/arm-none-eabi/lib/libc.a(lib_a-sprintf.o)
 .debug_aranges
                0x0000000000000888       0x20 /usr/lib/arm-none-eabi/lib/libc.a(lib_a-strcmp.o)
 .debug_aranges
                0x00000000000008a8       0x38 /usr/lib/arm-none-eabi/lib/libc.a(lib_a-strtod.o)
 .debug_aranges
                0x00000000000008e0       0x28 /usr/lib/arm-none-eabi/lib/libc.a(lib_a-strtol.o)
 .debug_aranges
                0x0000000000000908       0x20 /usr/lib/arm-none-eabi/lib/libc.a(lib_a-strtoll_r.o)
 .debug_aranges
                0x0000000000000928       0x28 /usr/lib/arm-none-eabi/lib/libc.a(lib_a-strtoul.o)
 .debug_aranges
                0x0000000000000950       0x20 /usr/lib/arm-none-eabi/lib/libc.a(lib_a-strtoull_r.o)
 .debug_aranges
                0x0000000000000970       0x38 /usr/lib/arm-none-eabi/lib/libc.a(lib_a-svfiscanf.o)
 .debug_aranges
                0x00000000000009a8       0x20 /usr/lib/arm-none-eabi/lib/libc.a(lib_a-svfprintf.o)
 .debug_aranges