Archive member included because of file (symbol)

./libs/liblibs.a(interrupt_asm.o)
                              .obj/apf27/main.o (interrupt_enable)
./libs/liblibs.a(aitc.o)      .obj/apf27/main.o (aitc_init)
./libs/liblibs.a(binary_xpm.o)
                              .obj/apf27/main.o (binary_convert_xpm_image)
./libs/liblibs.a(exception.o)
                              .obj/apf27/main.o (exception_init)
./libs/liblibs.a(gpt.o)       .obj/apf27/main.o (gpt_enable)
./libs/liblibs.a(interrupt.o)
                              ./libs/liblibs.a(interrupt_asm.o) (interrupt_process)
./libs/liblibs.a(linear_xpm.o)
                              .obj/apf27/main.o (linear_convert_xpm_image)
/home/samuel/workspace/se12/apf27/source/libapf27.a(crt0.o)
                              (_start)
/home/samuel/workspace/se12/apf27/source/libapf27.a(imx27_mmu_asm.o)
                              .obj/apf27/main.o (imx27_mmu_enable_icache)
/home/samuel/workspace/se12/apf27/source/libapf27.a(imx27_gpio.o)
                              .obj/apf27/main.o (imx27_gpio_init)
/home/samuel/workspace/se12/apf27/source/libapf27.a(imx27_lcdc.o)
                              .obj/apf27/main.o (imx27_lcdc_init)
/home/samuel/workspace/se12/apf27/source/libapf27.a(imx27_mmu.o)
                              .obj/apf27/main.o (imx27_mmu_init)
/home/samuel/workspace/se12/apf27/source/libapf27.a(string2.o)
                              /home/samuel/workspace/se12/apf27/source/libapf27.a(imx27_lcdc.o) (string_copy_short)
/home/samuel/workspace/se12/apf27/source/libapf27.a(imx27_clock.o)
                              /home/samuel/workspace/se12/apf27/source/libapf27.a(imx27_lcdc.o) (imx27_clock_get_perclk3)
/usr/lib/arm-none-eabi/lib/libc.a(lib_a-calloc.o)
                              ./libs/liblibs.a(binary_xpm.o) (calloc)
/usr/lib/arm-none-eabi/lib/libc.a(lib_a-callocr.o)
                              /usr/lib/arm-none-eabi/lib/libc.a(lib_a-calloc.o) (_calloc_r)
/usr/lib/arm-none-eabi/lib/libc.a(lib_a-impure.o)
                              /usr/lib/arm-none-eabi/lib/libc.a(lib_a-calloc.o) (_impure_ptr)
/usr/lib/arm-none-eabi/lib/libc.a(lib_a-malloc.o)
                              ./libs/liblibs.a(binary_xpm.o) (malloc)
/usr/lib/arm-none-eabi/lib/libc.a(lib_a-mallocr.o)
                              /usr/lib/arm-none-eabi/lib/libc.a(lib_a-callocr.o) (_malloc_r)
/usr/lib/arm-none-eabi/lib/libc.a(lib_a-memcpy-stub.o)
                              .obj/apf27/main.o (memcpy)
/usr/lib/arm-none-eabi/lib/libc.a(lib_a-memset.o)
                              ./libs/liblibs.a(gpt.o) (memset)
/usr/lib/arm-none-eabi/lib/libc.a(lib_a-mlock.o)
                              /usr/lib/arm-none-eabi/lib/libc.a(lib_a-mallocr.o) (__malloc_lock)
/usr/lib/arm-none-eabi/lib/libc.a(lib_a-printf.o)
                              .obj/apf27/main.o (printf)
/usr/lib/arm-none-eabi/lib/libc.a(lib_a-putchar.o)
                              .obj/apf27/main.o (putchar)
/usr/lib/arm-none-eabi/lib/libc.a(lib_a-puts.o)
                              .obj/apf27/main.o (puts)
/usr/lib/arm-none-eabi/lib/libc.a(lib_a-qsort.o)
                              ./libs/liblibs.a(binary_xpm.o) (qsort)
/usr/lib/arm-none-eabi/lib/libc.a(lib_a-sbrkr.o)
                              /usr/lib/arm-none-eabi/lib/libc.a(lib_a-mallocr.o) (_sbrk_r)
/usr/lib/arm-none-eabi/lib/libc.a(lib_a-sscanf.o)
                              ./libs/liblibs.a(binary_xpm.o) (sscanf)
/usr/lib/arm-none-eabi/lib/libc.a(lib_a-stdio.o)
                              /usr/lib/arm-none-eabi/lib/libc.a(lib_a-sscanf.o) (__seofread)
/usr/lib/arm-none-eabi/lib/libc.a(lib_a-strlen.o)
                              /usr/lib/arm-none-eabi/lib/libc.a(lib_a-puts.o) (strlen)
/usr/lib/arm-none-eabi/lib/libc.a(lib_a-svfscanf.o)
                              /usr/lib/arm-none-eabi/lib/libc.a(lib_a-sscanf.o) (__ssvfscanf_r)
/usr/lib/arm-none-eabi/lib/libc.a(lib_a-vfprintf.o)
                              /usr/lib/arm-none-eabi/lib/libc.a(lib_a-printf.o) (_vfprintf_r)
/usr/lib/arm-none-eabi/lib/libc.a(lib_a-writer.o)
                              /usr/lib/arm-none-eabi/lib/libc.a(lib_a-stdio.o) (_write_r)
/usr/lib/arm-none-eabi/lib/libc.a(lib_a-wsetup.o)
                              /usr/lib/arm-none-eabi/lib/libc.a(lib_a-vfprintf.o) (__swsetup_r)
/usr/lib/arm-none-eabi/lib/libc.a(lib_a-closer.o)
                              /usr/lib/arm-none-eabi/lib/libc.a(lib_a-stdio.o) (_close_r)
/usr/lib/arm-none-eabi/lib/libc.a(lib_a-ctype_.o)
                              /usr/lib/arm-none-eabi/lib/libc.a(lib_a-svfscanf.o) (__ctype_ptr__)
/usr/lib/arm-none-eabi/lib/libc.a(lib_a-dtoa.o)
                              /usr/lib/arm-none-eabi/lib/libc.a(lib_a-vfprintf.o) (_dtoa_r)
/usr/lib/arm-none-eabi/lib/libc.a(lib_a-fflush.o)
                              /usr/lib/arm-none-eabi/lib/libc.a(lib_a-vfprintf.o) (_fflush_r)
/usr/lib/arm-none-eabi/lib/libc.a(lib_a-findfp.o)
[...]
Memory Configuration

Name             Origin             Length             Attributes
RAM              0x00000000a0000000 0x0000000004000000 xrw
*default*        0x0000000000000000 0xffffffffffffffff

Linker script and memory map

LOAD .obj/apf27/main.o
START GROUP
LOAD ./libs/liblibs.a
LOAD /home/samuel/workspace/se12/apf27/source/libapf27.a
LOAD /usr/lib/arm-none-eabi/lib/libc.a
LOAD /usr/lib/gcc/arm-none-eabi/4.8.2/libgcc.a
LOAD /usr/lib/arm-none-eabi/lib/libm.a
END GROUP
                0x0000000000080000                C_STACK_SIZE = 0x80000

.text           0x00000000a0000000    0x18988
                0x00000000a0000100                . = (. + 0x100)
 *fill*         0x00000000a0000000      0x100 
 *(.text_startup)
 .text_startup  0x00000000a0000100       0x58 /home/samuel/workspace/se12/apf27/source/libapf27.a(crt0.o)
                0x00000000a0000100                _start
                0x00000000a0000200                . = ALIGN (0x100)
 *fill*         0x00000000a0000158       0xa8 
 *(.text*)
 .text          0x00000000a0000200      0xb3c .obj/apf27/main.o
                0x00000000a0000200                display_image
                0x00000000a00002e8                increment_timer
                0x00000000a0000318                main
 .text          0x00000000a0000d3c       0xe8 ./libs/liblibs.a(interrupt_asm.o)
                0x00000000a0000d3c                interrupt_init_sp
                0x00000000a0000d54                interrupt_enable
                0x00000000a0000d68                interrupt_disable
                0x00000000a0000d7c                interrupt_undef_handler
                0x00000000a0000d98                interrupt_swi_handler
                0x00000000a0000db4                interrupt_prefetch_handler
                0x00000000a0000dd0                interrupt_data_handler
                0x00000000a0000dec                interrupt_irq_handler
                0x00000000a0000e08                interrupt_fiq_handler
 .text          0x00000000a0000e24      0x43c ./libs/liblibs.a(aitc.o)
                0x00000000a0000ebc                aitc_init
                0x00000000a0000f94                aitc_attach
                0x00000000a00010f0                aitc_detach
                0x00000000a000117c                aitc_force
 .text          0x00000000a0001260      0x670 ./libs/liblibs.a(binary_xpm.o)
                0x00000000a0001658                binary_compareColorCode
                0x00000000a00016a0                binary_convert_xpm_image
 .text          0x00000000a00018d0       0xac ./libs/liblibs.a(exception.o)
                0x00000000a000191c                exception_init
 .text          0x00000000a000197c      0x41c ./libs/liblibs.a(gpt.o)
                0x00000000a000197c                gpt_isr
                0x00000000a00019d0                gpt_enable
                0x00000000a0001c14                gpt_disable
                0x00000000a0001d78                gpt_init
 .text          0x00000000a0001d98      0x220 ./libs/liblibs.a(interrupt.o)
                0x00000000a0001d98                interrupt_process
                0x00000000a0001e18                interrupt_init
                0x00000000a0001ef4                interrupt_attach
                0x00000000a0001f78                interrupt_detach
 .text          0x00000000a0001fb8      0x55c ./libs/liblibs.a(linear_xpm.o)
                0x00000000a0002300                linear_convert_xpm_image
 .text          0x00000000a0002514        0x0 /home/samuel/workspace/se12/apf27/source/libapf27.a(crt0.o)
 .text          0x00000000a0002514       0x68 /home/samuel/workspace/se12/apf27/source/libapf27.a(imx27_mmu_asm.o)
                0x00000000a0002514                imx27_mmu_disable_all
                0x00000000a000252c                imx27_mmu_invalidate_caches
                0x00000000a000253c                imx27_mmu_enable_icache
                0x00000000a000254c                imx27_mmu_enable_dcache
                0x00000000a000255c                imx27_mmu_enable
                0x00000000a000256c                imx27_mmu_set_ttbr
                0x00000000a0002574                imx27_mmu_set_dacr
 .text          0x00000000a000257c      0xf08 /home/samuel/workspace/se12/apf27/source/libapf27.a(imx27_gpio.o)
                0x00000000a000257c                imx27_gpio_isr
                0x00000000a0002730                imx27_gpio_init
                0x00000000a0002758                imx27_gpio_configure
                0x00000000a0002a60                imx27_gpio_getbits
                0x00000000a0002aec                imx27_gpio_setbits
                0x00000000a0002b48                imx27_gpio_resetbits
                0x00000000a0002ba8                imx27_gpio_attach
                0x00000000a0002f90                imx27_gpio_detach
                0x00000000a000316c                imx27_gpio_enable
                0x00000000a00031dc                imx27_gpio_disable
                0x00000000a000326c                imx27_gpio_configure_controller
 .text          0x00000000a0003484      0x9a4 /home/samuel/workspace/se12/apf27/source/libapf27.a(imx27_lcdc.o)
                0x00000000a00034c0                imx27_lcdc_init
                0x00000000a00036e4                imx27_lcdc_enable
                0x00000000a00036fc                imx27_lcdc_disable
                0x00000000a0003714                imx27_lcdc_clear_screen
                0x00000000a0003744                imx27_lcdc_display_icon
                0x00000000a00037ec                imx27_lcdc_get_bitmap
                0x00000000a0003810                imx27_lcdc_get_monitor
                0x00000000a0003834                imx27_lcdc_define_monitor_position
                0x00000000a0003934                imx27_lcdc_monitor_switch_on
                0x00000000a0003960                imx27_lcdc_monitor_switch_off
                0x00000000a0003988                lcdc_dump_regs
 .text          0x00000000a0003e28      0x104 /home/samuel/workspace/se12/apf27/source/libapf27.a(imx27_mmu.o)
                0x00000000a0003e28                imx27_mmu_create_translation_table
                0x00000000a0003edc                imx27_mmu_init
 .text          0x00000000a0003f2c       0x58 /home/samuel/workspace/se12/apf27/source/libapf27.a(string2.o)
                0x00000000a0003f2c                string_copy_long
                0x00000000a0003f44                string_copy_short
                0x00000000a0003f5c                string_set_long
                0x00000000a0003f70                string_set_short
 .text          0x00000000a0003f84      0x5e0 /home/samuel/workspace/se12/apf27/source/libapf27.a(imx27_clock.o)
                0x00000000a000419c                imx27_clock_get_ahbclk
                0x00000000a00041d4                imx27_clock_get_ipgclk
                0x00000000a00041f0                imx27_clock_get_perclk1
                0x00000000a0004224                imx27_clock_get_perclk2
                0x00000000a000425c                imx27_clock_get_perclk3
                0x00000000a0004294                imx27_clock_get_perclk4
                0x00000000a00042cc                imx27_clock_enable_line
                0x00000000a0004318                imx27_clock_disable_line
                0x00000000a0004368                imx27_clock_config_cpsi
                0x00000000a00043d4                imx27_clock_config_lcdc
                0x00000000a0004424                imx27_clock_enable_lcdc
                0x00000000a0004474                imx27_clock_disable_lcdc
                0x00000000a00044c4                imx27_clock_enable_fec
                0x00000000a0004514                imx27_clock_disable_fec
 .text          0x00000000a0004564        0x0 /usr/lib/arm-none-eabi/lib/libc.a(lib_a-calloc.o)
 .text.calloc   0x00000000a0004564       0x24 /usr/lib/arm-none-eabi/lib/libc.a(lib_a-calloc.o)
                0x00000000a0004564                calloc
 .text          0x00000000a0004588        0x0 /usr/lib/arm-none-eabi/lib/libc.a(lib_a-callocr.o)
 .text._calloc_r
                0x00000000a0004588       0x9c /usr/lib/arm-none-eabi/lib/libc.a(lib_a-callocr.o)
                0x00000000a0004588                _calloc_r
 .text          0x00000000a0004624        0x0 /usr/lib/arm-none-eabi/lib/libc.a(lib_a-impure.o)
 .text          0x00000000a0004624        0x0 /usr/lib/arm-none-eabi/lib/libc.a(lib_a-malloc.o)
 .text.malloc   0x00000000a0004624       0x20 /usr/lib/arm-none-eabi/lib/libc.a(lib_a-malloc.o)
                0x00000000a0004624                malloc
 .text.free     0x00000000a0004644       0x20 /usr/lib/arm-none-eabi/lib/libc.a(lib_a-malloc.o)
                0x00000000a0004644                free
 .text          0x00000000a0004664        0x0 /usr/lib/arm-none-eabi/lib/libc.a(lib_a-mallocr.o)
 .text._malloc_r
                0x00000000a0004664      0x74c /usr/lib/arm-none-eabi/lib/libc.a(lib_a-mallocr.o)
                0x00000000a0004664                _malloc_r
 .text          0x00000000a0004db0        0x0 /usr/lib/arm-none-eabi/lib/libc.a(lib_a-memcpy-stub.o)
 .text.memcpy   0x00000000a0004db0       0xf0 /usr/lib/arm-none-eabi/lib/libc.a(lib_a-memcpy-stub.o)
                0x00000000a0004db0                memcpy
 .text          0x00000000a0004ea0        0x0 /usr/lib/arm-none-eabi/lib/libc.a(lib_a-memset.o)
 .text.memset   0x00000000a0004ea0       0xf4 /usr/lib/arm-none-eabi/lib/libc.a(lib_a-memset.o)
                0x00000000a0004ea0                memset
 .text          0x00000000a0004f94        0x0 /usr/lib/arm-none-eabi/lib/libc.a(lib_a-mlock.o)
 .text.__malloc_lock
                0x00000000a0004f94        0x4 /usr/lib/arm-none-eabi/lib/libc.a(lib_a-mlock.o)
                0x00000000a0004f94                __malloc_lock
 .text.__malloc_unlock
                0x00000000a0004f98        0x4 /usr/lib/arm-none-eabi/lib/libc.a(lib_a-mlock.o)
                0x00000000a0004f98                __malloc_unlock
 .text          0x00000000a0004f9c        0x0 /usr/lib/arm-none-eabi/lib/libc.a(lib_a-printf.o)
 .text._printf_r
                0x00000000a0004f9c       0x34 /usr/lib/arm-none-eabi/lib/libc.a(lib_a-printf.o)
                0x00000000a0004f9c                _printf_r
 .text.printf   0x00000000a0004fd0       0x40 /usr/lib/arm-none-eabi/lib/libc.a(lib_a-printf.o)
                0x00000000a0004fd0                printf
 .text          0x00000000a0005010        0x0 /usr/lib/arm-none-eabi/lib/libc.a(lib_a-putchar.o)
 .text._putchar_r
                0x00000000a0005010       0x14 /usr/lib/arm-none-eabi/lib/libc.a(lib_a-putchar.o)
                0x00000000a0005010                _putchar_r
 .text.putchar  0x00000000a0005024       0x28 /usr/lib/arm-none-eabi/lib/libc.a(lib_a-putchar.o)
                0x00000000a0005024                putchar
 .text          0x00000000a000504c        0x0 /usr/lib/arm-none-eabi/lib/libc.a(lib_a-puts.o)
 .text._puts_r  0x00000000a000504c       0x94 /usr/lib/arm-none-eabi/lib/libc.a(lib_a-puts.o)
                0x00000000a000504c                _puts_r
 .text.puts     0x00000000a00050e0       0x14 /usr/lib/arm-none-eabi/lib/libc.a(lib_a-puts.o)
                0x00000000a00050e0                puts
 .text          0x00000000a00050f4        0x0 /usr/lib/arm-none-eabi/lib/libc.a(lib_a-qsort.o)
 .text.qsort    0x00000000a00050f4      0x8e8 /usr/lib/arm-none-eabi/lib/libc.a(lib_a-qsort.o)
                0x00000000a00050f4                qsort
 .text          0x00000000a00059dc        0x0 /usr/lib/arm-none-eabi/lib/libc.a(lib_a-sbrkr.o)
 .text._sbrk_r  0x00000000a00059dc       0x44 /usr/lib/arm-none-eabi/lib/libc.a(lib_a-sbrkr.o)
                0x00000000a00059dc                _sbrk_r
 .text          0x00000000a0005a20        0x0 /usr/lib/arm-none-eabi/lib/libc.a(lib_a-sscanf.o)
 .text.sscanf   0x00000000a0005a20       0x84 /usr/lib/arm-none-eabi/lib/libc.a(lib_a-sscanf.o)
                0x00000000a0005a20                sscanf
 .text._sscanf_r
                0x00000000a0005aa4       0x84 /usr/lib/arm-none-eabi/lib/libc.a(lib_a-sscanf.o)
                0x00000000a0005aa4                _sscanf_r
 .text          0x00000000a0005b28        0x0 /usr/lib/arm-none-eabi/lib/libc.a(lib_a-stdio.o)
 .text.__sread  0x00000000a0005b28       0x34 /usr/lib/arm-none-eabi/lib/libc.a(lib_a-stdio.o)
                0x00000000a0005b28                __sread
 .text.__seofread
                0x00000000a0005b5c        0x8 /usr/lib/arm-none-eabi/lib/libc.a(lib_a-stdio.o)
                0x00000000a0005b5c                __seofread
 .text.__swrite
                0x00000000a0005b64       0x58 /usr/lib/arm-none-eabi/lib/libc.a(lib_a-stdio.o)
                0x00000000a0005b64                __swrite
 .text.__sseek  0x00000000a0005bbc       0x30 /usr/lib/arm-none-eabi/lib/libc.a(lib_a-stdio.o)
                0x00000000a0005bbc                __sseek
 .text.__sclose
                0x00000000a0005bec       0x14 /usr/lib/arm-none-eabi/lib/libc.a(lib_a-stdio.o)
                0x00000000a0005bec                __sclose
 .text          0x00000000a0005c00        0x0 /usr/lib/arm-none-eabi/lib/libc.a(lib_a-strlen.o)
 .text.strlen   0x00000000a0005c00       0x60 /usr/lib/arm-none-eabi/lib/libc.a(lib_a-strlen.o)
                0x00000000a0005c00                strlen
 .text          0x00000000a0005c60        0x0 /usr/lib/arm-none-eabi/lib/libc.a(lib_a-svfscanf.o)
 .text.__ssvfscanf_r
                0x00000000a0005c60     0x15b0 /usr/lib/arm-none-eabi/lib/libc.a(lib_a-svfscanf.o)
                0x00000000a0005c60                __ssvfscanf_r
 .text          0x00000000a0007210        0x0 /usr/lib/arm-none-eabi/lib/libc.a(lib_a-vfprintf.o)
 .text._vfprintf_r
                0x00000000a0007210     0x1fe4 /usr/lib/arm-none-eabi/lib/libc.a(lib_a-vfprintf.o)
                0x00000000a0007210                _vfprintf_r
 .text.vfprintf
                0x00000000a00091f4       0x28 /usr/lib/arm-none-eabi/lib/libc.a(lib_a-vfprintf.o)
                0x00000000a00091f4                vfprintf
 .text.__sbprintf
                0x00000000a000921c       0xd0 /usr/lib/arm-none-eabi/lib/libc.a(lib_a-vfprintf.o)
 .text          0x00000000a00092ec        0x0 /usr/lib/arm-none-eabi/lib/libc.a(lib_a-writer.o)
 .text._write_r
                0x00000000a00092ec       0x44 /usr/lib/arm-none-eabi/lib/libc.a(lib_a-writer.o)
                0x00000000a00092ec                _write_r
 .text          0x00000000a0009330        0x0 /usr/lib/arm-none-eabi/lib/libc.a(lib_a-wsetup.o)
 .text.__swsetup_r
                0x00000000a0009330      0x15c /usr/lib/arm-none-eabi/lib/libc.a(lib_a-wsetup.o)
                0x00000000a0009330                __swsetup_r
 .text          0x00000000a000948c        0x0 /usr/lib/arm-none-eabi/lib/libc.a(lib_a-closer.o)
 .text._close_r
                0x00000000a000948c       0x3c /usr/lib/arm-none-eabi/lib/libc.a(lib_a-closer.o)
                0x00000000a000948c                _close_r
 .text          0x00000000a00094c8        0x0 /usr/lib/arm-none-eabi/lib/libc.a(lib_a-ctype_.o)
 .text          0x00000000a00094c8        0x0 /usr/lib/arm-none-eabi/lib/libc.a(lib_a-dtoa.o)
 .text.quorem   0x00000000a00094c8      0x1e0 /usr/lib/arm-none-eabi/lib/libc.a(lib_a-dtoa.o)
 .text._dtoa_r  0x00000000a00096a8     0x16f8 /usr/lib/arm-none-eabi/lib/libc.a(lib_a-dtoa.o)
                0x00000000a00096a8                _dtoa_r
 .text          0x00000000a000ada0        0x0 /usr/lib/arm-none-eabi/lib/libc.a(lib_a-fflush.o)
 .text.__sflush_r
                0x00000000a000ada0      0x244 /usr/lib/arm-none-eabi/lib/libc.a(lib_a-fflush.o)
                0x00000000a000ada0                __sflush_r
 .text._fflush_r
                0x00000000a000afe4       0x54 /usr/lib/arm-none-eabi/lib/libc.a(lib_a-fflush.o)
                0x00000000a000afe4                _fflush_r
 .text.fflush   0x00000000a000b038       0x3c /usr/lib/arm-none-eabi/lib/libc.a(lib_a-fflush.o)
                0x00000000a000b038                fflush
 .text          0x00000000a000b074        0x0 /usr/lib/arm-none-eabi/lib/libc.a(lib_a-findfp.o)
 .text.__fp_lock
                0x00000000a000b074        0x8 /usr/lib/arm-none-eabi/lib/libc.a(lib_a-findfp.o)
 .text.__fp_unlock
                0x00000000a000b07c        0x8 /usr/lib/arm-none-eabi/lib/libc.a(lib_a-findfp.o)
 .text._cleanup_r
                0x00000000a000b084       0x18 /usr/lib/arm-none-eabi/lib/libc.a(lib_a-findfp.o)
                0x00000000a000b084                _cleanup_r
 .text.__sfmoreglue
                0x00000000a000b09c       0x50 /usr/lib/arm-none-eabi/lib/libc.a(lib_a-findfp.o)
                0x00000000a000b09c                __sfmoreglue
 .text._cleanup
                0x00000000a000b0ec       0x24 /usr/lib/arm-none-eabi/lib/libc.a(lib_a-findfp.o)
                0x00000000a000b0ec                _cleanup
 .text.__sinit  0x00000000a000b110      0x168 /usr/lib/arm-none-eabi/lib/libc.a(lib_a-findfp.o)
                0x00000000a000b110                __sinit
 .text.__sfp    0x00000000a000b278       0xf8 /usr/lib/arm-none-eabi/lib/libc.a(lib_a-findfp.o)
                0x00000000a000b278                __sfp
 .text.__sfp_lock_acquire
                0x00000000a000b370        0x4 /usr/lib/arm-none-eabi/lib/libc.a(lib_a-findfp.o)
                0x00000000a000b370                __sfp_lock_acquire
 .text.__sfp_lock_release
                0x00000000a000b374        0x4 /usr/lib/arm-none-eabi/lib/libc.a(lib_a-findfp.o)
                0x00000000a000b374                __sfp_lock_release
 .text.__sinit_lock_acquire
                0x00000000a000b378        0x4 /usr/lib/arm-none-eabi/lib/libc.a(lib_a-findfp.o)
                0x00000000a000b378                __sinit_lock_acquire
 .text.__sinit_lock_release
                0x00000000a000b37c        0x4 /usr/lib/arm-none-eabi/lib/libc.a(lib_a-findfp.o)
                0x00000000a000b37c                __sinit_lock_release
 .text.__fp_lock_all
                0x00000000a000b380       0x24 /usr/lib/arm-none-eabi/lib/libc.a(lib_a-findfp.o)
                0x00000000a000b380                __fp_lock_all
 .text.__fp_unlock_all
                0x00000000a000b3a4       0x24 /usr/lib/arm-none-eabi/lib/libc.a(lib_a-findfp.o)
                0x00000000a000b3a4                __fp_unlock_all
 .text          0x00000000a000b3c8        0x0 /usr/lib/arm-none-eabi/lib/libc.a(lib_a-freer.o)
 .text._malloc_trim_r
                0x00000000a000b3c8      0x100 /usr/lib/arm-none-eabi/lib/libc.a(lib_a-freer.o)
                0x00000000a000b3c8                _malloc_trim_r
 .text._free_r  0x00000000a000b4c8      0x26c /usr/lib/arm-none-eabi/lib/libc.a(lib_a-freer.o)
                0x00000000a000b4c8                _free_r
 .text          0x00000000a000b734        0x0 /usr/lib/arm-none-eabi/lib/libc.a(lib_a-fvwrite.o)
 .text.__sfvwrite_r
                0x00000000a000b734      0x4dc /usr/lib/arm-none-eabi/lib/libc.a(lib_a-fvwrite.o)
                0x00000000a000b734                __sfvwrite_r
 .text          0x00000000a000bc10        0x0 /usr/lib/arm-none-eabi/lib/libc.a(lib_a-fwalk.o)
 .text._fwalk   0x00000000a000bc10       0x84 /usr/lib/arm-none-eabi/lib/libc.a(lib_a-fwalk.o)
                0x00000000a000bc10                _fwalk
 .text._fwalk_reent
                0x00000000a000bc94       0x8c /usr/lib/arm-none-eabi/lib/libc.a(lib_a-fwalk.o)
                0x00000000a000bc94                _fwalk_reent
 .text          0x00000000a000bd20        0x0 /usr/lib/arm-none-eabi/lib/libc.a(lib_a-iswspace.o)
 .text.iswspace
                0x00000000a000bd20       0x24 /usr/lib/arm-none-eabi/lib/libc.a(lib_a-iswspace.o)
                0x00000000a000bd20                iswspace
 .text          0x00000000a000bd44        0x0 /usr/lib/arm-none-eabi/lib/libc.a(lib_a-locale.o)
 .text._setlocale_r
                0x00000000a000bd44       0x70 /usr/lib/arm-none-eabi/lib/libc.a(lib_a-locale.o)
                0x00000000a000bd44                _setlocale_r
 .text.__locale_charset
                0x00000000a000bdb4        0xc /usr/lib/arm-none-eabi/lib/libc.a(lib_a-locale.o)
                0x00000000a000bdb4                __locale_charset
 .text.__locale_mb_cur_max
                0x00000000a000bdc0       0x10 /usr/lib/arm-none-eabi/lib/libc.a(lib_a-locale.o)
                0x00000000a000bdc0                __locale_mb_cur_max
 .text.__locale_msgcharset
                0x00000000a000bdd0        0xc /usr/lib/arm-none-eabi/lib/libc.a(lib_a-locale.o)
                0x00000000a000bdd0                __locale_msgcharset
 .text.__locale_cjk_lang
                0x00000000a000bddc        0x8 /usr/lib/arm-none-eabi/lib/libc.a(lib_a-locale.o)
                0x00000000a000bddc                __locale_cjk_lang
 .text._localeconv_r
                0x00000000a000bde4        0xc /usr/lib/arm-none-eabi/lib/libc.a(lib_a-locale.o)
                0x00000000a000bde4                _localeconv_r
 .text.setlocale
                0x00000000a000bdf0       0x18 /usr/lib/arm-none-eabi/lib/libc.a(lib_a-locale.o)
                0x00000000a000bdf0                setlocale
 .text.localeconv
                0x00000000a000be08        0xc /usr/lib/arm-none-eabi/lib/libc.a(lib_a-locale.o)
                0x00000000a000be08                localeconv
 .text          0x00000000a000be14        0x0 /usr/lib/arm-none-eabi/lib/libc.a(lib_a-lseekr.o)
 .text._lseek_r
                0x00000000a000be14       0x44 /usr/lib/arm-none-eabi/lib/libc.a(lib_a-lseekr.o)
                0x00000000a000be14                _lseek_r
 .text          0x00000000a000be58        0x0 /usr/lib/arm-none-eabi/lib/libc.a(lib_a-makebuf.o)
 .text.__smakebuf_r
                0x00000000a000be58      0x174 /usr/lib/arm-none-eabi/lib/libc.a(lib_a-makebuf.o)
                0x00000000a000be58                __smakebuf_r
 .text          0x00000000a000bfcc        0x0 /usr/lib/arm-none-eabi/lib/libc.a(lib_a-mbrtowc.o)
 .text._mbrtowc_r
                0x00000000a000bfcc       0x98 /usr/lib/arm-none-eabi/lib/libc.a(lib_a-mbrtowc.o)
                0x00000000a000bfcc                _mbrtowc_r
 .text.mbrtowc  0x00000000a000c064       0xa0 /usr/lib/arm-none-eabi/lib/libc.a(lib_a-mbrtowc.o)
                0x00000000a000c064                mbrtowc
 .text          0x00000000a000c104        0x0 /usr/lib/arm-none-eabi/lib/libc.a(lib_a-mbtowc_r.o)
 .text.__ascii_mbtowc
                0x00000000a000c104       0x4c /usr/lib/arm-none-eabi/lib/libc.a(lib_a-mbtowc_r.o)
                0x00000000a000c104                __ascii_mbtowc
 .text._mbtowc_r
                0x00000000a000c150       0x54 /usr/lib/arm-none-eabi/lib/libc.a(lib_a-mbtowc_r.o)
                0x00000000a000c150                _mbtowc_r
 .text          0x00000000a000c1a4        0x0 /usr/lib/arm-none-eabi/lib/libc.a(lib_a-memchr-stub.o)
 .text.memchr   0x00000000a000c1a4      0x114 /usr/lib/arm-none-eabi/lib/libc.a(lib_a-memchr-stub.o)
                0x00000000a000c1a4                memchr
 .text          0x00000000a000c2b8        0x0 /usr/lib/arm-none-eabi/lib/libc.a(lib_a-memmove.o)
 .text.memmove  0x00000000a000c2b8      0x134 /usr/lib/arm-none-eabi/lib/libc.a(lib_a-memmove.o)
                0x00000000a000c2b8                memmove
 .text          0x00000000a000c3ec        0x0 /usr/lib/arm-none-eabi/lib/libc.a(lib_a-mprec.o)
 .text._Balloc  0x00000000a000c3ec       0x8c /usr/lib/arm-none-eabi/lib/libc.a(lib_a-mprec.o)
                0x00000000a000c3ec                _Balloc
 .text._Bfree   0x00000000a000c478       0x1c /usr/lib/arm-none-eabi/lib/libc.a(lib_a-mprec.o)
                0x00000000a000c478                _Bfree
 .text.__multadd
                0x00000000a000c494       0xdc /usr/lib/arm-none-eabi/lib/libc.a(lib_a-mprec.o)
                0x00000000a000c494                __multadd
 .text.__s2b    0x00000000a000c570       0xe8 /usr/lib/arm-none-eabi/lib/libc.a(lib_a-mprec.o)
                0x00000000a000c570                __s2b
 .text.__hi0bits
                0x00000000a000c658       0x5c /usr/lib/arm-none-eabi/lib/libc.a(lib_a-mprec.o)
                0x00000000a000c658                __hi0bits
 .text.__lo0bits
                0x00000000a000c6b4       0x94 /usr/lib/arm-none-eabi/lib/libc.a(lib_a-mprec.o)
                0x00000000a000c6b4                __lo0bits
 .text.__i2b    0x00000000a000c748       0x24 /usr/lib/arm-none-eabi/lib/libc.a(lib_a-mprec.o)
                0x00000000a000c748                __i2b
 .text.__multiply
                0x00000000a000c76c      0x1e8 /usr/lib/arm-none-eabi/lib/libc.a(lib_a-mprec.o)
                0x00000000a000c76c                __multiply
 .text.__pow5mult
                0x00000000a000c954      0x104 /usr/lib/arm-none-eabi/lib/libc.a(lib_a-mprec.o)
                0x00000000a000c954                __pow5mult
 .text.__lshift
                0x00000000a000ca58      0x10c /usr/lib/arm-none-eabi/lib/libc.a(lib_a-mprec.o)
                0x00000000a000ca58                __lshift
 .text.__mcmp   0x00000000a000cb64       0x60 /usr/lib/arm-none-eabi/lib/libc.a(lib_a-mprec.o)
                0x00000000a000cb64                __mcmp
 .text.__mdiff  0x00000000a000cbc4      0x144 /usr/lib/arm-none-eabi/lib/libc.a(lib_a-mprec.o)
                0x00000000a000cbc4                __mdiff
 .text.__ulp    0x00000000a000cd08       0x64 /usr/lib/arm-none-eabi/lib/libc.a(lib_a-mprec.o)
                0x00000000a000cd08                __ulp
 .text.__b2d    0x00000000a000cd6c       0xd8 /usr/lib/arm-none-eabi/lib/libc.a(lib_a-mprec.o)
                0x00000000a000cd6c                __b2d
 .text.__d2b    0x00000000a000ce44      0x10c /usr/lib/arm-none-eabi/lib/libc.a(lib_a-mprec.o)
                0x00000000a000ce44                __d2b
 .text.__ratio  0x00000000a000cf50       0x88 /usr/lib/arm-none-eabi/lib/libc.a(lib_a-mprec.o)
                0x00000000a000cf50                __ratio
 .text._mprec_log10
                0x00000000a000cfd8       0x54 /usr/lib/arm-none-eabi/lib/libc.a(lib_a-mprec.o)
                0x00000000a000cfd8                _mprec_log10
 .text.__copybits
                0x00000000a000d02c       0x70 /usr/lib/arm-none-eabi/lib/libc.a(lib_a-mprec.o)
                0x00000000a000d02c                __copybits
 .text.__any_on
                0x00000000a000d09c       0x7c /usr/lib/arm-none-eabi/lib/libc.a(lib_a-mprec.o)
                0x00000000a000d09c                __any_on
 .text          0x00000000a000d118        0x0 /usr/lib/arm-none-eabi/lib/libc.a(lib_a-putc.o)
 .text._putc_r  0x00000000a000d118       0xa4 /usr/lib/arm-none-eabi/lib/libc.a(lib_a-putc.o)
                0x00000000a000d118                _putc_r
 .text.putc     0x00000000a000d1bc       0xb4 /usr/lib/arm-none-eabi/lib/libc.a(lib_a-putc.o)
                0x00000000a000d1bc                putc
 .text          0x00000000a000d270        0x0 /usr/lib/arm-none-eabi/lib/libc.a(lib_a-readr.o)
 .text._read_r  0x00000000a000d270       0x44 /usr/lib/arm-none-eabi/lib/libc.a(lib_a-readr.o)
                0x00000000a000d270                _read_r
 .text          0x00000000a000d2b4        0x0 /usr/lib/arm-none-eabi/lib/libc.a(lib_a-reallocr.o)
 .text._realloc_r
                0x00000000a000d2b4      0x56c /usr/lib/arm-none-eabi/lib/libc.a(lib_a-reallocr.o)
                0x00000000a000d2b4                _realloc_r
 .text          0x00000000a000d820        0x0 /usr/lib/arm-none-eabi/lib/libc.a(lib_a-reent.o)
 .text.cleanup_glue
                0x00000000a000d820       0x2c /usr/lib/arm-none-eabi/lib/libc.a(lib_a-reent.o)
                0x00000000a000d820                cleanup_glue
 .text._reclaim_reent
                0x00000000a000d84c      0x108 /usr/lib/arm-none-eabi/lib/libc.a(lib_a-reent.o)
                0x00000000a000d84c                _reclaim_reent
 .text          0x00000000a000d954        0x0 /usr/lib/arm-none-eabi/lib/libc.a(lib_a-s_fpclassify.o)
 .text.__fpclassifyd
                0x00000000a000d954       0x6c /usr/lib/arm-none-eabi/lib/libc.a(lib_a-s_fpclassify.o)
                0x00000000a000d954                __fpclassifyd
 .text          0x00000000a000d9c0        0x0 /usr/lib/arm-none-eabi/lib/libc.a(lib_a-sccl.o)
 .text.__sccl   0x00000000a000d9c0       0xd4 /usr/lib/arm-none-eabi/lib/libc.a(lib_a-sccl.o)
                0x00000000a000d9c0                __sccl
 .text          0x00000000a000da94        0x0 /usr/lib/arm-none-eabi/lib/libc.a(lib_a-sf_nan.o)
 .text.nanf     0x00000000a000da94        0xc /usr/lib/arm-none-eabi/lib/libc.a(lib_a-sf_nan.o)
                0x00000000a000da94                nanf
 .text          0x00000000a000daa0        0x0 /usr/lib/arm-none-eabi/lib/libc.a(lib_a-sprintf.o)
 .text._sprintf_r
                0x00000000a000daa0       0x68 /usr/lib/arm-none-eabi/lib/libc.a(lib_a-sprintf.o)
                0x00000000a000daa0                _sprintf_r
 .text.sprintf  0x00000000a000db08       0x74 /usr/lib/arm-none-eabi/lib/libc.a(lib_a-sprintf.o)
                0x00000000a000db08                sprintf
 .text          0x00000000a000db7c      0x230 /usr/lib/arm-none-eabi/lib/libc.a(lib_a-strcmp.o)
                0x00000000a000db7c                strcmp
 .text          0x00000000a000ddac        0x0 /usr/lib/arm-none-eabi/lib/libc.a(lib_a-strtod.o)
 .text.unlikely.sulp
                0x00000000a000ddac       0x64 /usr/lib/arm-none-eabi/lib/libc.a(lib_a-strtod.o)
 .text._strtod_r
                0x00000000a000de10     0x1600 /usr/lib/arm-none-eabi/lib/libc.a(lib_a-strtod.o)
                0x00000000a000de10                _strtod_r
 .text.strtod   0x00000000a000f410       0x18 /usr/lib/arm-none-eabi/lib/libc.a(lib_a-strtod.o)
                0x00000000a000f410                strtod
 .text.strtof   0x00000000a000f428       0x50 /usr/lib/arm-none-eabi/lib/libc.a(lib_a-strtod.o)
                0x00000000a000f428                strtof
 .text          0x00000000a000f478        0x0 /usr/lib/arm-none-eabi/lib/libc.a(lib_a-strtol.o)
 .text._strtol_r
                0x00000000a000f478      0x1d0 /usr/lib/arm-none-eabi/lib/libc.a(lib_a-strtol.o)
                0x00000000a000f478                _strtol_r
 .text.strtol   0x00000000a000f648       0x28 /usr/lib/arm-none-eabi/lib/libc.a(lib_a-strtol.o)
                0x00000000a000f648                strtol
 .text          0x00000000a000f670        0x0 /usr/lib/arm-none-eabi/lib/libc.a(lib_a-strtoll_r.o)
 .text._strtoll_r
                0x00000000a000f670      0x2ac /usr/lib/arm-none-eabi/lib/libc.a(lib_a-strtoll_r.o)
                0x00000000a000f670                _strtoll_r
 .text          0x00000000a000f91c        0x0 /usr/lib/arm-none-eabi/lib/libc.a(lib_a-strtoul.o)
 .text._strtoul_r
                0x00000000a000f91c      0x1e4 /usr/lib/arm-none-eabi/lib/libc.a(lib_a-strtoul.o)
                0x00000000a000f91c                _strtoul_r
 .text.strtoul  0x00000000a000fb00       0x28 /usr/lib/arm-none-eabi/lib/libc.a(lib_a-strtoul.o)
                0x00000000a000fb00                strtoul
 .text          0x00000000a000fb28        0x0 /usr/lib/arm-none-eabi/lib/libc.a(lib_a-strtoull_r.o)
 .text._strtoull_r
                0x00000000a000fb28      0x290 /usr/lib/arm-none-eabi/lib/libc.a(lib_a-strtoull_r.o)
                0x00000000a000fb28                _strtoull_r
 .text          0x00000000a000fdb8        0x0 /usr/lib/arm-none-eabi/lib/libc.a(lib_a-svfiscanf.o)
 .text._sungetc_r
                0x00000000a000fdb8       0xf0 /usr/lib/arm-none-eabi/lib/libc.a(lib_a-svfiscanf.o)
                0x00000000a000fdb8                _sungetc_r
 .text.__ssrefill_r
                0x00000000a000fea8       0x68 /usr/lib/arm-none-eabi/lib/libc.a(lib_a-svfiscanf.o)
                0x00000000a000fea8                __ssrefill_r
 .text._sfread_r
                0x00000000a000ff10       0xcc /usr/lib/arm-none-eabi/lib/libc.a(lib_a-svfiscanf.o)
                0x00000000a000ff10                _sfread_r
 .text.__ssvfiscanf_r
                0x00000000a000ffdc      0xf54 /usr/lib/arm-none-eabi/lib/libc.a(lib_a-svfiscanf.o)
                0x00000000a000ffdc                __ssvfiscanf_r
 .text          0x00000000a0010f30        0x0 /usr/lib/arm-none-eabi/lib/libc.a(lib_a-svfprintf.o)
 .text._svfprintf_r
                0x00000000a0010f30     0x1f68 /usr/lib/arm-none-eabi/lib/libc.a(lib_a-svfprintf.o)
                0x00000000a0010f30                _svfprintf_r
 .text          0x00000000a0012e98        0x0 /usr/lib/arm-none-eabi/lib/libc.a(lib_a-ungetc.o)
 .text.__submore
                0x00000000a0012e98       0xb0 /usr/lib/arm-none-eabi/lib/libc.a(lib_a-ungetc.o)
                0x00000000a0012e98                __submore
 .text._ungetc_r
                0x00000000a0012f48      0x17c /usr/lib/arm-none-eabi/lib/libc.a(lib_a-ungetc.o)
                0x00000000a0012f48                _ungetc_r
 .text.ungetc   0x00000000a00130c4       0x18 /usr/lib/arm-none-eabi/lib/libc.a(lib_a-ungetc.o)
                0x00000000a00130c4                ungetc
 .text          0x00000000a00130dc        0x0 /usr/lib/arm-none-eabi/lib/libc.a(lib_a-vfiprintf.o)
 .text.__sprint_r.part.0
                0x00000000a00130dc       0xac /usr/lib/arm-none-eabi/lib/libc.a(lib_a-vfiprintf.o)
 .text.__sprint_r
                0x00000000a0013188       0x18 /usr/lib/arm-none-eabi/lib/libc.a(lib_a-vfiprintf.o)
                0x00000000a0013188                __sprint_r
 .text._vfiprintf_r
                0x00000000a00131a0     0x1300 /usr/lib/arm-none-eabi/lib/libc.a(lib_a-vfiprintf.o)
                0x00000000a00131a0                _vfiprintf_r
 .text.vfiprintf
                0x00000000a00144a0       0x28 /usr/lib/arm-none-eabi/lib/libc.a(lib_a-vfiprintf.o)
                0x00000000a00144a0                vfiprintf
 .text.__sbprintf
                0x00000000a00144c8       0xd0 /usr/lib/arm-none-eabi/lib/libc.a(lib_a-vfiprintf.o)
 .text          0x00000000a0014598        0x0 /usr/lib/arm-none-eabi/lib/libc.a(lib_a-wbuf.o)
 .text.__swbuf_r
                0x00000000a0014598      0x124 /usr/lib/arm-none-eabi/lib/libc.a(lib_a-wbuf.o)
                0x00000000a0014598                __swbuf_r
 .text.__swbuf  0x00000000a00146bc       0x18 /usr/lib/arm-none-eabi/lib/libc.a(lib_a-wbuf.o)
                0x00000000a00146bc                __swbuf
 .text          0x00000000a00146d4        0x0 /usr/lib/arm-none-eabi/lib/libc.a(lib_a-fclose.o)
 .text._fclose_r
                0x00000000a00146d4       0xf0 /usr/lib/arm-none-eabi/lib/libc.a(lib_a-fclose.o)
                0x00000000a00146d4                _fclose_r
 .text.fclose   0x00000000a00147c4       0x14 /usr/lib/arm-none-eabi/lib/libc.a(lib_a-fclose.o)
                0x00000000a00147c4                fclose
 .text          0x00000000a00147d8        0x0 /usr/lib/arm-none-eabi/lib/libc.a(lib_a-fputwc.o)
 .text._fputwc_r
                0x00000000a00147d8      0x144 /usr/lib/arm-none-eabi/lib/libc.a(lib_a-fputwc.o)
                0x00000000a00147d8                _fputwc_r
 .text.fputwc   0x00000000a001491c       0x44 /usr/lib/arm-none-eabi/lib/libc.a(lib_a-fputwc.o)
                0x00000000a001491c                fputwc
 .text          0x00000000a0014960        0x0 /usr/lib/arm-none-eabi/lib/libc.a(lib_a-fstatr.o)
 .text._fstat_r
                0x00000000a0014960       0x40 /usr/lib/arm-none-eabi/lib/libc.a(lib_a-fstatr.o)
                0x00000000a0014960                _fstat_r
 .text          0x00000000a00149a0        0x0 /usr/lib/arm-none-eabi/lib/libc.a(lib_a-gdtoa-gethex.o)
 .text.rshift   0x00000000a00149a0       0xf4 /usr/lib/arm-none-eabi/lib/libc.a(lib_a-gdtoa-gethex.o)
 .text.__gethex
                0x00000000a0014a94      0x814 /usr/lib/arm-none-eabi/lib/libc.a(lib_a-gdtoa-gethex.o)
                0x00000000a0014a94                __gethex
 .text          0x00000000a00152a8        0x0 /usr/lib/arm-none-eabi/lib/libc.a(lib_a-gdtoa-hexnan.o)
 .text.__hexnan
                0x00000000a00152a8      0x284 /usr/lib/arm-none-eabi/lib/libc.a(lib_a-gdtoa-hexnan.o)
                0x00000000a00152a8                __hexnan
 .text          0x00000000a001552c        0x0 /usr/lib/arm-none-eabi/lib/libc.a(lib_a-isattyr.o)
 .text._isatty_r
                0x00000000a001552c       0x3c /usr/lib/arm-none-eabi/lib/libc.a(lib_a-isattyr.o)
                0x00000000a001552c                _isatty_r
 .text          0x00000000a0015568        0x0 /usr/lib/arm-none-eabi/lib/libc.a(lib_a-strncmp.o)
 .text.strncmp  0x00000000a0015568      0x160 /usr/lib/arm-none-eabi/lib/libc.a(lib_a-strncmp.o)
                0x00000000a0015568                strncmp
 .text          0x00000000a00156c8        0x0 /usr/lib/arm-none-eabi/lib/libc.a(lib_a-svfiprintf.o)
 .text.__ssprint_r
                0x00000000a00156c8      0x1ac /usr/lib/arm-none-eabi/lib/libc.a(lib_a-svfiprintf.o)
                0x00000000a00156c8                __ssprint_r
 .text._svfiprintf_r
                0x00000000a0015874     0x10e0 /usr/lib/arm-none-eabi/lib/libc.a(lib_a-svfiprintf.o)
                0x00000000a0015874                _svfiprintf_r
 .text          0x00000000a0016954        0x0 /usr/lib/arm-none-eabi/lib/libc.a(lib_a-wcrtomb.o)
 .text._wcrtomb_r
                0x00000000a0016954       0x90 /usr/lib/arm-none-eabi/lib/libc.a(lib_a-wcrtomb.o)
                0x00000000a0016954                _wcrtomb_r
 .text.wcrtomb  0x00000000a00169e4       0x98 /usr/lib/arm-none-eabi/lib/libc.a(lib_a-wcrtomb.o)
                0x00000000a00169e4                wcrtomb
 .text          0x00000000a0016a7c        0x0 /usr/lib/arm-none-eabi/lib/libc.a(lib_a-wctomb_r.o)
 .text.__ascii_wctomb
                0x00000000a0016a7c       0x2c /usr/lib/arm-none-eabi/lib/libc.a(lib_a-wctomb_r.o)
                0x00000000a0016a7c                __ascii_wctomb
 .text._wctomb_r
                0x00000000a0016aa8       0x50 /usr/lib/arm-none-eabi/lib/libc.a(lib_a-wctomb_r.o)
                0x00000000a0016aa8                _wctomb_r
 .text          0x00000000a0016af8      0x114 /usr/lib/gcc/arm-none-eabi/4.8.2/libgcc.a(_udivsi3.o)
                0x00000000a0016af8                __udivsi3
                0x00000000a0016af8                __aeabi_uidiv
                0x00000000a0016bec                __aeabi_uidivmod
 .text          0x00000000a0016c0c      0x148 /usr/lib/gcc/arm-none-eabi/4.8.2/libgcc.a(_divsi3.o)
                0x00000000a0016c0c                __aeabi_idiv
                0x00000000a0016c0c                __divsi3
                0x00000000a0016d34                __aeabi_idivmod
 .text          0x00000000a0016d54        0x4 /usr/lib/gcc/arm-none-eabi/4.8.2/libgcc.a(_dvmd_tls.o)
                0x00000000a0016d54                __aeabi_ldiv0
                0x00000000a0016d54                __aeabi_idiv0
 .text          0x00000000a0016d58      0x41c /usr/lib/gcc/arm-none-eabi/4.8.2/libgcc.a(_arm_addsubdf3.o)
                0x00000000a0016d58                __aeabi_drsub
                0x00000000a0016d60                __aeabi_dsub
                0x00000000a0016d60                __subdf3
                0x00000000a0016d64                __adddf3
                0x00000000a0016d64                __aeabi_dadd
                0x00000000a0017074                __aeabi_ui2d
                0x00000000a0017074                __floatunsidf
                0x00000000a0017098                __floatsidf
                0x00000000a0017098                __aeabi_i2d
                0x00000000a00170c0                __extendsfdf2
                0x00000000a00170c0                __aeabi_f2d
                0x00000000a0017100                __aeabi_ul2d
                0x00000000a0017100                __floatundidf
                0x00000000a0017114                __floatdidf
                0x00000000a0017114                __aeabi_l2d
 .text          0x00000000a0017174      0x49c /usr/lib/gcc/arm-none-eabi/4.8.2/libgcc.a(_arm_muldivdf3.o)
                0x00000000a0017174                __aeabi_dmul
                0x00000000a0017174                __muldf3
                0x00000000a0017404                __aeabi_ddiv
                0x00000000a0017404                __divdf3
 .text          0x00000000a0017610      0x144 /usr/lib/gcc/arm-none-eabi/4.8.2/libgcc.a(_arm_cmpdf2.o)
                0x00000000a0017610                __gtdf2
                0x00000000a0017610                __gedf2
                0x00000000a0017618                __ltdf2
                0x00000000a0017618                __ledf2
                0x00000000a0017620                __cmpdf2
                0x00000000a0017620                __eqdf2
                0x00000000a0017620                __nedf2
                0x00000000a00176a8                __aeabi_cdrcmple
                0x00000000a00176c4                __aeabi_cdcmple
                0x00000000a00176c4                __aeabi_cdcmpeq
                0x00000000a00176dc                __aeabi_dcmpeq
                0x00000000a00176f4                __aeabi_dcmplt
                0x00000000a001770c                __aeabi_dcmple
                0x00000000a0017724                __aeabi_dcmpge
                0x00000000a001773c                __aeabi_dcmpgt
 .text          0x00000000a0017754       0x5c /usr/lib/gcc/arm-none-eabi/4.8.2/libgcc.a(_arm_fixdfsi.o)
                0x00000000a0017754                __fixdfsi
                0x00000000a0017754                __aeabi_d2iz
 .text          0x00000000a00177b0       0x54 /usr/lib/gcc/arm-none-eabi/4.8.2/libgcc.a(_arm_fixunsdfsi.o)
                0x00000000a00177b0                __fixunsdfsi
                0x00000000a00177b0                __aeabi_d2uiz
 .text          0x00000000a0017804       0xa0 /usr/lib/gcc/arm-none-eabi/4.8.2/libgcc.a(_arm_truncdfsf2.o)
                0x00000000a0017804                __aeabi_d2f
                0x00000000a0017804                __truncdfsf2
 .text          0x00000000a00178a4       0x3c /usr/lib/gcc/arm-none-eabi/4.8.2/libgcc.a(_aeabi_uldivmod.o)
                0x00000000a00178a4                __aeabi_uldivmod
 .text          0x00000000a00178e0       0x84 /usr/lib/gcc/arm-none-eabi/4.8.2/libgcc.a(bpabi.o)
                0x00000000a00178e0                __gnu_ldivmod_helper
                0x00000000a0017924                __gnu_uldivmod_helper
 .text          0x00000000a0017964      0x4d0 /usr/lib/gcc/arm-none-eabi/4.8.2/libgcc.a(_divdi3.o)
                0x00000000a0017964                __divdi3
 .text          0x00000000a0017e34      0x470 /usr/lib/gcc/arm-none-eabi/4.8.2/libgcc.a(_udivdi3.o)
                0x00000000a0017e34                __udivdi3
 .text          0x00000000a00182a4       0x48 /usr/lib/gcc/arm-none-eabi/4.8.2/libgcc.a(_clzsi2.o)
                0x00000000a00182a4                __clzsi2
 .text          0x00000000a00182ec      0x248 /home/samuel/workspace/se12/apf27/source/libapf27.a(apf27_syscall.o)
                0x00000000a00182ec                _read
                0x00000000a0018328                _write
                0x00000000a0018390                _lseek
                0x00000000a00183bc                _isatty
                0x00000000a00183e0                _fstat
                0x00000000a0018414                _close
                0x00000000a0018438                _sbrk
                0x00000000a00184c4                _exit
                0x00000000a00184d8                _init
                0x00000000a00184ec                _fini
                0x00000000a0018500                _getpid
                0x00000000a001851c                _kill
 .text          0x00000000a0018534      0x454 /home/samuel/workspace/se12/apf27/source/libapf27.a(imx27_serial.o)
                0x00000000a00185a0                imx27_serial_init
                0x00000000a0018758                imx27_serial_putc
                0x00000000a00187d4                imx27_serial_tstc
                0x00000000a0018820                imx27_serial_getc
                0x00000000a0018888                imx27_serial_puts
                0x00000000a00188cc                imx27_serial_set_baudrate

.glue_7         0x00000000a0018988        0x0
 .glue_7        0x0000000000000000        0x0 linker stubs

.glue_7t        0x00000000a0018988        0x0
 .glue_7t       0x0000000000000000        0x0 linker stubs

.vfp11_veneer   0x00000000a0018988        0x0
 .vfp11_veneer  0x0000000000000000        0x0 linker stubs

.v4_bx          0x00000000a0018988        0x0
 .v4_bx         0x0000000000000000        0x0 linker stubs

.iplt           0x00000000a0018988        0x0
 .iplt          0x0000000000000000        0x0 .obj/apf27/main.o

.rodata         0x00000000a0018988   0x164ad4
 *(.rodata*)
 .rodata        0x00000000a0018988   0x164320 .obj/apf27/main.o
 .rodata        0x00000000a017cca8        0xc ./libs/liblibs.a(binary_xpm.o)
 .rodata        0x00000000a017ccb4       0x70 ./libs/liblibs.a(exception.o)
 .rodata        0x00000000a017cd24       0x38 ./libs/liblibs.a(interrupt.o)
 .rodata        0x00000000a017cd5c        0xc ./libs/liblibs.a(linear_xpm.o)
 .rodata        0x00000000a017cd68      0x22c /home/samuel/workspace/se12/apf27/source/libapf27.a(imx27_lcdc.o)
 .rodata.str1.4
                0x00000000a017cf94        0x2 /usr/lib/arm-none-eabi/lib/libc.a(lib_a-impure.o)
                                          0x4 (size before relaxing)
 *fill*         0x00000000a017cf96        0x2 
 .rodata._global_impure_ptr
                0x00000000a017cf98        0x4 /usr/lib/arm-none-eabi/lib/libc.a(lib_a-impure.o)
                0x00000000a017cf98                _global_impure_ptr
 .rodata.str1.4
                0x00000000a017cf9c        0x2 /usr/lib/arm-none-eabi/lib/libc.a(lib_a-puts.o)
                                          0x4 (size before relaxing)
 *fill*         0x00000000a017cf9e        0x2 
 .rodata.basefix.6711
                0x00000000a017cfa0       0x24 /usr/lib/arm-none-eabi/lib/libc.a(lib_a-svfscanf.o)
 .rodata.str1.4
                0x00000000a017cfc4        0x5 /usr/lib/arm-none-eabi/lib/libc.a(lib_a-svfscanf.o)
                                          0x8 (size before relaxing)
 *fill*         0x00000000a017cfc9        0x3 
 .rodata.zeroes.6775
                0x00000000a017cfcc       0x10 /usr/lib/arm-none-eabi/lib/libc.a(lib_a-vfprintf.o)
 .rodata.str1.4
                0x00000000a017cfdc       0x42 /usr/lib/arm-none-eabi/lib/libc.a(lib_a-vfprintf.o)
                                         0x44 (size before relaxing)
 *fill*         0x00000000a017d01e        0x2 
 .rodata.blanks.6774
                0x00000000a017d020       0x10 /usr/lib/arm-none-eabi/lib/libc.a(lib_a-vfprintf.o)
 .rodata._ctype_
                0x00000000a017d030      0x104 /usr/lib/arm-none-eabi/lib/libc.a(lib_a-ctype_.o)
                0x00000000a017d030                _ctype_
 .rodata.str1.4
                0x00000000a017d134       0x10 /usr/lib/arm-none-eabi/lib/libc.a(lib_a-dtoa.o)
                                         0x14 (size before relaxing)
 .rodata.str1.4
                0x00000000a017d144        0xa /usr/lib/arm-none-eabi/lib/libc.a(lib_a-locale.o)
                                         0x14 (size before relaxing)
 .rodata.str1.4
                0x0000000000000000        0x4 /usr/lib/arm-none-eabi/lib/libc.a(lib_a-mbrtowc.o)
 *fill*         0x00000000a017d14e        0x2 
 .rodata.__mprec_tens
                0x00000000a017d150       0xc8 /usr/lib/arm-none-eabi/lib/libc.a(lib_a-mprec.o)
                0x00000000a017d150                __mprec_tens
 .rodata.__mprec_bigtens
                0x00000000a017d218       0x28 /usr/lib/arm-none-eabi/lib/libc.a(lib_a-mprec.o)
                0x00000000a017d218                __mprec_bigtens
 .rodata.p05.5266
                0x00000000a017d240        0xc /usr/lib/arm-none-eabi/lib/libc.a(lib_a-mprec.o)
 *fill*         0x00000000a017d24c        0x4 
 .rodata.__mprec_tinytens
                0x00000000a017d250       0x28 /usr/lib/arm-none-eabi/lib/libc.a(lib_a-mprec.o)
                0x00000000a017d250                __mprec_tinytens
 .rodata.fpi.5235
                0x00000000a017d278       0x14 /usr/lib/arm-none-eabi/lib/libc.a(lib_a-strtod.o)
 .rodata.fpinan.5271
                0x00000000a017d28c       0x14 /usr/lib/arm-none-eabi/lib/libc.a(lib_a-strtod.o)
 .rodata.str1.4
                0x00000000a017d2a0       0x10 /usr/lib/arm-none-eabi/lib/libc.a(lib_a-strtod.o)
 .rodata.tinytens
                0x00000000a017d2b0       0x28 /usr/lib/arm-none-eabi/lib/libc.a(lib_a-strtod.o)
 .rodata.basefix.6175
                0x00000000a017d2d8       0x24 /usr/lib/arm-none-eabi/lib/libc.a(lib_a-svfiscanf.o)
 .rodata.zeroes.6760
                0x00000000a017d2fc       0x10 /usr/lib/arm-none-eabi/lib/libc.a(lib_a-svfprintf.o)
 .rodata.str1.4
                0x0000000000000000       0x44 /usr/lib/arm-none-eabi/lib/libc.a(lib_a-svfprintf.o)
 .rodata.blanks.6759
                0x00000000a017d30c       0x10 /usr/lib/arm-none-eabi/lib/libc.a(lib_a-svfprintf.o)
 .rodata.blanks.6717
                0x00000000a017d31c       0x10 /usr/lib/arm-none-eabi/lib/libc.a(lib_a-vfiprintf.o)
 .rodata.str1.4
                0x0000000000000000       0x30 /usr/lib/arm-none-eabi/lib/libc.a(lib_a-vfiprintf.o)
 .rodata.zeroes.6718
                0x00000000a017d32c       0x10 /usr/lib/arm-none-eabi/lib/libc.a(lib_a-vfiprintf.o)
 .rodata.__hexdig
                0x00000000a017d33c      0x100 /usr/lib/arm-none-eabi/lib/libc.a(lib_a-gdtoa-gethex.o)
                0x00000000a017d33c                __hexdig
 .rodata.zeroes.6704
                0x00000000a017d43c       0x10 /usr/lib/arm-none-eabi/lib/libc.a(lib_a-svfiprintf.o)
 .rodata.str1.4
                0x0000000000000000       0x30 /usr/lib/arm-none-eabi/lib/libc.a(lib_a-svfiprintf.o)
 .rodata.blanks.6703
                0x00000000a017d44c       0x10 /usr/lib/arm-none-eabi/lib/libc.a(lib_a-svfiprintf.o)

.ARM.extab      0x00000000a017d45c        0x0
 .ARM.extab     0x00000000a017d45c        0x0 /usr/lib/gcc/arm-none-eabi/4.8.2/libgcc.a(_divdi3.o)
 .ARM.extab     0x00000000a017d45c        0x0 /usr/lib/gcc/arm-none-eabi/4.8.2/libgcc.a(_udivdi3.o)

.data           0x00000000a017d460     0x2758
 *(.data*)
 .data          0x00000000a017d460     0x1e44 .obj/apf27/main.o
 .data          0x00000000a017f2a4        0x0 ./libs/liblibs.a(interrupt_asm.o)
 .data          0x00000000a017f2a4        0x4 ./libs/liblibs.a(aitc.o)
 .data          0x00000000a017f2a8        0x0 ./libs/liblibs.a(binary_xpm.o)
 .data          0x00000000a017f2a8        0x0 ./libs/liblibs.a(exception.o)
 .data          0x00000000a017f2a8       0x18 ./libs/liblibs.a(gpt.o)
 .data          0x00000000a017f2c0        0x4 ./libs/liblibs.a(interrupt.o)
 .data          0x00000000a017f2c4        0x0 ./libs/liblibs.a(linear_xpm.o)
 .data          0x00000000a017f2c4        0x0 /home/samuel/workspace/se12/apf27/source/libapf27.a(crt0.o)
 .data          0x00000000a017f2c4        0x0 /home/samuel/workspace/se12/apf27/source/libapf27.a(imx27_mmu_asm.o)
 .data          0x00000000a017f2c4       0x1c /home/samuel/workspace/se12/apf27/source/libapf27.a(imx27_gpio.o)
 .data          0x00000000a017f2e0        0xc /home/samuel/workspace/se12/apf27/source/libapf27.a(imx27_lcdc.o)
 .data          0x00000000a017f2ec        0x0 /home/samuel/workspace/se12/apf27/source/libapf27.a(imx27_mmu.o)
 .data          0x00000000a017f2ec        0x0 /home/samuel/workspace/se12/apf27/source/libapf27.a(string2.o)
 .data          0x00000000a017f2ec        0x4 /home/samuel/workspace/se12/apf27/source/libapf27.a(imx27_clock.o)
 .data          0x00000000a017f2f0        0x0 /usr/lib/arm-none-eabi/lib/libc.a(lib_a-calloc.o)
 .data          0x00000000a017f2f0        0x0 /usr/lib/arm-none-eabi/lib/libc.a(lib_a-callocr.o)
 .data          0x00000000a017f2f0        0x0 /usr/lib/arm-none-eabi/lib/libc.a(lib_a-impure.o)
 .data.impure_data
                0x00000000a017f2f0      0x428 /usr/lib/arm-none-eabi/lib/libc.a(lib_a-impure.o)
 .data._impure_ptr
                0x00000000a017f718        0x4 /usr/lib/arm-none-eabi/lib/libc.a(lib_a-impure.o)
                0x00000000a017f718                _impure_ptr
 .data          0x00000000a017f71c        0x0 /usr/lib/arm-none-eabi/lib/libc.a(lib_a-malloc.o)
 .data          0x00000000a017f71c        0x0 /usr/lib/arm-none-eabi/lib/libc.a(lib_a-mallocr.o)
 .data.__malloc_av_
                0x00000000a017f71c      0x408 /usr/lib/arm-none-eabi/lib/libc.a(lib_a-mallocr.o)
                0x00000000a017f71c                __malloc_av_
 .data.__malloc_trim_threshold
                0x00000000a017fb24        0x4 /usr/lib/arm-none-eabi/lib/libc.a(lib_a-mallocr.o)
                0x00000000a017fb24                __malloc_trim_threshold
 .data.__malloc_sbrk_base
                0x00000000a017fb28        0x4 /usr/lib/arm-none-eabi/lib/libc.a(lib_a-mallocr.o)
                0x00000000a017fb28                __malloc_sbrk_base
 .data          0x00000000a017fb2c        0x0 /usr/lib/arm-none-eabi/lib/libc.a(lib_a-memcpy-stub.o)
 .data          0x00000000a017fb2c        0x0 /usr/lib/arm-none-eabi/lib/libc.a(lib_a-memset.o)
 .data          0x00000000a017fb2c        0x0 /usr/lib/arm-none-eabi/lib/libc.a(lib_a-mlock.o)
 .data          0x00000000a017fb2c        0x0 /usr/lib/arm-none-eabi/lib/libc.a(lib_a-printf.o)
 .data          0x00000000a017fb2c        0x0 /usr/lib/arm-none-eabi/lib/libc.a(lib_a-putchar.o)
 .data          0x00000000a017fb2c        0x0 /usr/lib/arm-none-eabi/lib/libc.a(lib_a-puts.o)
 .data          0x00000000a017fb2c        0x0 /usr/lib/arm-none-eabi/lib/libc.a(lib_a-qsort.o)
 .data          0x00000000a017fb2c        0x0 /usr/lib/arm-none-eabi/lib/libc.a(lib_a-sbrkr.o)
 .data          0x00000000a017fb2c        0x0 /usr/lib/arm-none-eabi/lib/libc.a(lib_a-sscanf.o)
 .data          0x00000000a017fb2c        0x0 /usr/lib/arm-none-eabi/lib/libc.a(lib_a-stdio.o)
 .data          0x00000000a017fb2c        0x0 /usr/lib/arm-none-eabi/lib/libc.a(lib_a-strlen.o)
 .data          0x00000000a017fb2c        0x0 /usr/lib/arm-none-eabi/lib/libc.a(lib_a-svfscanf.o)
 .data          0x00000000a017fb2c        0x0 /usr/lib/arm-none-eabi/lib/libc.a(lib_a-vfprintf.o)
 .data          0x00000000a017fb2c        0x0 /usr/lib/arm-none-eabi/lib/libc.a(lib_a-writer.o)
 .data          0x00000000a017fb2c        0x0 /usr/lib/arm-none-eabi/lib/libc.a(lib_a-wsetup.o)
 .data          0x00000000a017fb2c        0x0 /usr/lib/arm-none-eabi/lib/libc.a(lib_a-closer.o)
 .data          0x00000000a017fb2c        0x0 /usr/lib/arm-none-eabi/lib/libc.a(lib_a-ctype_.o)
 .data.__ctype_ptr__
                0x00000000a017fb2c        0x4 /usr/lib/arm-none-eabi/lib/libc.a(lib_a-ctype_.o)
                0x00000000a017fb2c                __ctype_ptr__
 .data          0x00000000a017fb30        0x0 /usr/lib/arm-none-eabi/lib/libc.a(lib_a-dtoa.o)
 .data          0x00000000a017fb30        0x0 /usr/lib/arm-none-eabi/lib/libc.a(lib_a-fflush.o)
 .data          0x00000000a017fb30        0x0 /usr/lib/arm-none-eabi/lib/libc.a(lib_a-findfp.o)
 .data          0x00000000a017fb30        0x0 /usr/lib/arm-none-eabi/lib/libc.a(lib_a-freer.o)
 .data          0x00000000a017fb30        0x0 /usr/lib/arm-none-eabi/lib/libc.a(lib_a-fvwrite.o)
 .data          0x00000000a017fb30        0x0 /usr/lib/arm-none-eabi/lib/libc.a(lib_a-fwalk.o)
 .data          0x00000000a017fb30        0x0 /usr/lib/arm-none-eabi/lib/libc.a(lib_a-iswspace.o)
 .data          0x00000000a017fb30        0x0 /usr/lib/arm-none-eabi/lib/libc.a(lib_a-locale.o)
 .data.lc_message_charset
                0x00000000a017fb30       0x20 /usr/lib/arm-none-eabi/lib/libc.a(lib_a-locale.o)
 .data.lconv    0x00000000a017fb50       0x38 /usr/lib/arm-none-eabi/lib/libc.a(lib_a-locale.o)
 .data.lc_ctype_charset
                0x00000000a017fb88       0x20 /usr/lib/arm-none-eabi/lib/libc.a(lib_a-locale.o)
 .data.__mb_cur_max
                0x00000000a017fba8        0x4 /usr/lib/arm-none-eabi/lib/libc.a(lib_a-locale.o)
                0x00000000a017fba8                __mb_cur_max
 .data          0x00000000a017fbac        0x0 /usr/lib/arm-none-eabi/lib/libc.a(lib_a-lseekr.o)
 .data          0x00000000a017fbac        0x0 /usr/lib/arm-none-eabi/lib/libc.a(lib_a-makebuf.o)
 .data          0x00000000a017fbac        0x0 /usr/lib/arm-none-eabi/lib/libc.a(lib_a-mbrtowc.o)
 .data          0x00000000a017fbac        0x0 /usr/lib/arm-none-eabi/lib/libc.a(lib_a-mbtowc_r.o)
 .data.__mbtowc
                0x00000000a017fbac        0x4 /usr/lib/arm-none-eabi/lib/libc.a(lib_a-mbtowc_r.o)
                0x00000000a017fbac                __mbtowc
 .data          0x00000000a017fbb0        0x0 /usr/lib/arm-none-eabi/lib/libc.a(lib_a-memchr-stub.o)
 .data          0x00000000a017fbb0        0x0 /usr/lib/arm-none-eabi/lib/libc.a(lib_a-memmove.o)
 .data          0x00000000a017fbb0        0x0 /usr/lib/arm-none-eabi/lib/libc.a(lib_a-mprec.o)
 .data          0x00000000a017fbb0        0x0 /usr/lib/arm-none-eabi/lib/libc.a(lib_a-putc.o)
 .data          0x00000000a017fbb0        0x0 /usr/lib/arm-none-eabi/lib/libc.a(lib_a-readr.o)
 .data          0x00000000a017fbb0        0x0 /usr/lib/arm-none-eabi/lib/libc.a(lib_a-reallocr.o)
 .data          0x00000000a017fbb0        0x0 /usr/lib/arm-none-eabi/lib/libc.a(lib_a-reent.o)
 .data          0x00000000a017fbb0        0x0 /usr/lib/arm-none-eabi/lib/libc.a(lib_a-s_fpclassify.o)
 .data          0x00000000a017fbb0        0x0 /usr/lib/arm-none-eabi/lib/libc.a(lib_a-sccl.o)
 .data          0x00000000a017fbb0        0x0 /usr/lib/arm-none-eabi/lib/libc.a(lib_a-sf_nan.o)
 .data          0x00000000a017fbb0        0x0 /usr/lib/arm-none-eabi/lib/libc.a(lib_a-sprintf.o)
 .data          0x00000000a017fbb0        0x0 /usr/lib/arm-none-eabi/lib/libc.a(lib_a-strcmp.o)
 .data          0x00000000a017fbb0        0x0 /usr/lib/arm-none-eabi/lib/libc.a(lib_a-strtod.o)
 .data          0x00000000a017fbb0        0x0 /usr/lib/arm-none-eabi/lib/libc.a(lib_a-strtol.o)
 .data          0x00000000a017fbb0        0x0 /usr/lib/arm-none-eabi/lib/libc.a(lib_a-strtoll_r.o)
 .data          0x00000000a017fbb0        0x0 /usr/lib/arm-none-eabi/lib/libc.a(lib_a-strtoul.o)
 .data          0x00000000a017fbb0        0x0 /usr/lib/arm-none-eabi/lib/libc.a(lib_a-strtoull_r.o)
 .data          0x00000000a017fbb0        0x0 /usr/lib/arm-none-eabi/lib/libc.a(lib_a-svfiscanf.o)
 .data          0x00000000a017fbb0        0x0 /usr/lib/arm-none-eabi/lib/libc.a(lib_a-svfprintf.o)
 .data          0x00000000a017fbb0        0x0 /usr/lib/arm-none-eabi/lib/libc.a(lib_a-ungetc.o)
 .data          0x00000000a017fbb0        0x0 /usr/lib/arm-none-eabi/lib/libc.a(lib_a-vfiprintf.o)
 .data          0x00000000a017fbb0        0x0 /usr/lib/arm-none-eabi/lib/libc.a(lib_a-wbuf.o)
 .data          0x00000000a017fbb0        0x0 /usr/lib/arm-none-eabi/lib/libc.a(lib_a-fclose.o)
 .data          0x00000000a017fbb0        0x0 /usr/lib/arm-none-eabi/lib/libc.a(lib_a-fputwc.o)
 .data          0x00000000a017fbb0        0x0 /usr/lib/arm-none-eabi/lib/libc.a(lib_a-fstatr.o)
 .data          0x00000000a017fbb0        0x0 /usr/lib/arm-none-eabi/lib/libc.a(lib_a-gdtoa-gethex.o)
 .data          0x00000000a017fbb0        0x0 /usr/lib/arm-none-eabi/lib/libc.a(lib_a-gdtoa-hexnan.o)
 .data          0x00000000a017fbb0        0x0 /usr/lib/arm-none-eabi/lib/libc.a(lib_a-isattyr.o)
 .data          0x00000000a017fbb0        0x0 /usr/lib/arm-none-eabi/lib/libc.a(lib_a-strncmp.o)
 .data          0x00000000a017fbb0        0x0 /usr/lib/arm-none-eabi/lib/libc.a(lib_a-svfiprintf.o)
 .data          0x00000000a017fbb0        0x0 /usr/lib/arm-none-eabi/lib/libc.a(lib_a-wcrtomb.o)
 .data          0x00000000a017fbb0        0x0 /usr/lib/arm-none-eabi/lib/libc.a(lib_a-wctomb_r.o)
 .data.__wctomb
                0x00000000a017fbb0        0x4 /usr/lib/arm-none-eabi/lib/libc.a(lib_a-wctomb_r.o)
                0x00000000a017fbb0                __wctomb
 .data          0x00000000a017fbb4        0x0 /usr/lib/gcc/arm-none-eabi/4.8.2/libgcc.a(_udivsi3.o)
 .data          0x00000000a017fbb4        0x0 /usr/lib/gcc/arm-none-eabi/4.8.2/libgcc.a(_divsi3.o)
 .data          0x00000000a017fbb4        0x0 /usr/lib/gcc/arm-none-eabi/4.8.2/libgcc.a(_dvmd_tls.o)
 .data          0x00000000a017fbb4        0x0 /usr/lib/gcc/arm-none-eabi/4.8.2/libgcc.a(_arm_addsubdf3.o)
 .data          0x00000000a017fbb4        0x0 /usr/lib/gcc/arm-none-eabi/4.8.2/libgcc.a(_arm_muldivdf3.o)
 .data          0x00000000a017fbb4        0x0 /usr/lib/gcc/arm-none-eabi/4.8.2/libgcc.a(_arm_cmpdf2.o)
 .data          0x00000000a017fbb4        0x0 /usr/lib/gcc/arm-none-eabi/4.8.2/libgcc.a(_arm_fixdfsi.o)
 .data          0x00000000a017fbb4        0x0 /usr/lib/gcc/arm-none-eabi/4.8.2/libgcc.a(_arm_fixunsdfsi.o)
 .data          0x00000000a017fbb4        0x0 /usr/lib/gcc/arm-none-eabi/4.8.2/libgcc.a(_arm_truncdfsf2.o)
 .data          0x00000000a017fbb4        0x0 /usr/lib/gcc/arm-none-eabi/4.8.2/libgcc.a(_aeabi_uldivmod.o)
 .data          0x00000000a017fbb4        0x0 /usr/lib/gcc/arm-none-eabi/4.8.2/libgcc.a(bpabi.o)
 .data          0x00000000a017fbb4        0x0 /usr/lib/gcc/arm-none-eabi/4.8.2/libgcc.a(_divdi3.o)
 .data          0x00000000a017fbb4        0x0 /usr/lib/gcc/arm-none-eabi/4.8.2/libgcc.a(_udivdi3.o)
 .data          0x00000000a017fbb4        0x0 /usr/lib/gcc/arm-none-eabi/4.8.2/libgcc.a(_clzsi2.o)
 .data          0x00000000a017fbb4        0x0 /home/samuel/workspace/se12/apf27/source/libapf27.a(apf27_syscall.o)
 .data          0x00000000a017fbb4        0x4 /home/samuel/workspace/se12/apf27/source/libapf27.a(imx27_serial.o)
                0x00000000a017fbb8                __exidx_start = .

.igot.plt       0x00000000a017fbb8        0x0
 .igot.plt      0x0000000000000000        0x0 .obj/apf27/main.o

.ARM.exidx      0x00000000a017fbb8        0x8
 *(.ARM.exidx* .gnu.linkonce.armexidx.*)
 .ARM.exidx     0x00000000a017fbb8        0x8 /usr/lib/gcc/arm-none-eabi/4.8.2/libgcc.a(_divdi3.o)
 .ARM.exidx     0x00000000a017fbc0        0x0 /usr/lib/gcc/arm-none-eabi/4.8.2/libgcc.a(_udivdi3.o)
                                          0x8 (size before relaxing)
                0x00000000a017fbc0                __exidx_end = .

.rel.dyn        0x00000000a017fbc0        0x0
 .rel.iplt      0x0000000000000000        0x0 .obj/apf27/main.o

.bss            0x00000000a017fbc0    0x10c40
                0x00000000a017fbc0                . = ALIGN (0x8)
                0x00000000a017fbc0                __bss_start__ = .
 *(.bss*)
 .bss           0x00000000a017fbc0        0x0 .obj/apf27/main.o
 .bss           0x00000000a017fbc0        0x0 ./libs/liblibs.a(interrupt_asm.o)
 .bss           0x00000000a017fbc0        0x0 ./libs/liblibs.a(aitc.o)
 .bss           0x00000000a017fbc0        0x8 ./libs/liblibs.a(binary_xpm.o)
                0x00000000a017fbc0                cache
                0x00000000a017fbc4                oldCode
 .bss           0x00000000a017fbc8        0x0 ./libs/liblibs.a(exception.o)
 .bss           0x00000000a017fbc8       0x60 ./libs/liblibs.a(gpt.o)
 .bss           0x00000000a017fc28    0x10030 ./libs/liblibs.a(interrupt.o)
 .bss           0x00000000a018fc58        0x0 ./libs/liblibs.a(linear_xpm.o)
 .bss           0x00000000a018fc58        0x0 /home/samuel/workspace/se12/apf27/source/libapf27.a(crt0.o)
 .bss           0x00000000a018fc58        0x0 /home/samuel/workspace/se12/apf27/source/libapf27.a(imx27_mmu_asm.o)
 .bss           0x00000000a018fc58      0x900 /home/samuel/workspace/se12/apf27/source/libapf27.a(imx27_gpio.o)
 .bss           0x00000000a0190558        0x0 /home/samuel/workspace/se12/apf27/source/libapf27.a(imx27_lcdc.o)
 .bss           0x00000000a0190558        0x0 /home/samuel/workspace/se12/apf27/source/libapf27.a(imx27_mmu.o)
 .bss           0x00000000a0190558        0x0 /home/samuel/workspace/se12/apf27/source/libapf27.a(string2.o)
 .bss           0x00000000a0190558        0x0 /home/samuel/workspace/se12/apf27/source/libapf27.a(imx27_clock.o)
 .bss           0x00000000a0190558        0x0 /usr/lib/arm-none-eabi/lib/libc.a(lib_a-calloc.o)
 .bss           0x00000000a0190558        0x0 /usr/lib/arm-none-eabi/lib/libc.a(lib_a-callocr.o)
 .bss           0x00000000a0190558        0x0 /usr/lib/arm-none-eabi/lib/libc.a(lib_a-impure.o)
 .bss           0x00000000a0190558        0x0 /usr/lib/arm-none-eabi/lib/libc.a(lib_a-malloc.o)
 .bss           0x00000000a0190558        0x0 /usr/lib/arm-none-eabi/lib/libc.a(lib_a-mallocr.o)
 .bss.__malloc_max_total_mem
                0x00000000a0190558        0x4 /usr/lib/arm-none-eabi/lib/libc.a(lib_a-mallocr.o)
                0x00000000a0190558                __malloc_max_total_mem
 .bss.__malloc_max_sbrked_mem
                0x00000000a019055c        0x4 /usr/lib/arm-none-eabi/lib/libc.a(lib_a-mallocr.o)
                0x00000000a019055c                __malloc_max_sbrked_mem
 .bss.__malloc_top_pad
                0x00000000a0190560        0x4 /usr/lib/arm-none-eabi/lib/libc.a(lib_a-mallocr.o)
                0x00000000a0190560                __malloc_top_pad
 .bss.__malloc_current_mallinfo
                0x00000000a0190564       0x28 /usr/lib/arm-none-eabi/lib/libc.a(lib_a-mallocr.o)
                0x00000000a0190564                __malloc_current_mallinfo
 .bss           0x00000000a019058c        0x0 /usr/lib/arm-none-eabi/lib/libc.a(lib_a-memcpy-stub.o)
 .bss           0x00000000a019058c        0x0 /usr/lib/arm-none-eabi/lib/libc.a(lib_a-memset.o)
 .bss           0x00000000a019058c        0x0 /usr/lib/arm-none-eabi/lib/libc.a(lib_a-mlock.o)
 .bss           0x00000000a019058c        0x0 /usr/lib/arm-none-eabi/lib/libc.a(lib_a-printf.o)
 .bss           0x00000000a019058c        0x0 /usr/lib/arm-none-eabi/lib/libc.a(lib_a-putchar.o)
 .bss           0x00000000a019058c        0x0 /usr/lib/arm-none-eabi/lib/libc.a(lib_a-puts.o)
 .bss           0x00000000a019058c        0x0 /usr/lib/arm-none-eabi/lib/libc.a(lib_a-qsort.o)
 .bss           0x00000000a019058c        0x0 /usr/lib/arm-none-eabi/lib/libc.a(lib_a-sbrkr.o)
 .bss           0x00000000a019058c        0x0 /usr/lib/arm-none-eabi/lib/libc.a(lib_a-sscanf.o)
 .bss           0x00000000a019058c        0x0 /usr/lib/arm-none-eabi/lib/libc.a(lib_a-stdio.o)
 .bss           0x00000000a019058c        0x0 /usr/lib/arm-none-eabi/lib/libc.a(lib_a-strlen.o)
 .bss           0x00000000a019058c        0x0 /usr/lib/arm-none-eabi/lib/libc.a(lib_a-svfscanf.o)
 .bss           0x00000000a019058c        0x0 /usr/lib/arm-none-eabi/lib/libc.a(lib_a-vfprintf.o)
 .bss           0x00000000a019058c        0x0 /usr/lib/arm-none-eabi/lib/libc.a(lib_a-writer.o)
 .bss           0x00000000a019058c        0x0 /usr/lib/arm-none-eabi/lib/libc.a(lib_a-wsetup.o)
 .bss           0x00000000a019058c        0x0 /usr/lib/arm-none-eabi/lib/libc.a(lib_a-closer.o)
 .bss           0x00000000a019058c        0x0 /usr/lib/arm-none-eabi/lib/libc.a(lib_a-ctype_.o)
 .bss           0x00000000a019058c        0x0 /usr/lib/arm-none-eabi/lib/libc.a(lib_a-dtoa.o)
 .bss           0x00000000a019058c        0x0 /usr/lib/arm-none-eabi/lib/libc.a(lib_a-fflush.o)
 .bss           0x00000000a019058c        0x0 /usr/lib/arm-none-eabi/lib/libc.a(lib_a-findfp.o)
 .bss           0x00000000a019058c        0x0 /usr/lib/arm-none-eabi/lib/libc.a(lib_a-freer.o)
 .bss           0x00000000a019058c        0x0 /usr/lib/arm-none-eabi/lib/libc.a(lib_a-fvwrite.o)
 .bss           0x00000000a019058c        0x0 /usr/lib/arm-none-eabi/lib/libc.a(lib_a-fwalk.o)
 .bss           0x00000000a019058c        0x0 /usr/lib/arm-none-eabi/lib/libc.a(lib_a-iswspace.o)
 .bss           0x00000000a019058c        0x0 /usr/lib/arm-none-eabi/lib/libc.a(lib_a-locale.o)
 .bss._PathLocale
                0x00000000a019058c        0x4 /usr/lib/arm-none-eabi/lib/libc.a(lib_a-locale.o)
                0x00000000a019058c                _PathLocale
 .bss.__nlocale_changed
                0x00000000a0190590        0x4 /usr/lib/arm-none-eabi/lib/libc.a(lib_a-locale.o)
                0x00000000a0190590                __nlocale_changed
 .bss.__mlocale_changed
                0x00000000a0190594        0x4 /usr/lib/arm-none-eabi/lib/libc.a(lib_a-locale.o)
                0x00000000a0190594                __mlocale_changed
 .bss           0x00000000a0190598        0x0 /usr/lib/arm-none-eabi/lib/libc.a(lib_a-lseekr.o)
 .bss           0x00000000a0190598        0x0 /usr/lib/arm-none-eabi/lib/libc.a(lib_a-makebuf.o)
 .bss           0x00000000a0190598        0x0 /usr/lib/arm-none-eabi/lib/libc.a(lib_a-mbrtowc.o)
 .bss           0x00000000a0190598        0x0 /usr/lib/arm-none-eabi/lib/libc.a(lib_a-mbtowc_r.o)
 .bss           0x00000000a0190598        0x0 /usr/lib/arm-none-eabi/lib/libc.a(lib_a-memchr-stub.o)
 .bss           0x00000000a0190598        0x0 /usr/lib/arm-none-eabi/lib/libc.a(lib_a-memmove.o)
 .bss           0x00000000a0190598        0x0 /usr/lib/arm-none-eabi/lib/libc.a(lib_a-mprec.o)
 .bss           0x00000000a0190598        0x0 /usr/lib/arm-none-eabi/lib/libc.a(lib_a-putc.o)
 .bss           0x00000000a0190598        0x0 /usr/lib/arm-none-eabi/lib/libc.a(lib_a-readr.o)
 .bss           0x00000000a0190598        0x0 /usr/lib/arm-none-eabi/lib/libc.a(lib_a-reallocr.o)
 .bss           0x00000000a0190598        0x0 /usr/lib/arm-none-eabi/lib/libc.a(lib_a-reent.o)
 .bss           0x00000000a0190598        0x0 /usr/lib/arm-none-eabi/lib/libc.a(lib_a-s_fpclassify.o)
 .bss           0x00000000a0190598        0x0 /usr/lib/arm-none-eabi/lib/libc.a(lib_a-sccl.o)
 .bss           0x00000000a0190598        0x0 /usr/lib/arm-none-eabi/lib/libc.a(lib_a-sf_nan.o)
 .bss           0x00000000a0190598        0x0 /usr/lib/arm-none-eabi/lib/libc.a(lib_a-sprintf.o)
 .bss           0x00000000a0190598        0x0 /usr/lib/arm-none-eabi/lib/libc.a(lib_a-strcmp.o)
 .bss           0x00000000a0190598        0x0 /usr/lib/arm-none-eabi/lib/libc.a(lib_a-strtod.o)
 .bss           0x00000000a0190598        0x0 /usr/lib/arm-none-eabi/lib/libc.a(lib_a-strtol.o)
 .bss           0x00000000a0190598        0x0 /usr/lib/arm-none-eabi/lib/libc.a(lib_a-strtoll_r.o)
 .bss           0x00000000a0190598        0x0 /usr/lib/arm-none-eabi/lib/libc.a(lib_a-strtoul.o)
 .bss           0x00000000a0190598        0x0 /usr/lib/arm-none-eabi/lib/libc.a(lib_a-strtoull_r.o)
 .bss           0x00000000a0190598        0x0 /usr/lib/arm-none-eabi/lib/libc.a(lib_a-svfiscanf.o)
 .bss           0x00000000a0190598        0x0 /usr/lib/arm-none-eabi/lib/libc.a(lib_a-svfprintf.o)
 .bss           0x00000000a0190598        0x0 /usr/lib/arm-none-eabi/lib/libc.a(lib_a-ungetc.o)
 .bss           0x00000000a0190598        0x0 /usr/lib/arm-none-eabi/lib/libc.a(lib_a-vfiprintf.o)
 .bss           0x00000000a0190598        0x0 /usr/lib/arm-none-eabi/lib/libc.a(lib_a-wbuf.o)
 .bss           0x00000000a0190598        0x0 /usr/lib/arm-none-eabi/lib/libc.a(lib_a-fclose.o)
 .bss           0x00000000a0190598        0x0 /usr/lib/arm-none-eabi/lib/libc.a(lib_a-fputwc.o)
 .bss           0x00000000a0190598        0x0 /usr/lib/arm-none-eabi/lib/libc.a(lib_a-fstatr.o)
 .bss           0x00000000a0190598        0x0 /usr/lib/arm-none-eabi/lib/libc.a(lib_a-gdtoa-gethex.o)
 .bss           0x00000000a0190598        0x0 /usr/lib/arm-none-eabi/lib/libc.a(lib_a-gdtoa-hexnan.o)
 .bss           0x00000000a0190598        0x0 /usr/lib/arm-none-eabi/lib/libc.a(lib_a-isattyr.o)
 .bss           0x00000000a0190598        0x0 /usr/lib/arm-none-eabi/lib/libc.a(lib_a-strncmp.o)
 .bss           0x00000000a0190598        0x0 /usr/lib/arm-none-eabi/lib/libc.a(lib_a-svfiprintf.o)
 .bss           0x00000000a0190598        0x0 /usr/lib/arm-none-eabi/lib/libc.a(lib_a-wcrtomb.o)
 .bss           0x00000000a0190598        0x0 /usr/lib/arm-none-eabi/lib/libc.a(lib_a-wctomb_r.o)
 .bss           0x00000000a0190598        0x0 /usr/lib/gcc/arm-none-eabi/4.8.2/libgcc.a(_udivsi3.o)
 .bss           0x00000000a0190598        0x0 /usr/lib/gcc/arm-none-eabi/4.8.2/libgcc.a(_divsi3.o)
 .bss           0x00000000a0190598        0x0 /usr/lib/gcc/arm-none-eabi/4.8.2/libgcc.a(_dvmd_tls.o)
 .bss           0x00000000a0190598        0x0 /usr/lib/gcc/arm-none-eabi/4.8.2/libgcc.a(_arm_addsubdf3.o)
 .bss           0x00000000a0190598        0x0 /usr/lib/gcc/arm-none-eabi/4.8.2/libgcc.a(_arm_muldivdf3.o)
 .bss           0x00000000a0190598        0x0 /usr/lib/gcc/arm-none-eabi/4.8.2/libgcc.a(_arm_cmpdf2.o)
 .bss           0x00000000a0190598        0x0 /usr/lib/gcc/arm-none-eabi/4.8.2/libgcc.a(_arm_fixdfsi.o)
 .bss           0x00000000a0190598        0x0 /usr/lib/gcc/arm-none-eabi/4.8.2/libgcc.a(_arm_fixunsdfsi.o)
 .bss           0x00000000a0190598        0x0 /usr/lib/gcc/arm-none-eabi/4.8.2/libgcc.a(_arm_truncdfsf2.o)
 .bss           0x00000000a0190598        0x0 /usr/lib/gcc/arm-none-eabi/4.8.2/libgcc.a(_aeabi_uldivmod.o)
 .bss           0x00000000a0190598        0x0 /usr/lib/gcc/arm-none-eabi/4.8.2/libgcc.a(bpabi.o)
 .bss           0x00000000a0190598        0x0 /usr/lib/gcc/arm-none-eabi/4.8.2/libgcc.a(_divdi3.o)
 .bss           0x00000000a0190598        0x0 /usr/lib/gcc/arm-none-eabi/4.8.2/libgcc.a(_udivdi3.o)
 .bss           0x00000000a0190598        0x0 /usr/lib/gcc/arm-none-eabi/4.8.2/libgcc.a(_clzsi2.o)
 .bss           0x00000000a0190598        0x4 /home/samuel/workspace/se12/apf27/source/libapf27.a(apf27_syscall.o)
 .bss           0x00000000a019059c        0x4 /home/samuel/workspace/se12/apf27/source/libapf27.a(imx27_serial.o)
 *(COMMON)
 COMMON         0x00000000a01905a0      0x200 ./libs/liblibs.a(aitc.o)
                0x00000000a01905a0                handlers
 COMMON         0x00000000a01907a0        0x4 /usr/lib/arm-none-eabi/lib/libc.a(lib_a-reent.o)
                0x00000000a01907a0                errno
                0x00000000a0190800                . = ALIGN (0x100)
 *fill*         0x00000000a01907a4       0x5c 
                0x00000000a0190800                __bss_end__ = .
                0x00000000a0190800                _end = ALIGN (0x100)
                0x00000000a3f80000                _stack_bottom = ((ORIGIN (RAM) + 0x4000000) - C_STACK_SIZE)
                0x00000000a4000000                __c_stack_top__ = (ORIGIN (RAM) + 0x4000000)
OUTPUT(app_a elf32-littlearm)

.debug_info     0x0000000000000000    0x2d530
 .debug_info    0x0000000000000000      0x374 .obj/apf27/main.o
 .debug_info    0x0000000000000374       0x5f ./libs/liblibs.a(interrupt_asm.o)
 .debug_info    0x00000000000003d3      0x52b ./libs/liblibs.a(aitc.o)
 .debug_info    0x00000000000008fe      0x475 ./libs/liblibs.a(binary_xpm.o)
 .debug_info    0x0000000000000d73      0x10b ./libs/liblibs.a(exception.o)
 .debug_info    0x0000000000000e7e      0x4d7 ./libs/liblibs.a(gpt.o)
 .debug_info    0x0000000000001355      0x2dc ./libs/liblibs.a(interrupt.o)
 .debug_info    0x0000000000001631      0x3d5 ./libs/liblibs.a(linear_xpm.o)
 .debug_info    0x0000000000001a06       0x56 /home/samuel/workspace/se12/apf27/source/libapf27.a(crt0.o)
 .debug_info    0x0000000000001a5c       0x5f /home/samuel/workspace/se12/apf27/source/libapf27.a(imx27_mmu_asm.o)
 .debug_info    0x0000000000001abb      0x5e2 /home/samuel/workspace/se12/apf27/source/libapf27.a(imx27_gpio.o)
 .debug_info    0x000000000000209d      0x45a /home/samuel/workspace/se12/apf27/source/libapf27.a(imx27_lcdc.o)
 .debug_info    0x00000000000024f7      0x111 /home/samuel/workspace/se12/apf27/source/libapf27.a(imx27_mmu.o)
 .debug_info    0x0000000000002608       0x59 /home/samuel/workspace/se12/apf27/source/libapf27.a(string2.o)
 .debug_info    0x0000000000002661      0x44e /home/samuel/workspace/se12/apf27/source/libapf27.a(imx27_clock.o)
 .debug_info    0x0000000000002aaf      0x8e2 /usr/lib/arm-none-eabi/lib/libc.a(lib_a-calloc.o)
 .debug_info    0x0000000000003391      0x9e0 /usr/lib/arm-none-eabi/lib/libc.a(lib_a-callocr.o)
 .debug_info    0x0000000000003d71      0x894 /usr/lib/arm-none-eabi/lib/libc.a(lib_a-impure.o)
 .debug_info    0x0000000000004605      0x915 /usr/lib/arm-none-eabi/lib/libc.a(lib_a-malloc.o)
 .debug_info    0x0000000000004f1a      0xd81 /usr/lib/arm-none-eabi/lib/libc.a(lib_a-mallocr.o)
 .debug_info    0x0000000000005c9b      0x131 /usr/lib/arm-none-eabi/lib/libc.a(lib_a-memcpy-stub.o)
 .debug_info    0x0000000000005dcc      0x117 /usr/lib/arm-none-eabi/lib/libc.a(lib_a-memset.o)
 .debug_info    0x0000000000005ee3      0x8b4 /usr/lib/arm-none-eabi/lib/libc.a(lib_a-mlock.o)
 .debug_info    0x0000000000006797      0x9ab /usr/lib/arm-none-eabi/lib/libc.a(lib_a-printf.o)
 .debug_info    0x0000000000007142      0x935 /usr/lib/arm-none-eabi/lib/libc.a(lib_a-putchar.o)
 .debug_info    0x0000000000007a77      0xa16 /usr/lib/arm-none-eabi/lib/libc.a(lib_a-puts.o)
 .debug_info    0x000000000000848d      0xc63 /usr/lib/arm-none-eabi/lib/libc.a(lib_a-qsort.o)
 .debug_info    0x00000000000090f0      0x8f4 /usr/lib/arm-none-eabi/lib/libc.a(lib_a-sbrkr.o)
 .debug_info    0x00000000000099e4      0xa37 /usr/lib/arm-none-eabi/lib/libc.a(lib_a-sscanf.o)
 .debug_info    0x000000000000a41b      0xb89 /usr/lib/arm-none-eabi/lib/libc.a(lib_a-stdio.o)
 .debug_info    0x000000000000afa4       0xb5 /usr/lib/arm-none-eabi/lib/libc.a(lib_a-strlen.o)
 .debug_info    0x000000000000b059     0x142b /usr/lib/arm-none-eabi/lib/libc.a(lib_a-svfscanf.o)
 .debug_info    0x000000000000c484     0x185a /usr/lib/arm-none-eabi/lib/libc.a(lib_a-vfprintf.o)
 .debug_info    0x000000000000dcde      0x929 /usr/lib/arm-none-eabi/lib/libc.a(lib_a-writer.o)
 .debug_info    0x000000000000e607      0x93b /usr/lib/arm-none-eabi/lib/libc.a(lib_a-wsetup.o)
 .debug_info    0x000000000000ef42      0x8e0 /usr/lib/arm-none-eabi/lib/libc.a(lib_a-closer.o)
 .debug_info    0x000000000000f822       0x6f /usr/lib/arm-none-eabi/lib/libc.a(lib_a-ctype_.o)
 .debug_info    0x000000000000f891     0x1326 /usr/lib/arm-none-eabi/lib/libc.a(lib_a-dtoa.o)
 .debug_info    0x0000000000010bb7      0xab7 /usr/lib/arm-none-eabi/lib/libc.a(lib_a-fflush.o)
 .debug_info    0x000000000001166e      0xd39 /usr/lib/arm-none-eabi/lib/libc.a(lib_a-findfp.o)
 .debug_info    0x00000000000123a7      0xc06 /usr/lib/arm-none-eabi/lib/libc.a(lib_a-freer.o)
 .debug_info    0x0000000000012fad      0xc4a /usr/lib/arm-none-eabi/lib/libc.a(lib_a-fvwrite.o)
 .debug_info    0x0000000000013bf7      0x99e /usr/lib/arm-none-eabi/lib/libc.a(lib_a-fwalk.o)
 .debug_info    0x0000000000014595       0xc3 /usr/lib/arm-none-eabi/lib/libc.a(lib_a-iswspace.o)
 .debug_info    0x0000000000014658      0xbe5 /usr/lib/arm-none-eabi/lib/libc.a(lib_a-locale.o)
 .debug_info    0x000000000001523d      0x90c /usr/lib/arm-none-eabi/lib/libc.a(lib_a-lseekr.o)
 .debug_info    0x0000000000015b49      0xae6 /usr/lib/arm-none-eabi/lib/libc.a(lib_a-makebuf.o)
 .debug_info    0x000000000001662f      0xa8d /usr/lib/arm-none-eabi/lib/libc.a(lib_a-mbrtowc.o)
 .debug_info    0x00000000000170bc      0x9ec /usr/lib/arm-none-eabi/lib/libc.a(lib_a-mbtowc_r.o)
 .debug_info    0x0000000000017aa8      0x129 /usr/lib/arm-none-eabi/lib/libc.a(lib_a-memchr-stub.o)
 .debug_info    0x0000000000017bd1      0x131 /usr/lib/arm-none-eabi/lib/libc.a(lib_a-memmove.o)
 .debug_info    0x0000000000017d02     0x167e /usr/lib/arm-none-eabi/lib/libc.a(lib_a-mprec.o)
 .debug_info    0x0000000000019380      0xa0a /usr/lib/arm-none-eabi/lib/libc.a(lib_a-putc.o)
 .debug_info    0x0000000000019d8a      0x922 /usr/lib/arm-none-eabi/lib/libc.a(lib_a-readr.o)
 .debug_info    0x000000000001a6ac      0xcd4 /usr/lib/arm-none-eabi/lib/libc.a(lib_a-reallocr.o)
 .debug_info    0x000000000001b380      0x9f9 /usr/lib/arm-none-eabi/lib/libc.a(lib_a-reent.o)
 .debug_info    0x000000000001bd79       0xdb /usr/lib/arm-none-eabi/lib/libc.a(lib_a-s_fpclassify.o)
 .debug_info    0x000000000001be54       0xfb /usr/lib/arm-none-eabi/lib/libc.a(lib_a-sccl.o)
 .debug_info    0x000000000001bf4f       0xce /usr/lib/arm-none-eabi/lib/libc.a(lib_a-sf_nan.o)
 .debug_info    0x000000000001c01d      0x9ee /usr/lib/arm-none-eabi/lib/libc.a(lib_a-sprintf.o)
 .debug_info    0x000000000001ca0b       0xa0 /usr/lib/arm-none-eabi/lib/libc.a(lib_a-strcmp.o)
 .debug_info    0x000000000001caab     0x1804 /usr/lib/arm-none-eabi/lib/libc.a(lib_a-strtod.o)
 .debug_info    0x000000000001e2af      0x9a9 /usr/lib/arm-none-eabi/lib/libc.a(lib_a-strtol.o)
 .debug_info    0x000000000001ec58      0x939 /usr/lib/arm-none-eabi/lib/libc.a(lib_a-strtoll_r.o)
 .debug_info    0x000000000001f591      0x9a9 /usr/lib/arm-none-eabi/lib/libc.a(lib_a-strtoul.o)
 .debug_info    0x000000000001ff3a      0x939 /usr/lib/arm-none-eabi/lib/libc.a(lib_a-strtoull_r.o)
 .debug_info    0x0000000000020873     0x11a4 /usr/lib/arm-none-eabi/lib/libc.a(lib_a-svfiscanf.o)
 .debug_info    0x0000000000021a17     0x1678 /usr/lib/arm-none-eabi/lib/libc.a(lib_a-svfprintf.o)
 .debug_info    0x000000000002308f      0xa92 /usr/lib/arm-none-eabi/lib/libc.a(lib_a-ungetc.o)
 .debug_info    0x0000000000023b21     0x1538 /usr/lib/arm-none-eabi/lib/libc.a(lib_a-vfiprintf.o)
 .debug_info    0x0000000000025059      0x9cc /usr/lib/arm-none-eabi/lib/libc.a(lib_a-wbuf.o)
 .debug_info    0x0000000000025a25      0x9e5 /usr/lib/arm-none-eabi/lib/libc.a(lib_a-fclose.o)
 .debug_info    0x000000000002640a      0xac7 /usr/lib/arm-none-eabi/lib/libc.a(lib_a-fputwc.o)
 .debug_info    0x0000000000026ed1      0xa5e /usr/lib/arm-none-eabi/lib/libc.a(lib_a-fstatr.o)
 .debug_info    0x000000000002792f     0x10d5 /usr/lib/arm-none-eabi/lib/libc.a(lib_a-gdtoa-gethex.o)
 .debug_info    0x0000000000028a04      0x30a /usr/lib/arm-none-eabi/lib/libc.a(lib_a-gdtoa-hexnan.o)
 .debug_info    0x0000000000028d0e      0x8e0 /usr/lib/arm-none-eabi/lib/libc.a(lib_a-isattyr.o)
 .debug_info    0x00000000000295ee       0xf5 /usr/lib/arm-none-eabi/lib/libc.a(lib_a-strncmp.o)
 .debug_info    0x00000000000296e3     0x1015 /usr/lib/arm-none-eabi/lib/libc.a(lib_a-svfiprintf.o)
 .debug_info    0x000000000002a6f8      0xa77 /usr/lib/arm-none-eabi/lib/libc.a(lib_a-wcrtomb.o)
 .debug_info    0x000000000002b16f      0x9b5 /usr/lib/arm-none-eabi/lib/libc.a(lib_a-wctomb_r.o)
 .debug_info    0x000000000002bb24       0x94 /usr/lib/gcc/arm-none-eabi/4.8.2/libgcc.a(_udivsi3.o)
 .debug_info    0x000000000002bbb8       0x94 /usr/lib/gcc/arm-none-eabi/4.8.2/libgcc.a(_divsi3.o)
 .debug_info    0x000000000002bc4c       0x94 /usr/lib/gcc/arm-none-eabi/4.8.2/libgcc.a(_dvmd_tls.o)
 .debug_info    0x000000000002bce0       0x95 /usr/lib/gcc/arm-none-eabi/4.8.2/libgcc.a(_arm_addsubdf3.o)
 .debug_info    0x000000000002bd75       0x95 /usr/lib/gcc/arm-none-eabi/4.8.2/libgcc.a(_arm_muldivdf3.o)
 .debug_info    0x000000000002be0a       0x95 /usr/lib/gcc/arm-none-eabi/4.8.2/libgcc.a(_arm_cmpdf2.o)
 .debug_info    0x000000000002be9f       0x95 /usr/lib/gcc/arm-none-eabi/4.8.2/libgcc.a(_arm_fixdfsi.o)
 .debug_info    0x000000000002bf34       0x95 /usr/lib/gcc/arm-none-eabi/4.8.2/libgcc.a(_arm_fixunsdfsi.o)
 .debug_info    0x000000000002bfc9       0x95 /usr/lib/gcc/arm-none-eabi/4.8.2/libgcc.a(_arm_truncdfsf2.o)
 .debug_info    0x000000000002c05e       0x90 /usr/lib/gcc/arm-none-eabi/4.8.2/libgcc.a(_aeabi_uldivmod.o)
 .debug_info    0x000000000002c0ee      0x164 /usr/lib/gcc/arm-none-eabi/4.8.2/libgcc.a(bpabi.o)
 .debug_info    0x000000000002c252      0x5bd /usr/lib/gcc/arm-none-eabi/4.8.2/libgcc.a(_divdi3.o)
 .debug_info    0x000000000002c80f      0x57c /usr/lib/gcc/arm-none-eabi/4.8.2/libgcc.a(_udivdi3.o)
 .debug_info    0x000000000002cd8b       0x94 /usr/lib/gcc/arm-none-eabi/4.8.2/libgcc.a(_clzsi2.o)
 .debug_info    0x000000000002ce1f      0x45d /home/samuel/workspace/se12/apf27/source/libapf27.a(apf27_syscall.o)
 .debug_info    0x000000000002d27c      0x2b4 /home/samuel/workspace/se12/apf27/source/libapf27.a(imx27_serial.o)

.debug_abbrev   0x0000000000000000     0x992d
 .debug_abbrev  0x0000000000000000      0x18f .obj/apf27/main.o
 .debug_abbrev  0x000000000000018f       0x14 ./libs/liblibs.a(interrupt_asm.o)
 .debug_abbrev  0x00000000000001a3      0x153 ./libs/liblibs.a(aitc.o)
 .debug_abbrev  0x00000000000002f6      0x185 ./libs/liblibs.a(binary_xpm.o)
 .debug_abbrev  0x000000000000047b       0x86 ./libs/liblibs.a(exception.o)
 .debug_abbrev  0x0000000000000501      0x14c ./libs/liblibs.a(gpt.o)
 .debug_abbrev  0x000000000000064d      0x14e ./libs/liblibs.a(interrupt.o)
 .debug_abbrev  0x000000000000079b      0x140 ./libs/liblibs.a(linear_xpm.o)
 .debug_abbrev  0x00000000000008db       0x14 /home/samuel/workspace/se12/apf27/source/libapf27.a(crt0.o)
 .debug_abbrev  0x00000000000008ef       0x14 /home/samuel/workspace/se12/apf27/source/libapf27.a(imx27_mmu_asm.o)
 .debug_abbrev  0x0000000000000903      0x196 /home/samuel/workspace/se12/apf27/source/libapf27.a(imx27_gpio.o)
 .debug_abbrev  0x0000000000000a99      0x180 /home/samuel/workspace/se12/apf27/source/libapf27.a(imx27_lcdc.o)
 .debug_abbrev  0x0000000000000c19       0xa2 /home/samuel/workspace/se12/apf27/source/libapf27.a(imx27_mmu.o)
 .debug_abbrev  0x0000000000000cbb       0x14 /home/samuel/workspace/se12/apf27/source/libapf27.a(string2.o)
 .debug_abbrev  0x0000000000000ccf      0x15a /home/samuel/workspace/se12/apf27/source/libapf27.a(imx27_clock.o)
 .debug_abbrev  0x0000000000000e29      0x1d9 /usr/lib/arm-none-eabi/lib/libc.a(lib_a-calloc.o)
 .debug_abbrev  0x0000000000001002      0x213 /usr/lib/arm-none-eabi/lib/libc.a(lib_a-callocr.o)
 .debug_abbrev  0x0000000000001215      0x180 /usr/lib/arm-none-eabi/lib/libc.a(lib_a-impure.o)
 .debug_abbrev  0x0000000000001395      0x1f7 /usr/lib/arm-none-eabi/lib/libc.a(lib_a-malloc.o)
 .debug_abbrev  0x000000000000158c      0x2a2 /usr/lib/arm-none-eabi/lib/libc.a(lib_a-mallocr.o)
 .debug_abbrev  0x000000000000182e       0xab /usr/lib/arm-none-eabi/lib/libc.a(lib_a-memcpy-stub.o)
 .debug_abbrev  0x00000000000018d9       0x9f /usr/lib/arm-none-eabi/lib/libc.a(lib_a-memset.o)
 .debug_abbrev  0x0000000000001978      0x19a /usr/lib/arm-none-eabi/lib/libc.a(lib_a-mlock.o)
 .debug_abbrev  0x0000000000001b12      0x227 /usr/lib/arm-none-eabi/lib/libc.a(lib_a-printf.o)
 .debug_abbrev  0x0000000000001d39      0x1f7 /usr/lib/arm-none-eabi/lib/libc.a(lib_a-putchar.o)
 .debug_abbrev  0x0000000000001f30      0x235 /usr/lib/arm-none-eabi/lib/libc.a(lib_a-puts.o)
 .debug_abbrev  0x0000000000002165      0x1c1 /usr/lib/arm-none-eabi/lib/libc.a(lib_a-qsort.o)
 .debug_abbrev  0x0000000000002326      0x1fd /usr/lib/arm-none-eabi/lib/libc.a(lib_a-sbrkr.o)
 .debug_abbrev  0x0000000000002523      0x225 /usr/lib/arm-none-eabi/lib/libc.a(lib_a-sscanf.o)
 .debug_abbrev  0x0000000000002748      0x22b /usr/lib/arm-none-eabi/lib/libc.a(lib_a-stdio.o)
 .debug_abbrev  0x0000000000002973       0x70 /usr/lib/arm-none-eabi/lib/libc.a(lib_a-strlen.o)
 .debug_abbrev  0x00000000000029e3      0x2c8 /usr/lib/arm-none-eabi/lib/libc.a(lib_a-svfscanf.o)
 .debug_abbrev  0x0000000000002cab      0x3cd /usr/lib/arm-none-eabi/lib/libc.a(lib_a-vfprintf.o)
 .debug_abbrev  0x0000000000003078      0x1f4 /usr/lib/arm-none-eabi/lib/libc.a(lib_a-writer.o)
 .debug_abbrev  0x000000000000326c      0x20b /usr/lib/arm-none-eabi/lib/libc.a(lib_a-wsetup.o)
 .debug_abbrev  0x0000000000003477      0x1ef /usr/lib/arm-none-eabi/lib/libc.a(lib_a-closer.o)
 .debug_abbrev  0x0000000000003666       0x4e /usr/lib/arm-none-eabi/lib/libc.a(lib_a-ctype_.o)
 .debug_abbrev  0x00000000000036b4      0x2da /usr/lib/arm-none-eabi/lib/libc.a(lib_a-dtoa.o)
 .debug_abbrev  0x000000000000398e      0x28d /usr/lib/arm-none-eabi/lib/libc.a(lib_a-fflush.o)
 .debug_abbrev  0x0000000000003c1b      0x339 /usr/lib/arm-none-eabi/lib/libc.a(lib_a-findfp.o)
 .debug_abbrev  0x0000000000003f54      0x26b /usr/lib/arm-none-eabi/lib/libc.a(lib_a-freer.o)
 .debug_abbrev  0x00000000000041bf      0x247 /usr/lib/arm-none-eabi/lib/libc.a(lib_a-fvwrite.o)
 .debug_abbrev  0x0000000000004406      0x1c2 /usr/lib/arm-none-eabi/lib/libc.a(lib_a-fwalk.o)
 .debug_abbrev  0x00000000000045c8       0x83 /usr/lib/arm-none-eabi/lib/libc.a(lib_a-iswspace.o)
 .debug_abbrev  0x000000000000464b      0x2a3 /usr/lib/arm-none-eabi/lib/libc.a(lib_a-locale.o)
 .debug_abbrev  0x00000000000048ee      0x1fe /usr/lib/arm-none-eabi/lib/libc.a(lib_a-lseekr.o)
 .debug_abbrev  0x0000000000004aec      0x206 /usr/lib/arm-none-eabi/lib/libc.a(lib_a-makebuf.o)
 .debug_abbrev  0x0000000000004cf2      0x213 /usr/lib/arm-none-eabi/lib/libc.a(lib_a-mbrtowc.o)
 .debug_abbrev  0x0000000000004f05      0x212 /usr/lib/arm-none-eabi/lib/libc.a(lib_a-mbtowc_r.o)
 .debug_abbrev  0x0000000000005117       0xba /usr/lib/arm-none-eabi/lib/libc.a(lib_a-memchr-stub.o)
 .debug_abbrev  0x00000000000051d1       0xab /usr/lib/arm-none-eabi/lib/libc.a(lib_a-memmove.o)
 .debug_abbrev  0x000000000000527c      0x3bd /usr/lib/arm-none-eabi/lib/libc.a(lib_a-mprec.o)
 .debug_abbrev  0x0000000000005639      0x229 /usr/lib/arm-none-eabi/lib/libc.a(lib_a-putc.o)
 .debug_abbrev  0x0000000000005862      0x1ef /usr/lib/arm-none-eabi/lib/libc.a(lib_a-readr.o)
 .debug_abbrev  0x0000000000005a51      0x25b /usr/lib/arm-none-eabi/lib/libc.a(lib_a-reallocr.o)
 .debug_abbrev  0x0000000000005cac      0x258 /usr/lib/arm-none-eabi/lib/libc.a(lib_a-reent.o)
 .debug_abbrev  0x0000000000005f04       0x6f /usr/lib/arm-none-eabi/lib/libc.a(lib_a-s_fpclassify.o)
 .debug_abbrev  0x0000000000005f73       0x87 /usr/lib/arm-none-eabi/lib/libc.a(lib_a-sccl.o)
 .debug_abbrev  0x0000000000005ffa       0x72 /usr/lib/arm-none-eabi/lib/libc.a(lib_a-sf_nan.o)
 .debug_abbrev  0x000000000000606c      0x218 /usr/lib/arm-none-eabi/lib/libc.a(lib_a-sprintf.o)
 .debug_abbrev  0x0000000000006284       0x14 /usr/lib/arm-none-eabi/lib/libc.a(lib_a-strcmp.o)
 .debug_abbrev  0x0000000000006298      0x3e5 /usr/lib/arm-none-eabi/lib/libc.a(lib_a-strtod.o)
 .debug_abbrev  0x000000000000667d      0x214 /usr/lib/arm-none-eabi/lib/libc.a(lib_a-strtol.o)
 .debug_abbrev  0x0000000000006891      0x1be /usr/lib/arm-none-eabi/lib/libc.a(lib_a-strtoll_r.o)
 .debug_abbrev  0x0000000000006a4f      0x214 /usr/lib/arm-none-eabi/lib/libc.a(lib_a-strtoul.o)
 .debug_abbrev  0x0000000000006c63      0x1be /usr/lib/arm-none-eabi/lib/libc.a(lib_a-strtoull_r.o)
 .debug_abbrev  0x0000000000006e21      0x346 /usr/lib/arm-none-eabi/lib/libc.a(lib_a-svfiscanf.o)
 .debug_abbrev  0x0000000000007167      0x36f /usr/lib/arm-none-eabi/lib/libc.a(lib_a-svfprintf.o)
 .debug_abbrev  0x00000000000074d6      0x26f /usr/lib/arm-none-eabi/lib/libc.a(lib_a-ungetc.o)
 .debug_abbrev  0x0000000000007745      0x3cb /usr/lib/arm-none-eabi/lib/libc.a(lib_a-vfiprintf.o)
 .debug_abbrev  0x0000000000007b10      0x25b /usr/lib/arm-none-eabi/lib/libc.a(lib_a-wbuf.o)
 .debug_abbrev  0x0000000000007d6b      0x273 /usr/lib/arm-none-eabi/lib/libc.a(lib_a-fclose.o)
 .debug_abbrev  0x0000000000007fde      0x2a1 /usr/lib/arm-none-eabi/lib/libc.a(lib_a-fputwc.o)
 .debug_abbrev  0x000000000000827f      0x1fe /usr/lib/arm-none-eabi/lib/libc.a(lib_a-fstatr.o)
 .debug_abbrev  0x000000000000847d      0x31b /usr/lib/arm-none-eabi/lib/libc.a(lib_a-gdtoa-gethex.o)
 .debug_abbrev  0x0000000000008798      0x165 /usr/lib/arm-none-eabi/lib/libc.a(lib_a-gdtoa-hexnan.o)
 .debug_abbrev  0x00000000000088fd      0x1ef /usr/lib/arm-none-eabi/lib/libc.a(lib_a-isattyr.o)
 .debug_abbrev  0x0000000000008aec       0x81 /usr/lib/arm-none-eabi/lib/libc.a(lib_a-strncmp.o)
 .debug_abbrev  0x0000000000008b6d      0x2c5 /usr/lib/arm-none-eabi/lib/libc.a(lib_a-svfiprintf.o)
 .debug_abbrev  0x0000000000008e32      0x213 /usr/lib/arm-none-eabi/lib/libc.a(lib_a-wcrtomb.o)
 .debug_abbrev  0x0000000000009045      0x212 /usr/lib/arm-none-eabi/lib/libc.a(lib_a-wctomb_r.o)
 .debug_abbrev  0x0000000000009257       0x14 /usr/lib/gcc/arm-none-eabi/4.8.2/libgcc.a(_udivsi3.o)
 .debug_abbrev  0x000000000000926b       0x14 /usr/lib/gcc/arm-none-eabi/4.8.2/libgcc.a(_divsi3.o)
 .debug_abbrev  0x000000000000927f       0x14 /usr/lib/gcc/arm-none-eabi/4.8.2/libgcc.a(_dvmd_tls.o)
 .debug_abbrev  0x0000000000009293       0x14 /usr/lib/gcc/arm-none-eabi/4.8.2/libgcc.a(_arm_addsubdf3.o)
 .debug_abbrev  0x00000000000092a7       0x14 /usr/lib/gcc/arm-none-eabi/4.8.2/libgcc.a(_arm_muldivdf3.o)
 .debug_abbrev  0x00000000000092bb       0x14 /usr/lib/gcc/arm-none-eabi/4.8.2/libgcc.a(_arm_cmpdf2.o)
 .debug_abbrev  0x00000000000092cf       0x14 /usr/lib/gcc/arm-none-eabi/4.8.2/libgcc.a(_arm_fixdfsi.o)
 .debug_abbrev  0x00000000000092e3       0x14 /usr/lib/gcc/arm-none-eabi/4.8.2/libgcc.a(_arm_fixunsdfsi.o)
 .debug_abbrev  0x00000000000092f7       0x14 /usr/lib/gcc/arm-none-eabi/4.8.2/libgcc.a(_arm_truncdfsf2.o)
 .debug_abbrev  0x000000000000930b       0x14 /usr/lib/gcc/arm-none-eabi/4.8.2/libgcc.a(_aeabi_uldivmod.o)
 .debug_abbrev  0x000000000000931f       0xb7 /usr/lib/gcc/arm-none-eabi/4.8.2/libgcc.a(bpabi.o)
 .debug_abbrev  0x00000000000093d6      0x165 /usr/lib/gcc/arm-none-eabi/4.8.2/libgcc.a(_divdi3.o)
 .debug_abbrev  0x000000000000953b      0x154 /usr/lib/gcc/arm-none-eabi/4.8.2/libgcc.a(_udivdi3.o)
 .debug_abbrev  0x000000000000968f       0x14 /usr/lib/gcc/arm-none-eabi/4.8.2/libgcc.a(_clzsi2.o)
 .debug_abbrev  0x00000000000096a3      0x135 /home/samuel/workspace/se12/apf27/source/libapf27.a(apf27_syscall.o)
 .debug_abbrev  0x00000000000097d8      0x155 /home/samuel/workspace/se12/apf27/source/libapf27.a(imx27_serial.o)

.debug_aranges  0x0000000000000000      0xe90
 .debug_aranges
                0x0000000000000000       0x20 .obj/apf27/main.o
 .debug_aranges
                0x0000000000000020       0x20 ./libs/liblibs.a(interrupt_asm.o)
 .debug_aranges
                0x0000000000000040       0x20 ./libs/liblibs.a(aitc.o)
 .debug_aranges
                0x0000000000000060       0x20 ./libs/liblibs.a(binary_xpm.o)
 .debug_aranges
                0x0000000000000080       0x20 ./libs/liblibs.a(exception.o)
 .debug_aranges
                0x00000000000000a0       0x20 ./libs/liblibs.a(gpt.o)
 .debug_aranges
                0x00000000000000c0       0x20 ./libs/liblibs.a(interrupt.o)
 .debug_aranges
                0x00000000000000e0       0x20 ./libs/liblibs.a(linear_xpm.o)
 .debug_aranges
                0x0000000000000100       0x20 /home/samuel/workspace/se12/apf27/source/libapf27.a(crt0.o)
 .debug_aranges
                0x0000000000000120       0x20 /home/samuel/workspace/se12/apf27/source/libapf27.a(imx27_mmu_asm.o)
 .debug_aranges
                0x0000000000000140       0x20 /home/samuel/workspace/se12/apf27/source/libapf27.a(imx27_gpio.o)
 .debug_aranges
                0x0000000000000160       0x20 /home/samuel/workspace/se12/apf27/source/libapf27.a(imx27_lcdc.o)
 .debug_aranges
                0x0000000000000180       0x20 /home/samuel/workspace/se12/apf27/source/libapf27.a(imx27_mmu.o)
 .debug_aranges
                0x00000000000001a0       0x20 /home/samuel/workspace/se12/apf27/source/libapf27.a(string2.o)
 .debug_aranges
                0x00000000000001c0       0x20 /home/samuel/workspace/se12/apf27/source/libapf27.a(imx27_clock.o)
 .debug_aranges
                0x00000000000001e0       0x20 /usr/lib/arm-none-eabi/lib/libc.a(lib_a-calloc.o)
 .debug_aranges
                0x0000000000000200       0x20 /usr/lib/arm-none-eabi/lib/libc.a(lib_a-callocr.o)
 .debug_aranges
                0x0000000000000220       0x18 /usr/lib/arm-none-eabi/lib/libc.a(lib_a-impure.o)
 .debug_aranges