Archive member included because of file (symbol)

/home/samuel/workspace/se12/apf27/source/libapf27.a(crt0.o)
                              (_start)
/home/samuel/workspace/se12/apf27/source/libapf27.a(imx27_clock.o)
                              .obj/apf27/i2c.o (imx27_clock_get_ipgclk)
/home/samuel/workspace/se12/apf27/source/libapf27.a(imx27_gpio.o)
                              .obj/apf27/i2c.o (imx27_gpio_configure_controller)
/home/samuel/workspace/se12/apf27/source/libapf27.a(imx27_serial.o)
                              .obj/apf27/main.o (imx27_serial_tstc)
/usr/lib/arm-none-eabi/lib/libc.a(lib_a-impure.o)
                              .obj/apf27/main.o (_impure_ptr)
/usr/lib/arm-none-eabi/lib/libc.a(lib_a-printf.o)
                              .obj/apf27/display_7seg.o (printf)
/usr/lib/arm-none-eabi/lib/libc.a(lib_a-putchar.o)
                              .obj/apf27/main.o (putchar)
/usr/lib/arm-none-eabi/lib/libc.a(lib_a-puts.o)
                              .obj/apf27/main.o (puts)
/usr/lib/arm-none-eabi/lib/libc.a(lib_a-rget.o)
                              .obj/apf27/main.o (__srget_r)
/usr/lib/arm-none-eabi/lib/libc.a(lib_a-strlen.o)
                              /usr/lib/arm-none-eabi/lib/libc.a(lib_a-puts.o) (strlen)
/usr/lib/arm-none-eabi/lib/libc.a(lib_a-vfprintf.o)
                              /usr/lib/arm-none-eabi/lib/libc.a(lib_a-printf.o) (_vfprintf_r)
/usr/lib/arm-none-eabi/lib/libc.a(lib_a-wsetup.o)
                              /usr/lib/arm-none-eabi/lib/libc.a(lib_a-vfprintf.o) (__swsetup_r)
/usr/lib/arm-none-eabi/lib/libc.a(lib_a-dtoa.o)
                              /usr/lib/arm-none-eabi/lib/libc.a(lib_a-vfprintf.o) (_dtoa_r)
/usr/lib/arm-none-eabi/lib/libc.a(lib_a-fflush.o)
                              /usr/lib/arm-none-eabi/lib/libc.a(lib_a-vfprintf.o) (_fflush_r)
/usr/lib/arm-none-eabi/lib/libc.a(lib_a-findfp.o)
                              /usr/lib/arm-none-eabi/lib/libc.a(lib_a-rget.o) (__sinit)
/usr/lib/arm-none-eabi/lib/libc.a(lib_a-freer.o)
                              /usr/lib/arm-none-eabi/lib/libc.a(lib_a-wsetup.o) (_free_r)
/usr/lib/arm-none-eabi/lib/libc.a(lib_a-fvwrite.o)
                              /usr/lib/arm-none-eabi/lib/libc.a(lib_a-puts.o) (__sfvwrite_r)
/usr/lib/arm-none-eabi/lib/libc.a(lib_a-fwalk.o)
                              /usr/lib/arm-none-eabi/lib/libc.a(lib_a-findfp.o) (_fwalk)
/usr/lib/arm-none-eabi/lib/libc.a(lib_a-locale.o)
                              /usr/lib/arm-none-eabi/lib/libc.a(lib_a-vfprintf.o) (_localeconv_r)
/usr/lib/arm-none-eabi/lib/libc.a(lib_a-makebuf.o)
                              /usr/lib/arm-none-eabi/lib/libc.a(lib_a-wsetup.o) (__smakebuf_r)
/usr/lib/arm-none-eabi/lib/libc.a(lib_a-mallocr.o)
                              /usr/lib/arm-none-eabi/lib/libc.a(lib_a-findfp.o) (_malloc_r)
/usr/lib/arm-none-eabi/lib/libc.a(lib_a-memchr-stub.o)
                              /usr/lib/arm-none-eabi/lib/libc.a(lib_a-vfprintf.o) (memchr)
/usr/lib/arm-none-eabi/lib/libc.a(lib_a-memcpy-stub.o)
                              /usr/lib/arm-none-eabi/lib/libc.a(lib_a-dtoa.o) (memcpy)
/usr/lib/arm-none-eabi/lib/libc.a(lib_a-memmove.o)
                              /usr/lib/arm-none-eabi/lib/libc.a(lib_a-fvwrite.o) (memmove)
/usr/lib/arm-none-eabi/lib/libc.a(lib_a-memset.o)
                              /usr/lib/arm-none-eabi/lib/libc.a(lib_a-findfp.o) (memset)
/usr/lib/arm-none-eabi/lib/libc.a(lib_a-mlock.o)
                              /usr/lib/arm-none-eabi/lib/libc.a(lib_a-freer.o) (__malloc_lock)
/usr/lib/arm-none-eabi/lib/libc.a(lib_a-mprec.o)
                              /usr/lib/arm-none-eabi/lib/libc.a(lib_a-dtoa.o) (_Balloc)
/usr/lib/arm-none-eabi/lib/libc.a(lib_a-putc.o)
                              /usr/lib/arm-none-eabi/lib/libc.a(lib_a-putchar.o) (_putc_r)
/usr/lib/arm-none-eabi/lib/libc.a(lib_a-reallocr.o)
                              /usr/lib/arm-none-eabi/lib/libc.a(lib_a-fvwrite.o) (_realloc_r)
/usr/lib/arm-none-eabi/lib/libc.a(lib_a-refill.o)
                              /usr/lib/arm-none-eabi/lib/libc.a(lib_a-rget.o) (__srefill_r)
/usr/lib/arm-none-eabi/lib/libc.a(lib_a-s_fpclassify.o)
                              /usr/lib/arm-none-eabi/lib/libc.a(lib_a-vfprintf.o) (__fpclassifyd)
/usr/lib/arm-none-eabi/lib/libc.a(lib_a-sbrkr.o)
                              /usr/lib/arm-none-eabi/lib/libc.a(lib_a-freer.o) (_sbrk_r)
/usr/lib/arm-none-eabi/lib/libc.a(lib_a-stdio.o)
                              /usr/lib/arm-none-eabi/lib/libc.a(lib_a-findfp.o) (__sread)
/usr/lib/arm-none-eabi/lib/libc.a(lib_a-strcmp.o)
                              /usr/lib/arm-none-eabi/lib/libc.a(lib_a-locale.o) (strcmp)
/usr/lib/arm-none-eabi/lib/libc.a(lib_a-vfiprintf.o)
                              /usr/lib/arm-none-eabi/lib/libc.a(lib_a-vfprintf.o) (__sprint_r)
/usr/lib/arm-none-eabi/lib/libc.a(lib_a-wbuf.o)
                              /usr/lib/arm-none-eabi/lib/libc.a(lib_a-putc.o) (__swbuf_r)
[...]
Memory Configuration

Name             Origin             Length             Attributes
RAM              0x00000000a0000000 0x0000000004000000 xrw
*default*        0x0000000000000000 0xffffffffffffffff

Linker script and memory map

LOAD .obj/apf27/display_7seg.o
LOAD .obj/apf27/i2c.o
LOAD .obj/apf27/main.o
START GROUP
LOAD /home/samuel/workspace/se12/apf27/source/libapf27.a
LOAD /usr/lib/arm-none-eabi/lib/libc.a
LOAD /usr/lib/gcc/arm-none-eabi/4.8.2/libgcc.a
LOAD /usr/lib/arm-none-eabi/lib/libm.a
END GROUP
                0x0000000000080000                C_STACK_SIZE = 0x80000

.text           0x00000000a0000000     0xd414
                0x00000000a0000100                . = (. + 0x100)
 *fill*         0x00000000a0000000      0x100 
 *(.text_startup)
 .text_startup  0x00000000a0000100       0x58 /home/samuel/workspace/se12/apf27/source/libapf27.a(crt0.o)
                0x00000000a0000100                _start
                0x00000000a0000200                . = ALIGN (0x100)
 *fill*         0x00000000a0000158       0xa8 
 *(.text*)
 .text          0x00000000a0000200      0x1c8 .obj/apf27/display_7seg.o
                0x00000000a0000200                display_fpga_init
                0x00000000a0000238                display_val
                0x00000000a000033c                display_fpga_7seg
 .text          0x00000000a00003c8      0x660 .obj/apf27/i2c.o
                0x00000000a00003c8                i2c_init
                0x00000000a0000430                i2c_set_bus_speed
                0x00000000a0000778                i2c_probe
                0x00000000a00007d4                i2c_read
                0x00000000a0000968                i2c_write
 .text          0x00000000a0000a28      0x5bc .obj/apf27/main.o
                0x00000000a0000ae4                main
 .text          0x00000000a0000fe4        0x0 /home/samuel/workspace/se12/apf27/source/libapf27.a(crt0.o)
 .text          0x00000000a0000fe4      0x5e0 /home/samuel/workspace/se12/apf27/source/libapf27.a(imx27_clock.o)
                0x00000000a00011fc                imx27_clock_get_ahbclk
                0x00000000a0001234                imx27_clock_get_ipgclk
                0x00000000a0001250                imx27_clock_get_perclk1
                0x00000000a0001284                imx27_clock_get_perclk2
                0x00000000a00012bc                imx27_clock_get_perclk3
                0x00000000a00012f4                imx27_clock_get_perclk4
                0x00000000a000132c                imx27_clock_enable_line
                0x00000000a0001378                imx27_clock_disable_line
                0x00000000a00013c8                imx27_clock_config_cpsi
                0x00000000a0001434                imx27_clock_config_lcdc
                0x00000000a0001484                imx27_clock_enable_lcdc
                0x00000000a00014d4                imx27_clock_disable_lcdc
                0x00000000a0001524                imx27_clock_enable_fec
                0x00000000a0001574                imx27_clock_disable_fec
 .text          0x00000000a00015c4      0xf08 /home/samuel/workspace/se12/apf27/source/libapf27.a(imx27_gpio.o)
                0x00000000a00015c4                imx27_gpio_isr
                0x00000000a0001778                imx27_gpio_init
                0x00000000a00017a0                imx27_gpio_configure
                0x00000000a0001aa8                imx27_gpio_getbits
                0x00000000a0001b34                imx27_gpio_setbits
                0x00000000a0001b90                imx27_gpio_resetbits
                0x00000000a0001bf0                imx27_gpio_attach
                0x00000000a0001fd8                imx27_gpio_detach
                0x00000000a00021b4                imx27_gpio_enable
                0x00000000a0002224                imx27_gpio_disable
                0x00000000a00022b4                imx27_gpio_configure_controller
 .text          0x00000000a00024cc      0x454 /home/samuel/workspace/se12/apf27/source/libapf27.a(imx27_serial.o)
                0x00000000a0002538                imx27_serial_init
                0x00000000a00026f0                imx27_serial_putc
                0x00000000a000276c                imx27_serial_tstc
                0x00000000a00027b8                imx27_serial_getc
                0x00000000a0002820                imx27_serial_puts
                0x00000000a0002864                imx27_serial_set_baudrate
 .text          0x00000000a0002920        0x0 /usr/lib/arm-none-eabi/lib/libc.a(lib_a-impure.o)
 .text          0x00000000a0002920        0x0 /usr/lib/arm-none-eabi/lib/libc.a(lib_a-printf.o)
 .text._printf_r
                0x00000000a0002920       0x34 /usr/lib/arm-none-eabi/lib/libc.a(lib_a-printf.o)
                0x00000000a0002920                _printf_r
 .text.printf   0x00000000a0002954       0x40 /usr/lib/arm-none-eabi/lib/libc.a(lib_a-printf.o)
                0x00000000a0002954                printf
 .text          0x00000000a0002994        0x0 /usr/lib/arm-none-eabi/lib/libc.a(lib_a-putchar.o)
 .text._putchar_r
                0x00000000a0002994       0x14 /usr/lib/arm-none-eabi/lib/libc.a(lib_a-putchar.o)
                0x00000000a0002994                _putchar_r
 .text.putchar  0x00000000a00029a8       0x28 /usr/lib/arm-none-eabi/lib/libc.a(lib_a-putchar.o)
                0x00000000a00029a8                putchar
 .text          0x00000000a00029d0        0x0 /usr/lib/arm-none-eabi/lib/libc.a(lib_a-puts.o)
 .text._puts_r  0x00000000a00029d0       0x94 /usr/lib/arm-none-eabi/lib/libc.a(lib_a-puts.o)
                0x00000000a00029d0                _puts_r
 .text.puts     0x00000000a0002a64       0x14 /usr/lib/arm-none-eabi/lib/libc.a(lib_a-puts.o)
                0x00000000a0002a64                puts
 .text          0x00000000a0002a78        0x0 /usr/lib/arm-none-eabi/lib/libc.a(lib_a-rget.o)
 .text.__srget_r
                0x00000000a0002a78       0x5c /usr/lib/arm-none-eabi/lib/libc.a(lib_a-rget.o)
                0x00000000a0002a78                __srget_r
 .text.__srget  0x00000000a0002ad4       0x14 /usr/lib/arm-none-eabi/lib/libc.a(lib_a-rget.o)
                0x00000000a0002ad4                __srget
 .text          0x00000000a0002ae8        0x0 /usr/lib/arm-none-eabi/lib/libc.a(lib_a-strlen.o)
 .text.strlen   0x00000000a0002ae8       0x60 /usr/lib/arm-none-eabi/lib/libc.a(lib_a-strlen.o)
                0x00000000a0002ae8                strlen
 .text          0x00000000a0002b48        0x0 /usr/lib/arm-none-eabi/lib/libc.a(lib_a-vfprintf.o)
 .text._vfprintf_r
                0x00000000a0002b48     0x1fe4 /usr/lib/arm-none-eabi/lib/libc.a(lib_a-vfprintf.o)
                0x00000000a0002b48                _vfprintf_r
 .text.vfprintf
                0x00000000a0004b2c       0x28 /usr/lib/arm-none-eabi/lib/libc.a(lib_a-vfprintf.o)
                0x00000000a0004b2c                vfprintf
 .text.__sbprintf
                0x00000000a0004b54       0xd0 /usr/lib/arm-none-eabi/lib/libc.a(lib_a-vfprintf.o)
 .text          0x00000000a0004c24        0x0 /usr/lib/arm-none-eabi/lib/libc.a(lib_a-wsetup.o)
 .text.__swsetup_r
                0x00000000a0004c24      0x15c /usr/lib/arm-none-eabi/lib/libc.a(lib_a-wsetup.o)
                0x00000000a0004c24                __swsetup_r
 .text          0x00000000a0004d80        0x0 /usr/lib/arm-none-eabi/lib/libc.a(lib_a-dtoa.o)
 .text.quorem   0x00000000a0004d80      0x1e0 /usr/lib/arm-none-eabi/lib/libc.a(lib_a-dtoa.o)
 .text._dtoa_r  0x00000000a0004f60     0x16f8 /usr/lib/arm-none-eabi/lib/libc.a(lib_a-dtoa.o)
                0x00000000a0004f60                _dtoa_r
 .text          0x00000000a0006658        0x0 /usr/lib/arm-none-eabi/lib/libc.a(lib_a-fflush.o)
 .text.__sflush_r
                0x00000000a0006658      0x244 /usr/lib/arm-none-eabi/lib/libc.a(lib_a-fflush.o)
                0x00000000a0006658                __sflush_r
 .text._fflush_r
                0x00000000a000689c       0x54 /usr/lib/arm-none-eabi/lib/libc.a(lib_a-fflush.o)
                0x00000000a000689c                _fflush_r
 .text.fflush   0x00000000a00068f0       0x3c /usr/lib/arm-none-eabi/lib/libc.a(lib_a-fflush.o)
                0x00000000a00068f0                fflush
 .text          0x00000000a000692c        0x0 /usr/lib/arm-none-eabi/lib/libc.a(lib_a-findfp.o)
 .text.__fp_lock
                0x00000000a000692c        0x8 /usr/lib/arm-none-eabi/lib/libc.a(lib_a-findfp.o)
 .text.__fp_unlock
                0x00000000a0006934        0x8 /usr/lib/arm-none-eabi/lib/libc.a(lib_a-findfp.o)
 .text._cleanup_r
                0x00000000a000693c       0x18 /usr/lib/arm-none-eabi/lib/libc.a(lib_a-findfp.o)
                0x00000000a000693c                _cleanup_r
 .text.__sfmoreglue
                0x00000000a0006954       0x50 /usr/lib/arm-none-eabi/lib/libc.a(lib_a-findfp.o)
                0x00000000a0006954                __sfmoreglue
 .text._cleanup
                0x00000000a00069a4       0x24 /usr/lib/arm-none-eabi/lib/libc.a(lib_a-findfp.o)
                0x00000000a00069a4                _cleanup
 .text.__sinit  0x00000000a00069c8      0x168 /usr/lib/arm-none-eabi/lib/libc.a(lib_a-findfp.o)
                0x00000000a00069c8                __sinit
 .text.__sfp    0x00000000a0006b30       0xf8 /usr/lib/arm-none-eabi/lib/libc.a(lib_a-findfp.o)
                0x00000000a0006b30                __sfp
 .text.__sfp_lock_acquire
                0x00000000a0006c28        0x4 /usr/lib/arm-none-eabi/lib/libc.a(lib_a-findfp.o)
                0x00000000a0006c28                __sfp_lock_acquire
 .text.__sfp_lock_release
                0x00000000a0006c2c        0x4 /usr/lib/arm-none-eabi/lib/libc.a(lib_a-findfp.o)
                0x00000000a0006c2c                __sfp_lock_release
 .text.__sinit_lock_acquire
                0x00000000a0006c30        0x4 /usr/lib/arm-none-eabi/lib/libc.a(lib_a-findfp.o)
                0x00000000a0006c30                __sinit_lock_acquire
 .text.__sinit_lock_release
                0x00000000a0006c34        0x4 /usr/lib/arm-none-eabi/lib/libc.a(lib_a-findfp.o)
                0x00000000a0006c34                __sinit_lock_release
 .text.__fp_lock_all
                0x00000000a0006c38       0x24 /usr/lib/arm-none-eabi/lib/libc.a(lib_a-findfp.o)
                0x00000000a0006c38                __fp_lock_all
 .text.__fp_unlock_all
                0x00000000a0006c5c       0x24 /usr/lib/arm-none-eabi/lib/libc.a(lib_a-findfp.o)
                0x00000000a0006c5c                __fp_unlock_all
 .text          0x00000000a0006c80        0x0 /usr/lib/arm-none-eabi/lib/libc.a(lib_a-freer.o)
 .text._malloc_trim_r
                0x00000000a0006c80      0x100 /usr/lib/arm-none-eabi/lib/libc.a(lib_a-freer.o)
                0x00000000a0006c80                _malloc_trim_r
 .text._free_r  0x00000000a0006d80      0x26c /usr/lib/arm-none-eabi/lib/libc.a(lib_a-freer.o)
                0x00000000a0006d80                _free_r
 .text          0x00000000a0006fec        0x0 /usr/lib/arm-none-eabi/lib/libc.a(lib_a-fvwrite.o)
 .text.__sfvwrite_r
                0x00000000a0006fec      0x4dc /usr/lib/arm-none-eabi/lib/libc.a(lib_a-fvwrite.o)
                0x00000000a0006fec                __sfvwrite_r
 .text          0x00000000a00074c8        0x0 /usr/lib/arm-none-eabi/lib/libc.a(lib_a-fwalk.o)
 .text._fwalk   0x00000000a00074c8       0x84 /usr/lib/arm-none-eabi/lib/libc.a(lib_a-fwalk.o)
                0x00000000a00074c8                _fwalk
 .text._fwalk_reent
                0x00000000a000754c       0x8c /usr/lib/arm-none-eabi/lib/libc.a(lib_a-fwalk.o)
                0x00000000a000754c                _fwalk_reent
 .text          0x00000000a00075d8        0x0 /usr/lib/arm-none-eabi/lib/libc.a(lib_a-locale.o)
 .text._setlocale_r
                0x00000000a00075d8       0x70 /usr/lib/arm-none-eabi/lib/libc.a(lib_a-locale.o)
                0x00000000a00075d8                _setlocale_r
 .text.__locale_charset
                0x00000000a0007648        0xc /usr/lib/arm-none-eabi/lib/libc.a(lib_a-locale.o)
                0x00000000a0007648                __locale_charset
 .text.__locale_mb_cur_max
                0x00000000a0007654       0x10 /usr/lib/arm-none-eabi/lib/libc.a(lib_a-locale.o)
                0x00000000a0007654                __locale_mb_cur_max
 .text.__locale_msgcharset
                0x00000000a0007664        0xc /usr/lib/arm-none-eabi/lib/libc.a(lib_a-locale.o)
                0x00000000a0007664                __locale_msgcharset
 .text.__locale_cjk_lang
                0x00000000a0007670        0x8 /usr/lib/arm-none-eabi/lib/libc.a(lib_a-locale.o)
                0x00000000a0007670                __locale_cjk_lang
 .text._localeconv_r
                0x00000000a0007678        0xc /usr/lib/arm-none-eabi/lib/libc.a(lib_a-locale.o)
                0x00000000a0007678                _localeconv_r
 .text.setlocale
                0x00000000a0007684       0x18 /usr/lib/arm-none-eabi/lib/libc.a(lib_a-locale.o)
                0x00000000a0007684                setlocale
 .text.localeconv
                0x00000000a000769c        0xc /usr/lib/arm-none-eabi/lib/libc.a(lib_a-locale.o)
                0x00000000a000769c                localeconv
 .text          0x00000000a00076a8        0x0 /usr/lib/arm-none-eabi/lib/libc.a(lib_a-makebuf.o)
 .text.__smakebuf_r
                0x00000000a00076a8      0x174 /usr/lib/arm-none-eabi/lib/libc.a(lib_a-makebuf.o)
                0x00000000a00076a8                __smakebuf_r
 .text          0x00000000a000781c        0x0 /usr/lib/arm-none-eabi/lib/libc.a(lib_a-mallocr.o)
 .text._malloc_r
                0x00000000a000781c      0x74c /usr/lib/arm-none-eabi/lib/libc.a(lib_a-mallocr.o)
                0x00000000a000781c                _malloc_r
 .text          0x00000000a0007f68        0x0 /usr/lib/arm-none-eabi/lib/libc.a(lib_a-memchr-stub.o)
 .text.memchr   0x00000000a0007f68      0x114 /usr/lib/arm-none-eabi/lib/libc.a(lib_a-memchr-stub.o)
                0x00000000a0007f68                memchr
 .text          0x00000000a000807c        0x0 /usr/lib/arm-none-eabi/lib/libc.a(lib_a-memcpy-stub.o)
 .text.memcpy   0x00000000a000807c       0xf0 /usr/lib/arm-none-eabi/lib/libc.a(lib_a-memcpy-stub.o)
                0x00000000a000807c                memcpy
 .text          0x00000000a000816c        0x0 /usr/lib/arm-none-eabi/lib/libc.a(lib_a-memmove.o)
 .text.memmove  0x00000000a000816c      0x134 /usr/lib/arm-none-eabi/lib/libc.a(lib_a-memmove.o)
                0x00000000a000816c                memmove
 .text          0x00000000a00082a0        0x0 /usr/lib/arm-none-eabi/lib/libc.a(lib_a-memset.o)
 .text.memset   0x00000000a00082a0       0xf4 /usr/lib/arm-none-eabi/lib/libc.a(lib_a-memset.o)
                0x00000000a00082a0                memset
 .text          0x00000000a0008394        0x0 /usr/lib/arm-none-eabi/lib/libc.a(lib_a-mlock.o)
 .text.__malloc_lock
                0x00000000a0008394        0x4 /usr/lib/arm-none-eabi/lib/libc.a(lib_a-mlock.o)
                0x00000000a0008394                __malloc_lock
 .text.__malloc_unlock
                0x00000000a0008398        0x4 /usr/lib/arm-none-eabi/lib/libc.a(lib_a-mlock.o)
                0x00000000a0008398                __malloc_unlock
 .text          0x00000000a000839c        0x0 /usr/lib/arm-none-eabi/lib/libc.a(lib_a-mprec.o)
 .text._Balloc  0x00000000a000839c       0x8c /usr/lib/arm-none-eabi/lib/libc.a(lib_a-mprec.o)
                0x00000000a000839c                _Balloc
 .text._Bfree   0x00000000a0008428       0x1c /usr/lib/arm-none-eabi/lib/libc.a(lib_a-mprec.o)
                0x00000000a0008428                _Bfree
 .text.__multadd
                0x00000000a0008444       0xdc /usr/lib/arm-none-eabi/lib/libc.a(lib_a-mprec.o)
                0x00000000a0008444                __multadd
 .text.__s2b    0x00000000a0008520       0xe8 /usr/lib/arm-none-eabi/lib/libc.a(lib_a-mprec.o)
                0x00000000a0008520                __s2b
 .text.__hi0bits
                0x00000000a0008608       0x5c /usr/lib/arm-none-eabi/lib/libc.a(lib_a-mprec.o)
                0x00000000a0008608                __hi0bits
 .text.__lo0bits
                0x00000000a0008664       0x94 /usr/lib/arm-none-eabi/lib/libc.a(lib_a-mprec.o)
                0x00000000a0008664                __lo0bits
 .text.__i2b    0x00000000a00086f8       0x24 /usr/lib/arm-none-eabi/lib/libc.a(lib_a-mprec.o)
                0x00000000a00086f8                __i2b
 .text.__multiply
                0x00000000a000871c      0x1e8 /usr/lib/arm-none-eabi/lib/libc.a(lib_a-mprec.o)
                0x00000000a000871c                __multiply
 .text.__pow5mult
                0x00000000a0008904      0x104 /usr/lib/arm-none-eabi/lib/libc.a(lib_a-mprec.o)
                0x00000000a0008904                __pow5mult
 .text.__lshift
                0x00000000a0008a08      0x10c /usr/lib/arm-none-eabi/lib/libc.a(lib_a-mprec.o)
                0x00000000a0008a08                __lshift
 .text.__mcmp   0x00000000a0008b14       0x60 /usr/lib/arm-none-eabi/lib/libc.a(lib_a-mprec.o)
                0x00000000a0008b14                __mcmp
 .text.__mdiff  0x00000000a0008b74      0x144 /usr/lib/arm-none-eabi/lib/libc.a(lib_a-mprec.o)
                0x00000000a0008b74                __mdiff
 .text.__ulp    0x00000000a0008cb8       0x64 /usr/lib/arm-none-eabi/lib/libc.a(lib_a-mprec.o)
                0x00000000a0008cb8                __ulp
 .text.__b2d    0x00000000a0008d1c       0xd8 /usr/lib/arm-none-eabi/lib/libc.a(lib_a-mprec.o)
                0x00000000a0008d1c                __b2d
 .text.__d2b    0x00000000a0008df4      0x10c /usr/lib/arm-none-eabi/lib/libc.a(lib_a-mprec.o)
                0x00000000a0008df4                __d2b
 .text.__ratio  0x00000000a0008f00       0x88 /usr/lib/arm-none-eabi/lib/libc.a(lib_a-mprec.o)
                0x00000000a0008f00                __ratio
 .text._mprec_log10
                0x00000000a0008f88       0x54 /usr/lib/arm-none-eabi/lib/libc.a(lib_a-mprec.o)
                0x00000000a0008f88                _mprec_log10
 .text.__copybits
                0x00000000a0008fdc       0x70 /usr/lib/arm-none-eabi/lib/libc.a(lib_a-mprec.o)
                0x00000000a0008fdc                __copybits
 .text.__any_on
                0x00000000a000904c       0x7c /usr/lib/arm-none-eabi/lib/libc.a(lib_a-mprec.o)
                0x00000000a000904c                __any_on
 .text          0x00000000a00090c8        0x0 /usr/lib/arm-none-eabi/lib/libc.a(lib_a-putc.o)
 .text._putc_r  0x00000000a00090c8       0xa4 /usr/lib/arm-none-eabi/lib/libc.a(lib_a-putc.o)
                0x00000000a00090c8                _putc_r
 .text.putc     0x00000000a000916c       0xb4 /usr/lib/arm-none-eabi/lib/libc.a(lib_a-putc.o)
                0x00000000a000916c                putc
 .text          0x00000000a0009220        0x0 /usr/lib/arm-none-eabi/lib/libc.a(lib_a-reallocr.o)
 .text._realloc_r
                0x00000000a0009220      0x56c /usr/lib/arm-none-eabi/lib/libc.a(lib_a-reallocr.o)
                0x00000000a0009220                _realloc_r
 .text          0x00000000a000978c        0x0 /usr/lib/arm-none-eabi/lib/libc.a(lib_a-refill.o)
 .text.lflush   0x00000000a000978c       0x2c /usr/lib/arm-none-eabi/lib/libc.a(lib_a-refill.o)
 .text.__srefill_r
                0x00000000a00097b8      0x1e0 /usr/lib/arm-none-eabi/lib/libc.a(lib_a-refill.o)
                0x00000000a00097b8                __srefill_r
 .text          0x00000000a0009998        0x0 /usr/lib/arm-none-eabi/lib/libc.a(lib_a-s_fpclassify.o)
 .text.__fpclassifyd
                0x00000000a0009998       0x6c /usr/lib/arm-none-eabi/lib/libc.a(lib_a-s_fpclassify.o)
                0x00000000a0009998                __fpclassifyd
 .text          0x00000000a0009a04        0x0 /usr/lib/arm-none-eabi/lib/libc.a(lib_a-sbrkr.o)
 .text._sbrk_r  0x00000000a0009a04       0x44 /usr/lib/arm-none-eabi/lib/libc.a(lib_a-sbrkr.o)
                0x00000000a0009a04                _sbrk_r
 .text          0x00000000a0009a48        0x0 /usr/lib/arm-none-eabi/lib/libc.a(lib_a-stdio.o)
 .text.__sread  0x00000000a0009a48       0x34 /usr/lib/arm-none-eabi/lib/libc.a(lib_a-stdio.o)
                0x00000000a0009a48                __sread
 .text.__seofread
                0x00000000a0009a7c        0x8 /usr/lib/arm-none-eabi/lib/libc.a(lib_a-stdio.o)
                0x00000000a0009a7c                __seofread
 .text.__swrite
                0x00000000a0009a84       0x58 /usr/lib/arm-none-eabi/lib/libc.a(lib_a-stdio.o)
                0x00000000a0009a84                __swrite
 .text.__sseek  0x00000000a0009adc       0x30 /usr/lib/arm-none-eabi/lib/libc.a(lib_a-stdio.o)
                0x00000000a0009adc                __sseek
 .text.__sclose
                0x00000000a0009b0c       0x14 /usr/lib/arm-none-eabi/lib/libc.a(lib_a-stdio.o)
                0x00000000a0009b0c                __sclose
 .text          0x00000000a0009b20      0x230 /usr/lib/arm-none-eabi/lib/libc.a(lib_a-strcmp.o)
                0x00000000a0009b20                strcmp
 .text          0x00000000a0009d50        0x0 /usr/lib/arm-none-eabi/lib/libc.a(lib_a-vfiprintf.o)
 .text.__sprint_r.part.0
                0x00000000a0009d50       0xac /usr/lib/arm-none-eabi/lib/libc.a(lib_a-vfiprintf.o)
 .text.__sprint_r
                0x00000000a0009dfc       0x18 /usr/lib/arm-none-eabi/lib/libc.a(lib_a-vfiprintf.o)
                0x00000000a0009dfc                __sprint_r
 .text._vfiprintf_r
                0x00000000a0009e14     0x1300 /usr/lib/arm-none-eabi/lib/libc.a(lib_a-vfiprintf.o)
                0x00000000a0009e14                _vfiprintf_r
 .text.vfiprintf
                0x00000000a000b114       0x28 /usr/lib/arm-none-eabi/lib/libc.a(lib_a-vfiprintf.o)
                0x00000000a000b114                vfiprintf
 .text.__sbprintf
                0x00000000a000b13c       0xd0 /usr/lib/arm-none-eabi/lib/libc.a(lib_a-vfiprintf.o)
 .text          0x00000000a000b20c        0x0 /usr/lib/arm-none-eabi/lib/libc.a(lib_a-wbuf.o)
 .text.__swbuf_r
                0x00000000a000b20c      0x124 /usr/lib/arm-none-eabi/lib/libc.a(lib_a-wbuf.o)
                0x00000000a000b20c                __swbuf_r
 .text.__swbuf  0x00000000a000b330       0x18 /usr/lib/arm-none-eabi/lib/libc.a(lib_a-wbuf.o)
                0x00000000a000b330                __swbuf
 .text          0x00000000a000b348        0x0 /usr/lib/arm-none-eabi/lib/libc.a(lib_a-writer.o)
 .text._write_r
                0x00000000a000b348       0x44 /usr/lib/arm-none-eabi/lib/libc.a(lib_a-writer.o)
                0x00000000a000b348                _write_r
 .text          0x00000000a000b38c        0x0 /usr/lib/arm-none-eabi/lib/libc.a(lib_a-callocr.o)
 .text._calloc_r
                0x00000000a000b38c       0x9c /usr/lib/arm-none-eabi/lib/libc.a(lib_a-callocr.o)
                0x00000000a000b38c                _calloc_r
 .text          0x00000000a000b428        0x0 /usr/lib/arm-none-eabi/lib/libc.a(lib_a-closer.o)
 .text._close_r
                0x00000000a000b428       0x3c /usr/lib/arm-none-eabi/lib/libc.a(lib_a-closer.o)
                0x00000000a000b428                _close_r
 .text          0x00000000a000b464        0x0 /usr/lib/arm-none-eabi/lib/libc.a(lib_a-fclose.o)
 .text._fclose_r
                0x00000000a000b464       0xf0 /usr/lib/arm-none-eabi/lib/libc.a(lib_a-fclose.o)
                0x00000000a000b464                _fclose_r
 .text.fclose   0x00000000a000b554       0x14 /usr/lib/arm-none-eabi/lib/libc.a(lib_a-fclose.o)
                0x00000000a000b554                fclose
 .text          0x00000000a000b568        0x0 /usr/lib/arm-none-eabi/lib/libc.a(lib_a-fputwc.o)
 .text._fputwc_r
                0x00000000a000b568      0x144 /usr/lib/arm-none-eabi/lib/libc.a(lib_a-fputwc.o)
                0x00000000a000b568                _fputwc_r
 .text.fputwc   0x00000000a000b6ac       0x44 /usr/lib/arm-none-eabi/lib/libc.a(lib_a-fputwc.o)
                0x00000000a000b6ac                fputwc
 .text          0x00000000a000b6f0        0x0 /usr/lib/arm-none-eabi/lib/libc.a(lib_a-fstatr.o)
 .text._fstat_r
                0x00000000a000b6f0       0x40 /usr/lib/arm-none-eabi/lib/libc.a(lib_a-fstatr.o)
                0x00000000a000b6f0                _fstat_r
 .text          0x00000000a000b730        0x0 /usr/lib/arm-none-eabi/lib/libc.a(lib_a-isattyr.o)
 .text._isatty_r
                0x00000000a000b730       0x3c /usr/lib/arm-none-eabi/lib/libc.a(lib_a-isattyr.o)
                0x00000000a000b730                _isatty_r
 .text          0x00000000a000b76c        0x0 /usr/lib/arm-none-eabi/lib/libc.a(lib_a-lseekr.o)
 .text._lseek_r
                0x00000000a000b76c       0x44 /usr/lib/arm-none-eabi/lib/libc.a(lib_a-lseekr.o)
                0x00000000a000b76c                _lseek_r
 .text          0x00000000a000b7b0        0x0 /usr/lib/arm-none-eabi/lib/libc.a(lib_a-readr.o)
 .text._read_r  0x00000000a000b7b0       0x44 /usr/lib/arm-none-eabi/lib/libc.a(lib_a-readr.o)
                0x00000000a000b7b0                _read_r
 .text          0x00000000a000b7f4        0x0 /usr/lib/arm-none-eabi/lib/libc.a(lib_a-reent.o)
 .text.cleanup_glue
                0x00000000a000b7f4       0x2c /usr/lib/arm-none-eabi/lib/libc.a(lib_a-reent.o)
                0x00000000a000b7f4                cleanup_glue
 .text._reclaim_reent
                0x00000000a000b820      0x108 /usr/lib/arm-none-eabi/lib/libc.a(lib_a-reent.o)
                0x00000000a000b820                _reclaim_reent
 .text          0x00000000a000b928        0x0 /usr/lib/arm-none-eabi/lib/libc.a(lib_a-wcrtomb.o)
 .text._wcrtomb_r
                0x00000000a000b928       0x90 /usr/lib/arm-none-eabi/lib/libc.a(lib_a-wcrtomb.o)
                0x00000000a000b928                _wcrtomb_r
 .text.wcrtomb  0x00000000a000b9b8       0x98 /usr/lib/arm-none-eabi/lib/libc.a(lib_a-wcrtomb.o)
                0x00000000a000b9b8                wcrtomb
 .text          0x00000000a000ba50        0x0 /usr/lib/arm-none-eabi/lib/libc.a(lib_a-wctomb_r.o)
 .text.__ascii_wctomb
                0x00000000a000ba50       0x2c /usr/lib/arm-none-eabi/lib/libc.a(lib_a-wctomb_r.o)
                0x00000000a000ba50                __ascii_wctomb
 .text._wctomb_r
                0x00000000a000ba7c       0x50 /usr/lib/arm-none-eabi/lib/libc.a(lib_a-wctomb_r.o)
                0x00000000a000ba7c                _wctomb_r
 .text          0x00000000a000bacc      0x114 /usr/lib/gcc/arm-none-eabi/4.8.2/libgcc.a(_udivsi3.o)
                0x00000000a000bacc                __udivsi3
                0x00000000a000bacc                __aeabi_uidiv
                0x00000000a000bbc0                __aeabi_uidivmod
 .text          0x00000000a000bbe0      0x148 /usr/lib/gcc/arm-none-eabi/4.8.2/libgcc.a(_divsi3.o)
                0x00000000a000bbe0                __aeabi_idiv
                0x00000000a000bbe0                __divsi3
                0x00000000a000bd08                __aeabi_idivmod
 .text          0x00000000a000bd28        0x4 /usr/lib/gcc/arm-none-eabi/4.8.2/libgcc.a(_dvmd_tls.o)
                0x00000000a000bd28                __aeabi_ldiv0
                0x00000000a000bd28                __aeabi_idiv0
 .text          0x00000000a000bd2c      0x41c /usr/lib/gcc/arm-none-eabi/4.8.2/libgcc.a(_arm_addsubdf3.o)
                0x00000000a000bd2c                __aeabi_drsub
                0x00000000a000bd34                __aeabi_dsub
                0x00000000a000bd34                __subdf3
                0x00000000a000bd38                __adddf3
                0x00000000a000bd38                __aeabi_dadd
                0x00000000a000c048                __aeabi_ui2d
                0x00000000a000c048                __floatunsidf
                0x00000000a000c06c                __floatsidf
                0x00000000a000c06c                __aeabi_i2d
                0x00000000a000c094                __extendsfdf2
                0x00000000a000c094                __aeabi_f2d
                0x00000000a000c0d4                __aeabi_ul2d
                0x00000000a000c0d4                __floatundidf
                0x00000000a000c0e8                __floatdidf
                0x00000000a000c0e8                __aeabi_l2d
 .text          0x00000000a000c148      0x49c /usr/lib/gcc/arm-none-eabi/4.8.2/libgcc.a(_arm_muldivdf3.o)
                0x00000000a000c148                __aeabi_dmul
                0x00000000a000c148                __muldf3
                0x00000000a000c3d8                __aeabi_ddiv
                0x00000000a000c3d8                __divdf3
 .text          0x00000000a000c5e4      0x144 /usr/lib/gcc/arm-none-eabi/4.8.2/libgcc.a(_arm_cmpdf2.o)
                0x00000000a000c5e4                __gtdf2
                0x00000000a000c5e4                __gedf2
                0x00000000a000c5ec                __ltdf2
                0x00000000a000c5ec                __ledf2
                0x00000000a000c5f4                __cmpdf2
                0x00000000a000c5f4                __eqdf2
                0x00000000a000c5f4                __nedf2
                0x00000000a000c67c                __aeabi_cdrcmple
                0x00000000a000c698                __aeabi_cdcmple
                0x00000000a000c698                __aeabi_cdcmpeq
                0x00000000a000c6b0                __aeabi_dcmpeq
                0x00000000a000c6c8                __aeabi_dcmplt
                0x00000000a000c6e0                __aeabi_dcmple
                0x00000000a000c6f8                __aeabi_dcmpge
                0x00000000a000c710                __aeabi_dcmpgt
 .text          0x00000000a000c728       0x5c /usr/lib/gcc/arm-none-eabi/4.8.2/libgcc.a(_arm_fixdfsi.o)
                0x00000000a000c728                __fixdfsi
                0x00000000a000c728                __aeabi_d2iz
 .text          0x00000000a000c784       0x3c /usr/lib/gcc/arm-none-eabi/4.8.2/libgcc.a(_aeabi_uldivmod.o)
                0x00000000a000c784                __aeabi_uldivmod
 .text          0x00000000a000c7c0       0x84 /usr/lib/gcc/arm-none-eabi/4.8.2/libgcc.a(bpabi.o)
                0x00000000a000c7c0                __gnu_ldivmod_helper
                0x00000000a000c804                __gnu_uldivmod_helper
 .text          0x00000000a000c844      0x4d0 /usr/lib/gcc/arm-none-eabi/4.8.2/libgcc.a(_divdi3.o)
                0x00000000a000c844                __divdi3
 .text          0x00000000a000cd14      0x470 /usr/lib/gcc/arm-none-eabi/4.8.2/libgcc.a(_udivdi3.o)
                0x00000000a000cd14                __udivdi3
 .text          0x00000000a000d184       0x48 /usr/lib/gcc/arm-none-eabi/4.8.2/libgcc.a(_clzsi2.o)
                0x00000000a000d184                __clzsi2
 .text          0x00000000a000d1cc      0x248 /home/samuel/workspace/se12/apf27/source/libapf27.a(apf27_syscall.o)
                0x00000000a000d1cc                _read
                0x00000000a000d208                _write
                0x00000000a000d270                _lseek
                0x00000000a000d29c                _isatty
                0x00000000a000d2c0                _fstat
                0x00000000a000d2f4                _close
                0x00000000a000d318                _sbrk
                0x00000000a000d3a4                _exit
                0x00000000a000d3b8                _init
                0x00000000a000d3cc                _fini
                0x00000000a000d3e0                _getpid
                0x00000000a000d3fc                _kill

.glue_7         0x00000000a000d414        0x0
 .glue_7        0x0000000000000000        0x0 linker stubs

.glue_7t        0x00000000a000d414        0x0
 .glue_7t       0x0000000000000000        0x0 linker stubs

.vfp11_veneer   0x00000000a000d414        0x0
 .vfp11_veneer  0x0000000000000000        0x0 linker stubs

.v4_bx          0x00000000a000d414        0x0
 .v4_bx         0x0000000000000000        0x0 linker stubs

.iplt           0x00000000a000d414        0x0
 .iplt          0x0000000000000000        0x0 .obj/apf27/display_7seg.o

.rodata         0x00000000a000d418      0x608
 *(.rodata*)
 .rodata        0x00000000a000d418       0x5c .obj/apf27/display_7seg.o
 .rodata        0x00000000a000d474       0xc8 .obj/apf27/i2c.o
 .rodata        0x00000000a000d53c      0x30c .obj/apf27/main.o
 .rodata.str1.4
                0x00000000a000d848        0x2 /usr/lib/arm-none-eabi/lib/libc.a(lib_a-impure.o)
                                          0x4 (size before relaxing)
 *fill*         0x00000000a000d84a        0x2 
 .rodata._global_impure_ptr
                0x00000000a000d84c        0x4 /usr/lib/arm-none-eabi/lib/libc.a(lib_a-impure.o)
                0x00000000a000d84c                _global_impure_ptr
 .rodata.str1.4
                0x00000000a000d850        0x2 /usr/lib/arm-none-eabi/lib/libc.a(lib_a-puts.o)
                                          0x4 (size before relaxing)
 *fill*         0x00000000a000d852        0x2 
 .rodata.zeroes.6775
                0x00000000a000d854       0x10 /usr/lib/arm-none-eabi/lib/libc.a(lib_a-vfprintf.o)
 .rodata.str1.4
                0x00000000a000d864       0x42 /usr/lib/arm-none-eabi/lib/libc.a(lib_a-vfprintf.o)
                                         0x44 (size before relaxing)
 *fill*         0x00000000a000d8a6        0x2 
 .rodata.blanks.6774
                0x00000000a000d8a8       0x10 /usr/lib/arm-none-eabi/lib/libc.a(lib_a-vfprintf.o)
 .rodata.str1.4
                0x00000000a000d8b8       0x10 /usr/lib/arm-none-eabi/lib/libc.a(lib_a-dtoa.o)
                                         0x14 (size before relaxing)
 .rodata.str1.4
                0x00000000a000d8c8        0xc /usr/lib/arm-none-eabi/lib/libc.a(lib_a-locale.o)
                                         0x14 (size before relaxing)
 *fill*         0x00000000a000d8d4        0x4 
 .rodata.__mprec_tens
                0x00000000a000d8d8       0xc8 /usr/lib/arm-none-eabi/lib/libc.a(lib_a-mprec.o)
                0x00000000a000d8d8                __mprec_tens
 .rodata.__mprec_bigtens
                0x00000000a000d9a0       0x28 /usr/lib/arm-none-eabi/lib/libc.a(lib_a-mprec.o)
                0x00000000a000d9a0                __mprec_bigtens
 .rodata.p05.5266
                0x00000000a000d9c8        0xc /usr/lib/arm-none-eabi/lib/libc.a(lib_a-mprec.o)
 *fill*         0x00000000a000d9d4        0x4 
 .rodata.__mprec_tinytens
                0x00000000a000d9d8       0x28 /usr/lib/arm-none-eabi/lib/libc.a(lib_a-mprec.o)
                0x00000000a000d9d8                __mprec_tinytens
 .rodata.blanks.6717
                0x00000000a000da00       0x10 /usr/lib/arm-none-eabi/lib/libc.a(lib_a-vfiprintf.o)
 .rodata.str1.4
                0x0000000000000000       0x30 /usr/lib/arm-none-eabi/lib/libc.a(lib_a-vfiprintf.o)
 .rodata.zeroes.6718
                0x00000000a000da10       0x10 /usr/lib/arm-none-eabi/lib/libc.a(lib_a-vfiprintf.o)

.ARM.extab      0x00000000a000da20        0x0
 .ARM.extab     0x00000000a000da20        0x0 /usr/lib/gcc/arm-none-eabi/4.8.2/libgcc.a(_divdi3.o)
 .ARM.extab     0x00000000a000da20        0x0 /usr/lib/gcc/arm-none-eabi/4.8.2/libgcc.a(_udivdi3.o)

.data           0x00000000a000da20      0x8ec
 *(.data*)
 .data          0x00000000a000da20        0x4 .obj/apf27/display_7seg.o
 .data          0x00000000a000da24        0x4 .obj/apf27/i2c.o
 .data          0x00000000a000da28        0x0 .obj/apf27/main.o
 .data          0x00000000a000da28        0x0 /home/samuel/workspace/se12/apf27/source/libapf27.a(crt0.o)
 .data          0x00000000a000da28        0x4 /home/samuel/workspace/se12/apf27/source/libapf27.a(imx27_clock.o)
 .data          0x00000000a000da2c       0x1c /home/samuel/workspace/se12/apf27/source/libapf27.a(imx27_gpio.o)
 .data          0x00000000a000da48        0x4 /home/samuel/workspace/se12/apf27/source/libapf27.a(imx27_serial.o)
 .data          0x00000000a000da4c        0x0 /usr/lib/arm-none-eabi/lib/libc.a(lib_a-impure.o)
 *fill*         0x00000000a000da4c        0x4 
 .data.impure_data
                0x00000000a000da50      0x428 /usr/lib/arm-none-eabi/lib/libc.a(lib_a-impure.o)
 .data._impure_ptr
                0x00000000a000de78        0x4 /usr/lib/arm-none-eabi/lib/libc.a(lib_a-impure.o)
                0x00000000a000de78                _impure_ptr
 .data          0x00000000a000de7c        0x0 /usr/lib/arm-none-eabi/lib/libc.a(lib_a-printf.o)
 .data          0x00000000a000de7c        0x0 /usr/lib/arm-none-eabi/lib/libc.a(lib_a-putchar.o)
 .data          0x00000000a000de7c        0x0 /usr/lib/arm-none-eabi/lib/libc.a(lib_a-puts.o)
 .data          0x00000000a000de7c        0x0 /usr/lib/arm-none-eabi/lib/libc.a(lib_a-rget.o)
 .data          0x00000000a000de7c        0x0 /usr/lib/arm-none-eabi/lib/libc.a(lib_a-strlen.o)
 .data          0x00000000a000de7c        0x0 /usr/lib/arm-none-eabi/lib/libc.a(lib_a-vfprintf.o)
 .data          0x00000000a000de7c        0x0 /usr/lib/arm-none-eabi/lib/libc.a(lib_a-wsetup.o)
 .data          0x00000000a000de7c        0x0 /usr/lib/arm-none-eabi/lib/libc.a(lib_a-dtoa.o)
 .data          0x00000000a000de7c        0x0 /usr/lib/arm-none-eabi/lib/libc.a(lib_a-fflush.o)
 .data          0x00000000a000de7c        0x0 /usr/lib/arm-none-eabi/lib/libc.a(lib_a-findfp.o)
 .data          0x00000000a000de7c        0x0 /usr/lib/arm-none-eabi/lib/libc.a(lib_a-freer.o)
 .data          0x00000000a000de7c        0x0 /usr/lib/arm-none-eabi/lib/libc.a(lib_a-fvwrite.o)
 .data          0x00000000a000de7c        0x0 /usr/lib/arm-none-eabi/lib/libc.a(lib_a-fwalk.o)
 .data          0x00000000a000de7c        0x0 /usr/lib/arm-none-eabi/lib/libc.a(lib_a-locale.o)
 .data.lc_message_charset
                0x00000000a000de7c       0x20 /usr/lib/arm-none-eabi/lib/libc.a(lib_a-locale.o)
 .data.lconv    0x00000000a000de9c       0x38 /usr/lib/arm-none-eabi/lib/libc.a(lib_a-locale.o)
 .data.lc_ctype_charset
                0x00000000a000ded4       0x20 /usr/lib/arm-none-eabi/lib/libc.a(lib_a-locale.o)
 .data.__mb_cur_max
                0x00000000a000def4        0x4 /usr/lib/arm-none-eabi/lib/libc.a(lib_a-locale.o)
                0x00000000a000def4                __mb_cur_max
 .data          0x00000000a000def8        0x0 /usr/lib/arm-none-eabi/lib/libc.a(lib_a-makebuf.o)
 .data          0x00000000a000def8        0x0 /usr/lib/arm-none-eabi/lib/libc.a(lib_a-mallocr.o)
 .data.__malloc_av_
                0x00000000a000def8      0x408 /usr/lib/arm-none-eabi/lib/libc.a(lib_a-mallocr.o)
                0x00000000a000def8                __malloc_av_
 .data.__malloc_trim_threshold
                0x00000000a000e300        0x4 /usr/lib/arm-none-eabi/lib/libc.a(lib_a-mallocr.o)
                0x00000000a000e300                __malloc_trim_threshold
 .data.__malloc_sbrk_base
                0x00000000a000e304        0x4 /usr/lib/arm-none-eabi/lib/libc.a(lib_a-mallocr.o)
                0x00000000a000e304                __malloc_sbrk_base
 .data          0x00000000a000e308        0x0 /usr/lib/arm-none-eabi/lib/libc.a(lib_a-memchr-stub.o)
 .data          0x00000000a000e308        0x0 /usr/lib/arm-none-eabi/lib/libc.a(lib_a-memcpy-stub.o)
 .data          0x00000000a000e308        0x0 /usr/lib/arm-none-eabi/lib/libc.a(lib_a-memmove.o)
 .data          0x00000000a000e308        0x0 /usr/lib/arm-none-eabi/lib/libc.a(lib_a-memset.o)
 .data          0x00000000a000e308        0x0 /usr/lib/arm-none-eabi/lib/libc.a(lib_a-mlock.o)
 .data          0x00000000a000e308        0x0 /usr/lib/arm-none-eabi/lib/libc.a(lib_a-mprec.o)
 .data          0x00000000a000e308        0x0 /usr/lib/arm-none-eabi/lib/libc.a(lib_a-putc.o)
 .data          0x00000000a000e308        0x0 /usr/lib/arm-none-eabi/lib/libc.a(lib_a-reallocr.o)
 .data          0x00000000a000e308        0x0 /usr/lib/arm-none-eabi/lib/libc.a(lib_a-refill.o)
 .data          0x00000000a000e308        0x0 /usr/lib/arm-none-eabi/lib/libc.a(lib_a-s_fpclassify.o)
 .data          0x00000000a000e308        0x0 /usr/lib/arm-none-eabi/lib/libc.a(lib_a-sbrkr.o)
 .data          0x00000000a000e308        0x0 /usr/lib/arm-none-eabi/lib/libc.a(lib_a-stdio.o)
 .data          0x00000000a000e308        0x0 /usr/lib/arm-none-eabi/lib/libc.a(lib_a-strcmp.o)
 .data          0x00000000a000e308        0x0 /usr/lib/arm-none-eabi/lib/libc.a(lib_a-vfiprintf.o)
 .data          0x00000000a000e308        0x0 /usr/lib/arm-none-eabi/lib/libc.a(lib_a-wbuf.o)
 .data          0x00000000a000e308        0x0 /usr/lib/arm-none-eabi/lib/libc.a(lib_a-writer.o)
 .data          0x00000000a000e308        0x0 /usr/lib/arm-none-eabi/lib/libc.a(lib_a-callocr.o)
 .data          0x00000000a000e308        0x0 /usr/lib/arm-none-eabi/lib/libc.a(lib_a-closer.o)
 .data          0x00000000a000e308        0x0 /usr/lib/arm-none-eabi/lib/libc.a(lib_a-fclose.o)
 .data          0x00000000a000e308        0x0 /usr/lib/arm-none-eabi/lib/libc.a(lib_a-fputwc.o)
 .data          0x00000000a000e308        0x0 /usr/lib/arm-none-eabi/lib/libc.a(lib_a-fstatr.o)
 .data          0x00000000a000e308        0x0 /usr/lib/arm-none-eabi/lib/libc.a(lib_a-isattyr.o)
 .data          0x00000000a000e308        0x0 /usr/lib/arm-none-eabi/lib/libc.a(lib_a-lseekr.o)
 .data          0x00000000a000e308        0x0 /usr/lib/arm-none-eabi/lib/libc.a(lib_a-readr.o)
 .data          0x00000000a000e308        0x0 /usr/lib/arm-none-eabi/lib/libc.a(lib_a-reent.o)
 .data          0x00000000a000e308        0x0 /usr/lib/arm-none-eabi/lib/libc.a(lib_a-wcrtomb.o)
 .data          0x00000000a000e308        0x0 /usr/lib/arm-none-eabi/lib/libc.a(lib_a-wctomb_r.o)
 .data.__wctomb
                0x00000000a000e308        0x4 /usr/lib/arm-none-eabi/lib/libc.a(lib_a-wctomb_r.o)
                0x00000000a000e308                __wctomb
 .data          0x00000000a000e30c        0x0 /usr/lib/gcc/arm-none-eabi/4.8.2/libgcc.a(_udivsi3.o)
 .data          0x00000000a000e30c        0x0 /usr/lib/gcc/arm-none-eabi/4.8.2/libgcc.a(_divsi3.o)
 .data          0x00000000a000e30c        0x0 /usr/lib/gcc/arm-none-eabi/4.8.2/libgcc.a(_dvmd_tls.o)
 .data          0x00000000a000e30c        0x0 /usr/lib/gcc/arm-none-eabi/4.8.2/libgcc.a(_arm_addsubdf3.o)
 .data          0x00000000a000e30c        0x0 /usr/lib/gcc/arm-none-eabi/4.8.2/libgcc.a(_arm_muldivdf3.o)
 .data          0x00000000a000e30c        0x0 /usr/lib/gcc/arm-none-eabi/4.8.2/libgcc.a(_arm_cmpdf2.o)
 .data          0x00000000a000e30c        0x0 /usr/lib/gcc/arm-none-eabi/4.8.2/libgcc.a(_arm_fixdfsi.o)
 .data          0x00000000a000e30c        0x0 /usr/lib/gcc/arm-none-eabi/4.8.2/libgcc.a(_aeabi_uldivmod.o)
 .data          0x00000000a000e30c        0x0 /usr/lib/gcc/arm-none-eabi/4.8.2/libgcc.a(bpabi.o)
 .data          0x00000000a000e30c        0x0 /usr/lib/gcc/arm-none-eabi/4.8.2/libgcc.a(_divdi3.o)
 .data          0x00000000a000e30c        0x0 /usr/lib/gcc/arm-none-eabi/4.8.2/libgcc.a(_udivdi3.o)
 .data          0x00000000a000e30c        0x0 /usr/lib/gcc/arm-none-eabi/4.8.2/libgcc.a(_clzsi2.o)
 .data          0x00000000a000e30c        0x0 /home/samuel/workspace/se12/apf27/source/libapf27.a(apf27_syscall.o)
                0x00000000a000e30c                __exidx_start = .

.igot.plt       0x00000000a000e30c        0x0
 .igot.plt      0x0000000000000000        0x0 .obj/apf27/display_7seg.o

.ARM.exidx      0x00000000a000e30c        0x8
 *(.ARM.exidx* .gnu.linkonce.armexidx.*)
 .ARM.exidx     0x00000000a000e30c        0x8 /usr/lib/gcc/arm-none-eabi/4.8.2/libgcc.a(_divdi3.o)
 .ARM.exidx     0x00000000a000e314        0x0 /usr/lib/gcc/arm-none-eabi/4.8.2/libgcc.a(_udivdi3.o)
                                          0x8 (size before relaxing)
                0x00000000a000e314                __exidx_end = .

.rel.dyn        0x00000000a000e314        0x0
 .rel.iplt      0x0000000000000000        0x0 .obj/apf27/display_7seg.o

.bss            0x00000000a000e314      0x9ec
                0x00000000a000e318                . = ALIGN (0x8)
 *fill*         0x00000000a000e314        0x4 
                0x00000000a000e318                __bss_start__ = .
 *(.bss*)
 .bss           0x00000000a000e318        0x0 .obj/apf27/display_7seg.o
 .bss           0x00000000a000e318        0x0 .obj/apf27/i2c.o
 .bss           0x00000000a000e318        0x0 .obj/apf27/main.o
 .bss           0x00000000a000e318        0x0 /home/samuel/workspace/se12/apf27/source/libapf27.a(crt0.o)
 .bss           0x00000000a000e318        0x0 /home/samuel/workspace/se12/apf27/source/libapf27.a(imx27_clock.o)
 .bss           0x00000000a000e318      0x900 /home/samuel/workspace/se12/apf27/source/libapf27.a(imx27_gpio.o)
 .bss           0x00000000a000ec18        0x4 /home/samuel/workspace/se12/apf27/source/libapf27.a(imx27_serial.o)
 .bss           0x00000000a000ec1c        0x0 /usr/lib/arm-none-eabi/lib/libc.a(lib_a-impure.o)
 .bss           0x00000000a000ec1c        0x0 /usr/lib/arm-none-eabi/lib/libc.a(lib_a-printf.o)
 .bss           0x00000000a000ec1c        0x0 /usr/lib/arm-none-eabi/lib/libc.a(lib_a-putchar.o)
 .bss           0x00000000a000ec1c        0x0 /usr/lib/arm-none-eabi/lib/libc.a(lib_a-puts.o)
 .bss           0x00000000a000ec1c        0x0 /usr/lib/arm-none-eabi/lib/libc.a(lib_a-rget.o)
 .bss           0x00000000a000ec1c        0x0 /usr/lib/arm-none-eabi/lib/libc.a(lib_a-strlen.o)
 .bss           0x00000000a000ec1c        0x0 /usr/lib/arm-none-eabi/lib/libc.a(lib_a-vfprintf.o)
 .bss           0x00000000a000ec1c        0x0 /usr/lib/arm-none-eabi/lib/libc.a(lib_a-wsetup.o)
 .bss           0x00000000a000ec1c        0x0 /usr/lib/arm-none-eabi/lib/libc.a(lib_a-dtoa.o)
 .bss           0x00000000a000ec1c        0x0 /usr/lib/arm-none-eabi/lib/libc.a(lib_a-fflush.o)
 .bss           0x00000000a000ec1c        0x0 /usr/lib/arm-none-eabi/lib/libc.a(lib_a-findfp.o)
 .bss           0x00000000a000ec1c        0x0 /usr/lib/arm-none-eabi/lib/libc.a(lib_a-freer.o)
 .bss           0x00000000a000ec1c        0x0 /usr/lib/arm-none-eabi/lib/libc.a(lib_a-fvwrite.o)
 .bss           0x00000000a000ec1c        0x0 /usr/lib/arm-none-eabi/lib/libc.a(lib_a-fwalk.o)
 .bss           0x00000000a000ec1c        0x0 /usr/lib/arm-none-eabi/lib/libc.a(lib_a-locale.o)
 .bss._PathLocale
                0x00000000a000ec1c        0x4 /usr/lib/arm-none-eabi/lib/libc.a(lib_a-locale.o)
                0x00000000a000ec1c                _PathLocale
 .bss.__nlocale_changed
                0x00000000a000ec20        0x4 /usr/lib/arm-none-eabi/lib/libc.a(lib_a-locale.o)
                0x00000000a000ec20                __nlocale_changed
 .bss.__mlocale_changed
                0x00000000a000ec24        0x4 /usr/lib/arm-none-eabi/lib/libc.a(lib_a-locale.o)
                0x00000000a000ec24                __mlocale_changed
 .bss           0x00000000a000ec28        0x0 /usr/lib/arm-none-eabi/lib/libc.a(lib_a-makebuf.o)
 .bss           0x00000000a000ec28        0x0 /usr/lib/arm-none-eabi/lib/libc.a(lib_a-mallocr.o)
 .bss.__malloc_max_total_mem
                0x00000000a000ec28        0x4 /usr/lib/arm-none-eabi/lib/libc.a(lib_a-mallocr.o)
                0x00000000a000ec28                __malloc_max_total_mem
 .bss.__malloc_max_sbrked_mem
                0x00000000a000ec2c        0x4 /usr/lib/arm-none-eabi/lib/libc.a(lib_a-mallocr.o)
                0x00000000a000ec2c                __malloc_max_sbrked_mem
 .bss.__malloc_top_pad
                0x00000000a000ec30        0x4 /usr/lib/arm-none-eabi/lib/libc.a(lib_a-mallocr.o)
                0x00000000a000ec30                __malloc_top_pad
 .bss.__malloc_current_mallinfo
                0x00000000a000ec34       0x28 /usr/lib/arm-none-eabi/lib/libc.a(lib_a-mallocr.o)
                0x00000000a000ec34                __malloc_current_mallinfo
 .bss           0x00000000a000ec5c        0x0 /usr/lib/arm-none-eabi/lib/libc.a(lib_a-memchr-stub.o)
 .bss           0x00000000a000ec5c        0x0 /usr/lib/arm-none-eabi/lib/libc.a(lib_a-memcpy-stub.o)
 .bss           0x00000000a000ec5c        0x0 /usr/lib/arm-none-eabi/lib/libc.a(lib_a-memmove.o)
 .bss           0x00000000a000ec5c        0x0 /usr/lib/arm-none-eabi/lib/libc.a(lib_a-memset.o)
 .bss           0x00000000a000ec5c        0x0 /usr/lib/arm-none-eabi/lib/libc.a(lib_a-mlock.o)
 .bss           0x00000000a000ec5c        0x0 /usr/lib/arm-none-eabi/lib/libc.a(lib_a-mprec.o)
 .bss           0x00000000a000ec5c        0x0 /usr/lib/arm-none-eabi/lib/libc.a(lib_a-putc.o)
 .bss           0x00000000a000ec5c        0x0 /usr/lib/arm-none-eabi/lib/libc.a(lib_a-reallocr.o)
 .bss           0x00000000a000ec5c        0x0 /usr/lib/arm-none-eabi/lib/libc.a(lib_a-refill.o)
 .bss           0x00000000a000ec5c        0x0 /usr/lib/arm-none-eabi/lib/libc.a(lib_a-s_fpclassify.o)
 .bss           0x00000000a000ec5c        0x0 /usr/lib/arm-none-eabi/lib/libc.a(lib_a-sbrkr.o)
 .bss           0x00000000a000ec5c        0x0 /usr/lib/arm-none-eabi/lib/libc.a(lib_a-stdio.o)
 .bss           0x00000000a000ec5c        0x0 /usr/lib/arm-none-eabi/lib/libc.a(lib_a-strcmp.o)
 .bss           0x00000000a000ec5c        0x0 /usr/lib/arm-none-eabi/lib/libc.a(lib_a-vfiprintf.o)
 .bss           0x00000000a000ec5c        0x0 /usr/lib/arm-none-eabi/lib/libc.a(lib_a-wbuf.o)
 .bss           0x00000000a000ec5c        0x0 /usr/lib/arm-none-eabi/lib/libc.a(lib_a-writer.o)
 .bss           0x00000000a000ec5c        0x0 /usr/lib/arm-none-eabi/lib/libc.a(lib_a-callocr.o)
 .bss           0x00000000a000ec5c        0x0 /usr/lib/arm-none-eabi/lib/libc.a(lib_a-closer.o)
 .bss           0x00000000a000ec5c        0x0 /usr/lib/arm-none-eabi/lib/libc.a(lib_a-fclose.o)
 .bss           0x00000000a000ec5c        0x0 /usr/lib/arm-none-eabi/lib/libc.a(lib_a-fputwc.o)
 .bss           0x00000000a000ec5c        0x0 /usr/lib/arm-none-eabi/lib/libc.a(lib_a-fstatr.o)
 .bss           0x00000000a000ec5c        0x0 /usr/lib/arm-none-eabi/lib/libc.a(lib_a-isattyr.o)
 .bss           0x00000000a000ec5c        0x0 /usr/lib/arm-none-eabi/lib/libc.a(lib_a-lseekr.o)
 .bss           0x00000000a000ec5c        0x0 /usr/lib/arm-none-eabi/lib/libc.a(lib_a-readr.o)
 .bss           0x00000000a000ec5c        0x0 /usr/lib/arm-none-eabi/lib/libc.a(lib_a-reent.o)
 .bss           0x00000000a000ec5c        0x0 /usr/lib/arm-none-eabi/lib/libc.a(lib_a-wcrtomb.o)
 .bss           0x00000000a000ec5c        0x0 /usr/lib/arm-none-eabi/lib/libc.a(lib_a-wctomb_r.o)
 .bss           0x00000000a000ec5c        0x0 /usr/lib/gcc/arm-none-eabi/4.8.2/libgcc.a(_udivsi3.o)
 .bss           0x00000000a000ec5c        0x0 /usr/lib/gcc/arm-none-eabi/4.8.2/libgcc.a(_divsi3.o)
 .bss           0x00000000a000ec5c        0x0 /usr/lib/gcc/arm-none-eabi/4.8.2/libgcc.a(_dvmd_tls.o)
 .bss           0x00000000a000ec5c        0x0 /usr/lib/gcc/arm-none-eabi/4.8.2/libgcc.a(_arm_addsubdf3.o)
 .bss           0x00000000a000ec5c        0x0 /usr/lib/gcc/arm-none-eabi/4.8.2/libgcc.a(_arm_muldivdf3.o)
 .bss           0x00000000a000ec5c        0x0 /usr/lib/gcc/arm-none-eabi/4.8.2/libgcc.a(_arm_cmpdf2.o)
 .bss           0x00000000a000ec5c        0x0 /usr/lib/gcc/arm-none-eabi/4.8.2/libgcc.a(_arm_fixdfsi.o)
 .bss           0x00000000a000ec5c        0x0 /usr/lib/gcc/arm-none-eabi/4.8.2/libgcc.a(_aeabi_uldivmod.o)
 .bss           0x00000000a000ec5c        0x0 /usr/lib/gcc/arm-none-eabi/4.8.2/libgcc.a(bpabi.o)
 .bss           0x00000000a000ec5c        0x0 /usr/lib/gcc/arm-none-eabi/4.8.2/libgcc.a(_divdi3.o)
 .bss           0x00000000a000ec5c        0x0 /usr/lib/gcc/arm-none-eabi/4.8.2/libgcc.a(_udivdi3.o)
 .bss           0x00000000a000ec5c        0x0 /usr/lib/gcc/arm-none-eabi/4.8.2/libgcc.a(_clzsi2.o)
 .bss           0x00000000a000ec5c        0x4 /home/samuel/workspace/se12/apf27/source/libapf27.a(apf27_syscall.o)
 *(COMMON)
 COMMON         0x00000000a000ec60        0x4 /usr/lib/arm-none-eabi/lib/libc.a(lib_a-reent.o)
                0x00000000a000ec60                errno
                0x00000000a000ed00                . = ALIGN (0x100)
 *fill*         0x00000000a000ec64       0x9c 
                0x00000000a000ed00                __bss_end__ = .
                0x00000000a000ed00                _end = ALIGN (0x100)
                0x00000000a3f80000                _stack_bottom = ((ORIGIN (RAM) + 0x4000000) - C_STACK_SIZE)
                0x00000000a4000000                __c_stack_top__ = (ORIGIN (RAM) + 0x4000000)
OUTPUT(app_a elf32-littlearm)

.debug_info     0x0000000000000000    0x1e47c
 .debug_info    0x0000000000000000      0x222 .obj/apf27/display_7seg.o
 .debug_info    0x0000000000000222      0x48e .obj/apf27/i2c.o
 .debug_info    0x00000000000006b0      0x9bf .obj/apf27/main.o
 .debug_info    0x000000000000106f       0x56 /home/samuel/workspace/se12/apf27/source/libapf27.a(crt0.o)
 .debug_info    0x00000000000010c5      0x44e /home/samuel/workspace/se12/apf27/source/libapf27.a(imx27_clock.o)
 .debug_info    0x0000000000001513      0x5e2 /home/samuel/workspace/se12/apf27/source/libapf27.a(imx27_gpio.o)
 .debug_info    0x0000000000001af5      0x2b4 /home/samuel/workspace/se12/apf27/source/libapf27.a(imx27_serial.o)
 .debug_info    0x0000000000001da9      0x894 /usr/lib/arm-none-eabi/lib/libc.a(lib_a-impure.o)
 .debug_info    0x000000000000263d      0x9ab /usr/lib/arm-none-eabi/lib/libc.a(lib_a-printf.o)
 .debug_info    0x0000000000002fe8      0x935 /usr/lib/arm-none-eabi/lib/libc.a(lib_a-putchar.o)
 .debug_info    0x000000000000391d      0xa16 /usr/lib/arm-none-eabi/lib/libc.a(lib_a-puts.o)
 .debug_info    0x0000000000004333      0x94f /usr/lib/arm-none-eabi/lib/libc.a(lib_a-rget.o)
 .debug_info    0x0000000000004c82       0xb5 /usr/lib/arm-none-eabi/lib/libc.a(lib_a-strlen.o)
 .debug_info    0x0000000000004d37     0x185a /usr/lib/arm-none-eabi/lib/libc.a(lib_a-vfprintf.o)
 .debug_info    0x0000000000006591      0x93b /usr/lib/arm-none-eabi/lib/libc.a(lib_a-wsetup.o)
 .debug_info    0x0000000000006ecc     0x1326 /usr/lib/arm-none-eabi/lib/libc.a(lib_a-dtoa.o)
 .debug_info    0x00000000000081f2      0xab7 /usr/lib/arm-none-eabi/lib/libc.a(lib_a-fflush.o)
 .debug_info    0x0000000000008ca9      0xd39 /usr/lib/arm-none-eabi/lib/libc.a(lib_a-findfp.o)
 .debug_info    0x00000000000099e2      0xc06 /usr/lib/arm-none-eabi/lib/libc.a(lib_a-freer.o)
 .debug_info    0x000000000000a5e8      0xc4a /usr/lib/arm-none-eabi/lib/libc.a(lib_a-fvwrite.o)
 .debug_info    0x000000000000b232      0x99e /usr/lib/arm-none-eabi/lib/libc.a(lib_a-fwalk.o)
 .debug_info    0x000000000000bbd0      0xbe5 /usr/lib/arm-none-eabi/lib/libc.a(lib_a-locale.o)
 .debug_info    0x000000000000c7b5      0xae6 /usr/lib/arm-none-eabi/lib/libc.a(lib_a-makebuf.o)
 .debug_info    0x000000000000d29b      0xd81 /usr/lib/arm-none-eabi/lib/libc.a(lib_a-mallocr.o)
 .debug_info    0x000000000000e01c      0x129 /usr/lib/arm-none-eabi/lib/libc.a(lib_a-memchr-stub.o)
 .debug_info    0x000000000000e145      0x131 /usr/lib/arm-none-eabi/lib/libc.a(lib_a-memcpy-stub.o)
 .debug_info    0x000000000000e276      0x131 /usr/lib/arm-none-eabi/lib/libc.a(lib_a-memmove.o)
 .debug_info    0x000000000000e3a7      0x117 /usr/lib/arm-none-eabi/lib/libc.a(lib_a-memset.o)
 .debug_info    0x000000000000e4be      0x8b4 /usr/lib/arm-none-eabi/lib/libc.a(lib_a-mlock.o)
 .debug_info    0x000000000000ed72     0x167e /usr/lib/arm-none-eabi/lib/libc.a(lib_a-mprec.o)
 .debug_info    0x00000000000103f0      0xa0a /usr/lib/arm-none-eabi/lib/libc.a(lib_a-putc.o)
 .debug_info    0x0000000000010dfa      0xcd4 /usr/lib/arm-none-eabi/lib/libc.a(lib_a-reallocr.o)
 .debug_info    0x0000000000011ace      0xa5e /usr/lib/arm-none-eabi/lib/libc.a(lib_a-refill.o)
 .debug_info    0x000000000001252c       0xdb /usr/lib/arm-none-eabi/lib/libc.a(lib_a-s_fpclassify.o)
 .debug_info    0x0000000000012607      0x8f4 /usr/lib/arm-none-eabi/lib/libc.a(lib_a-sbrkr.o)
 .debug_info    0x0000000000012efb      0xb89 /usr/lib/arm-none-eabi/lib/libc.a(lib_a-stdio.o)
 .debug_info    0x0000000000013a84       0xa0 /usr/lib/arm-none-eabi/lib/libc.a(lib_a-strcmp.o)
 .debug_info    0x0000000000013b24     0x1538 /usr/lib/arm-none-eabi/lib/libc.a(lib_a-vfiprintf.o)
 .debug_info    0x000000000001505c      0x9cc /usr/lib/arm-none-eabi/lib/libc.a(lib_a-wbuf.o)
 .debug_info    0x0000000000015a28      0x929 /usr/lib/arm-none-eabi/lib/libc.a(lib_a-writer.o)
 .debug_info    0x0000000000016351      0x9e0 /usr/lib/arm-none-eabi/lib/libc.a(lib_a-callocr.o)
 .debug_info    0x0000000000016d31      0x8e0 /usr/lib/arm-none-eabi/lib/libc.a(lib_a-closer.o)
 .debug_info    0x0000000000017611      0x9e5 /usr/lib/arm-none-eabi/lib/libc.a(lib_a-fclose.o)
 .debug_info    0x0000000000017ff6      0xac7 /usr/lib/arm-none-eabi/lib/libc.a(lib_a-fputwc.o)
 .debug_info    0x0000000000018abd      0xa5e /usr/lib/arm-none-eabi/lib/libc.a(lib_a-fstatr.o)
 .debug_info    0x000000000001951b      0x8e0 /usr/lib/arm-none-eabi/lib/libc.a(lib_a-isattyr.o)
 .debug_info    0x0000000000019dfb      0x90c /usr/lib/arm-none-eabi/lib/libc.a(lib_a-lseekr.o)
 .debug_info    0x000000000001a707      0x922 /usr/lib/arm-none-eabi/lib/libc.a(lib_a-readr.o)
 .debug_info    0x000000000001b029      0x9f9 /usr/lib/arm-none-eabi/lib/libc.a(lib_a-reent.o)
 .debug_info    0x000000000001ba22      0xa77 /usr/lib/arm-none-eabi/lib/libc.a(lib_a-wcrtomb.o)
 .debug_info    0x000000000001c499      0x9b5 /usr/lib/arm-none-eabi/lib/libc.a(lib_a-wctomb_r.o)
 .debug_info    0x000000000001ce4e       0x94 /usr/lib/gcc/arm-none-eabi/4.8.2/libgcc.a(_udivsi3.o)
 .debug_info    0x000000000001cee2       0x94 /usr/lib/gcc/arm-none-eabi/4.8.2/libgcc.a(_divsi3.o)
 .debug_info    0x000000000001cf76       0x94 /usr/lib/gcc/arm-none-eabi/4.8.2/libgcc.a(_dvmd_tls.o)
 .debug_info    0x000000000001d00a       0x95 /usr/lib/gcc/arm-none-eabi/4.8.2/libgcc.a(_arm_addsubdf3.o)
 .debug_info    0x000000000001d09f       0x95 /usr/lib/gcc/arm-none-eabi/4.8.2/libgcc.a(_arm_muldivdf3.o)
 .debug_info    0x000000000001d134       0x95 /usr/lib/gcc/arm-none-eabi/4.8.2/libgcc.a(_arm_cmpdf2.o)
 .debug_info    0x000000000001d1c9       0x95 /usr/lib/gcc/arm-none-eabi/4.8.2/libgcc.a(_arm_fixdfsi.o)
 .debug_info    0x000000000001d25e       0x90 /usr/lib/gcc/arm-none-eabi/4.8.2/libgcc.a(_aeabi_uldivmod.o)
 .debug_info    0x000000000001d2ee      0x164 /usr/lib/gcc/arm-none-eabi/4.8.2/libgcc.a(bpabi.o)
 .debug_info    0x000000000001d452      0x5bd /usr/lib/gcc/arm-none-eabi/4.8.2/libgcc.a(_divdi3.o)
 .debug_info    0x000000000001da0f      0x57c /usr/lib/gcc/arm-none-eabi/4.8.2/libgcc.a(_udivdi3.o)
 .debug_info    0x000000000001df8b       0x94 /usr/lib/gcc/arm-none-eabi/4.8.2/libgcc.a(_clzsi2.o)
 .debug_info    0x000000000001e01f      0x45d /home/samuel/workspace/se12/apf27/source/libapf27.a(apf27_syscall.o)

.debug_abbrev   0x0000000000000000     0x67d7
 .debug_abbrev  0x0000000000000000      0x105 .obj/apf27/display_7seg.o
 .debug_abbrev  0x0000000000000105      0x164 .obj/apf27/i2c.o
 .debug_abbrev  0x0000000000000269      0x1f7 .obj/apf27/main.o
 .debug_abbrev  0x0000000000000460       0x14 /home/samuel/workspace/se12/apf27/source/libapf27.a(crt0.o)
 .debug_abbrev  0x0000000000000474      0x15a /home/samuel/workspace/se12/apf27/source/libapf27.a(imx27_clock.o)
 .debug_abbrev  0x00000000000005ce      0x196 /home/samuel/workspace/se12/apf27/source/libapf27.a(imx27_gpio.o)
 .debug_abbrev  0x0000000000000764      0x155 /home/samuel/workspace/se12/apf27/source/libapf27.a(imx27_serial.o)
 .debug_abbrev  0x00000000000008b9      0x180 /usr/lib/arm-none-eabi/lib/libc.a(lib_a-impure.o)
 .debug_abbrev  0x0000000000000a39      0x227 /usr/lib/arm-none-eabi/lib/libc.a(lib_a-printf.o)
 .debug_abbrev  0x0000000000000c60      0x1f7 /usr/lib/arm-none-eabi/lib/libc.a(lib_a-putchar.o)
 .debug_abbrev  0x0000000000000e57      0x235 /usr/lib/arm-none-eabi/lib/libc.a(lib_a-puts.o)
 .debug_abbrev  0x000000000000108c      0x22a /usr/lib/arm-none-eabi/lib/libc.a(lib_a-rget.o)
 .debug_abbrev  0x00000000000012b6       0x70 /usr/lib/arm-none-eabi/lib/libc.a(lib_a-strlen.o)
 .debug_abbrev  0x0000000000001326      0x3cd /usr/lib/arm-none-eabi/lib/libc.a(lib_a-vfprintf.o)
 .debug_abbrev  0x00000000000016f3      0x20b /usr/lib/arm-none-eabi/lib/libc.a(lib_a-wsetup.o)
 .debug_abbrev  0x00000000000018fe      0x2da /usr/lib/arm-none-eabi/lib/libc.a(lib_a-dtoa.o)
 .debug_abbrev  0x0000000000001bd8      0x28d /usr/lib/arm-none-eabi/lib/libc.a(lib_a-fflush.o)
 .debug_abbrev  0x0000000000001e65      0x339 /usr/lib/arm-none-eabi/lib/libc.a(lib_a-findfp.o)
 .debug_abbrev  0x000000000000219e      0x26b /usr/lib/arm-none-eabi/lib/libc.a(lib_a-freer.o)
 .debug_abbrev  0x0000000000002409      0x247 /usr/lib/arm-none-eabi/lib/libc.a(lib_a-fvwrite.o)
 .debug_abbrev  0x0000000000002650      0x1c2 /usr/lib/arm-none-eabi/lib/libc.a(lib_a-fwalk.o)
 .debug_abbrev  0x0000000000002812      0x2a3 /usr/lib/arm-none-eabi/lib/libc.a(lib_a-locale.o)
 .debug_abbrev  0x0000000000002ab5      0x206 /usr/lib/arm-none-eabi/lib/libc.a(lib_a-makebuf.o)
 .debug_abbrev  0x0000000000002cbb      0x2a2 /usr/lib/arm-none-eabi/lib/libc.a(lib_a-mallocr.o)
 .debug_abbrev  0x0000000000002f5d       0xba /usr/lib/arm-none-eabi/lib/libc.a(lib_a-memchr-stub.o)
 .debug_abbrev  0x0000000000003017       0xab /usr/lib/arm-none-eabi/lib/libc.a(lib_a-memcpy-stub.o)
 .debug_abbrev  0x00000000000030c2       0xab /usr/lib/arm-none-eabi/lib/libc.a(lib_a-memmove.o)
 .debug_abbrev  0x000000000000316d       0x9f /usr/lib/arm-none-eabi/lib/libc.a(lib_a-memset.o)
 .debug_abbrev  0x000000000000320c      0x19a /usr/lib/arm-none-eabi/lib/libc.a(lib_a-mlock.o)
 .debug_abbrev  0x00000000000033a6      0x3bd /usr/lib/arm-none-eabi/lib/libc.a(lib_a-mprec.o)
 .debug_abbrev  0x0000000000003763      0x229 /usr/lib/arm-none-eabi/lib/libc.a(lib_a-putc.o)
 .debug_abbrev  0x000000000000398c      0x25b /usr/lib/arm-none-eabi/lib/libc.a(lib_a-reallocr.o)
 .debug_abbrev  0x0000000000003be7      0x265 /usr/lib/arm-none-eabi/lib/libc.a(lib_a-refill.o)
 .debug_abbrev  0x0000000000003e4c       0x6f /usr/lib/arm-none-eabi/lib/libc.a(lib_a-s_fpclassify.o)
 .debug_abbrev  0x0000000000003ebb      0x1fd /usr/lib/arm-none-eabi/lib/libc.a(lib_a-sbrkr.o)
 .debug_abbrev  0x00000000000040b8      0x22b /usr/lib/arm-none-eabi/lib/libc.a(lib_a-stdio.o)
 .debug_abbrev  0x00000000000042e3       0x14 /usr/lib/arm-none-eabi/lib/libc.a(lib_a-strcmp.o)
 .debug_abbrev  0x00000000000042f7      0x3cb /usr/lib/arm-none-eabi/lib/libc.a(lib_a-vfiprintf.o)
 .debug_abbrev  0x00000000000046c2      0x25b /usr/lib/arm-none-eabi/lib/libc.a(lib_a-wbuf.o)
 .debug_abbrev  0x000000000000491d      0x1f4 /usr/lib/arm-none-eabi/lib/libc.a(lib_a-writer.o)
 .debug_abbrev  0x0000000000004b11      0x213 /usr/lib/arm-none-eabi/lib/libc.a(lib_a-callocr.o)
 .debug_abbrev  0x0000000000004d24      0x1ef /usr/lib/arm-none-eabi/lib/libc.a(lib_a-closer.o)
 .debug_abbrev  0x0000000000004f13      0x273 /usr/lib/arm-none-eabi/lib/libc.a(lib_a-fclose.o)
 .debug_abbrev  0x0000000000005186      0x2a1 /usr/lib/arm-none-eabi/lib/libc.a(lib_a-fputwc.o)
 .debug_abbrev  0x0000000000005427      0x1fe /usr/lib/arm-none-eabi/lib/libc.a(lib_a-fstatr.o)
 .debug_abbrev  0x0000000000005625      0x1ef /usr/lib/arm-none-eabi/lib/libc.a(lib_a-isattyr.o)
 .debug_abbrev  0x0000000000005814      0x1fe /usr/lib/arm-none-eabi/lib/libc.a(lib_a-lseekr.o)
 .debug_abbrev  0x0000000000005a12      0x1ef /usr/lib/arm-none-eabi/lib/libc.a(lib_a-readr.o)
 .debug_abbrev  0x0000000000005c01      0x258 /usr/lib/arm-none-eabi/lib/libc.a(lib_a-reent.o)
 .debug_abbrev  0x0000000000005e59      0x213 /usr/lib/arm-none-eabi/lib/libc.a(lib_a-wcrtomb.o)
 .debug_abbrev  0x000000000000606c      0x212 /usr/lib/arm-none-eabi/lib/libc.a(lib_a-wctomb_r.o)
 .debug_abbrev  0x000000000000627e       0x14 /usr/lib/gcc/arm-none-eabi/4.8.2/libgcc.a(_udivsi3.o)
 .debug_abbrev  0x0000000000006292       0x14 /usr/lib/gcc/arm-none-eabi/4.8.2/libgcc.a(_divsi3.o)
 .debug_abbrev  0x00000000000062a6       0x14 /usr/lib/gcc/arm-none-eabi/4.8.2/libgcc.a(_dvmd_tls.o)
 .debug_abbrev  0x00000000000062ba       0x14 /usr/lib/gcc/arm-none-eabi/4.8.2/libgcc.a(_arm_addsubdf3.o)
 .debug_abbrev  0x00000000000062ce       0x14 /usr/lib/gcc/arm-none-eabi/4.8.2/libgcc.a(_arm_muldivdf3.o)
 .debug_abbrev  0x00000000000062e2       0x14 /usr/lib/gcc/arm-none-eabi/4.8.2/libgcc.a(_arm_cmpdf2.o)
 .debug_abbrev  0x00000000000062f6       0x14 /usr/lib/gcc/arm-none-eabi/4.8.2/libgcc.a(_arm_fixdfsi.o)
 .debug_abbrev  0x000000000000630a       0x14 /usr/lib/gcc/arm-none-eabi/4.8.2/libgcc.a(_aeabi_uldivmod.o)
 .debug_abbrev  0x000000000000631e       0xb7 /usr/lib/gcc/arm-none-eabi/4.8.2/libgcc.a(bpabi.o)
 .debug_abbrev  0x00000000000063d5      0x165 /usr/lib/gcc/arm-none-eabi/4.8.2/libgcc.a(_divdi3.o)
 .debug_abbrev  0x000000000000653a      0x154 /usr/lib/gcc/arm-none-eabi/4.8.2/libgcc.a(_udivdi3.o)
 .debug_abbrev  0x000000000000668e       0x14 /usr/lib/gcc/arm-none-eabi/4.8.2/libgcc.a(_clzsi2.o)
 .debug_abbrev  0x00000000000066a2      0x135 /home/samuel/workspace/se12/apf27/source/libapf27.a(apf27_syscall.o)

.debug_aranges  0x0000000000000000      0xa00
 .debug_aranges
                0x0000000000000000       0x20 .obj/apf27/display_7seg.o
 .debug_aranges
                0x0000000000000020       0x20 .obj/apf27/i2c.o
 .debug_aranges
                0x0000000000000040       0x20 .obj/apf27/main.o
 .debug_aranges
                0x0000000000000060       0x20 /home/samuel/workspace/se12/apf27/source/libapf27.a(crt0.o)
 .debug_aranges
                0x0000000000000080       0x20 /home/samuel/workspace/se12/apf27/source/libapf27.a(imx27_clock.o)
 .debug_aranges
                0x00000000000000a0       0x20 /home/samuel/workspace/se12/apf27/source/libapf27.a(imx27_gpio.o)
 .debug_aranges
                0x00000000000000c0       0x20 /home/samuel/workspace/se12/apf27/source/libapf27.a(imx27_serial.o)
 .debug_aranges
                0x00000000000000e0       0x18 /usr/lib/arm-none-eabi/lib/libc.a(lib_a-impure.o)
 .debug_aranges
                0x00000000000000f8       0x28 /usr/lib/arm-none-eabi/lib/libc.a(lib_a-printf.o)
 .debug_aranges
                0x0000000000000120       0x28 /usr/lib/arm-none-eabi/lib/libc.a(lib_a-putchar.o)
 .debug_aranges
                0x0000000000000148       0x28 /usr/lib/arm-none-eabi/lib/libc.a(lib_a-puts.o)
 .debug_aranges
                0x0000000000000170       0x28 /usr/lib/arm-none-eabi/lib/libc.a(lib_a-rget.o)
 .debug_aranges
                0x0000000000000198       0x20 /usr/lib/arm-none-eabi/lib/libc.a(lib_a-strlen.o)
 .debug_aranges
                0x00000000000001b8       0x30 /usr/lib/arm-none-eabi/lib/libc.a(lib_a-vfprintf.o)
 .debug_aranges
                0x00000000000001e8       0x20 /usr/lib/arm-none-eabi/lib/libc.a(lib_a-wsetup.o)
 .debug_aranges
                0x0000000000000208       0x28 /usr/lib/arm-none-eabi/lib/libc.a(lib_a-dtoa.o)
 .debug_aranges
                0x0000000000000230       0x30 /usr/lib/arm-none-eabi/lib/libc.a(lib_a-fflush.o)
 .debug_aranges
                0x0000000000000260       0x80 /usr/lib/arm-none-eabi/lib/libc.a(lib_a-findfp.o)
 .debug_aranges
                0x00000000000002e0       0x28 /usr/lib/arm-none-eabi/lib/libc.a(lib_a-freer.o)
 .debug_aranges
                0x0000000000000308       0x20 /usr/lib/arm-none-eabi/lib/libc.a(lib_a-fvwrite.o)
 .debug_aranges
                0x0000000000000328       0x28 /usr/lib/arm-none-eabi/lib/libc.a(lib_a-fwalk.o)
 .debug_aranges
                0x0000000000000350       0x58 /usr/lib/arm-none-eabi/lib/libc.a(lib_a-locale.o)
 .debug_aranges
                0x00000000000003a8       0x20 /usr/lib/arm-none-eabi/lib/libc.a(lib_a-makebuf.o)
 .debug_aranges
                0x00000000000003c8       0x20 /usr/lib/arm-none-eabi/lib/libc.a(lib_a-mallocr.o)
 .debug_aranges
                0x00000000000003e8       0x20 /usr/lib/arm-none-eabi/lib/libc.a(lib_a-memchr-stub.o)
 .debug_aranges
                0x0000000000000408       0x20 /usr/lib/arm-none-eabi/lib/libc.a(lib_a-memcpy-stub.o)
 .debug_aranges
                0x0000000000000428       0x20 /usr/lib/arm-none-eabi/lib/libc.a(lib_a-memmove.o)
 .debug_aranges
                0x0000000000000448       0x20 /usr/lib/arm-none-eabi/lib/libc.a(lib_a-memset.o)
 .debug_aranges
                0x0000000000000468       0x28 /usr/lib/arm-none-eabi/lib/libc.a(lib_a-mlock.o)
 .debug_aranges
                0x0000000000000490       0xb0 /usr/lib/arm-none-eabi/lib/libc.a(lib_a-mprec.o)
 .debug_aranges
                0x0000000000000540       0x28 /usr/lib/arm-none-eabi/lib/libc.a(lib_a-putc.o)
 .debug_aranges
                0x0000000000000568       0x20 /usr/lib/arm-none-eabi/lib/libc.a(lib_a-reallocr.o)
 .debug_aranges
                0x0000000000000588       0x28 /usr/lib/arm-none-eabi/lib/libc.a(lib_a-refill.o)
 .debug_aranges
                0x00000000000005b0       0x20 /usr/lib/arm-none-eabi/lib/libc.a(lib_a-s_fpclassify.o)
 .debug_aranges
                0x00000000000005d0       0x20 /usr/lib/arm-none-eabi/lib/libc.a(lib_a-sbrkr.o)
 .debug_aranges
                0x00000000000005f0       0x40 /usr/lib/arm-none-eabi/lib/libc.a(lib_a-stdio.o)
 .debug_aranges
                0x0000000000000630       0x20 /usr/lib/arm-none-eabi/lib/libc.a(lib_a-strcmp.o)
 .debug_aranges
                0x0000000000000650       0x40 /usr/lib/arm-none-eabi/lib/libc.a(lib_a-vfiprintf.o)
 .debug_aranges
                0x0000000000000690       0x28 /usr/lib/arm-none-eabi/lib/libc.a(lib_a-wbuf.o)
 .debug_aranges
                0x00000000000006b8       0x20 /usr/lib/arm-none-eabi/lib/libc.a(lib_a-writer.o)
 .debug_aranges
                0x00000000000006d8       0x20 /usr/lib/arm-none-eabi/lib/libc.a(lib_a-callocr.o)
 .debug_aranges
                0x00000000000006f8       0x20 /usr/lib/arm-none-eabi/lib/libc.a(lib_a-closer.o)
 .debug_aranges
                0x0000000000000718       0x28 /usr/lib/arm-none-eabi/lib/libc.a(lib_a-fclose.o)
 .debug_aranges
                0x0000000000000740       0x28 /usr/lib/arm-none-eabi/lib/libc.a(lib_a-fputwc.o)
 .debug_aranges
                0x0000000000000768       0x20 /usr/lib/arm-none-eabi/lib/libc.a(lib_a-fstatr.o)
 .debug_aranges
                0x0000000000000788       0x20 /usr/lib/arm-none-eabi/lib/libc.a(lib_a-isattyr.o)
 .debug_aranges
                0x00000000000007a8       0x20 /usr/lib/arm-none-eabi/lib/libc.a(lib_a-lseekr.o)
 .debug_aranges
                0x00000000000007c8       0x20 /usr/lib/arm-none-eabi/lib/libc.a(lib_a-readr.o)
 .debug_aranges
                0x00000000000007e8       0x28 /usr/lib/arm-none-eabi/lib/libc.a(lib_a-reent.o)
 .debug_aranges
                0x0000000000000810       0x28 /usr/lib/arm-none-eabi/lib/libc.a(lib_a-wcrtomb.o)
 .debug_aranges
                0x0000000000000838       0x28 /usr/lib/arm-none-eabi/lib/libc.a(lib_a-wctomb_r.o)
 .debug_aranges
                0x0000000000000860       0x20 /usr/lib/gcc/arm-none-eabi/4.8.2/libgcc.a(_udivsi3.o)
 .debug_aranges
                0x0000000000000880       0x20 /usr/lib/gcc/arm-none-eabi/4.8.2/libgcc.a(_divsi3.o)
 .debug_aranges
                0x00000000000008a0       0x20 /usr/lib/gcc/arm-none-eabi/4.8.2/libgcc.a(_dvmd_tls.o)
 .debug_aranges
                0x00000000000008c0       0x20 /usr/lib/gcc/arm-none-eabi/4.8.2/libgcc.a(_arm_addsubdf3.o)
 .debug_aranges
                0x00000000000008e0       0x20 /usr/lib/gcc/arm-none-eabi/4.8.2/libgcc.a(_arm_muldivdf3.o)
 .debug_aranges
                0x0000000000000900       0x20 /usr/lib/gcc/arm-none-eabi/4.8.2/libgcc.a(_arm_cmpdf2.o)
 .debug_aranges
                0x0000000000000920       0x20 /usr/lib/gcc/arm-none-eabi/4.8.2/libgcc.a(_arm_fixdfsi.o)
 .debug_aranges
                0x0000000000000940       0x20 /usr/lib/gcc/arm-none-eabi/4.8.2/libgcc.a(_aeabi_uldivmod.o)
 .debug_aranges
                0x0000000000000960       0x20 /usr/lib/gcc/arm-none-eabi/4.8.2/libgcc.a(bpabi.o)
 .debug_aranges
                0x0000000000000980       0x20 /usr/lib/gcc/arm-none-eabi/4.8.2/libgcc.a(_divdi3.o)
 .debug_aranges
                0x00000000000009a0       0x20 /usr/lib/gcc/arm-none-eabi/4.8.2/libgcc.a(_udivdi3.o)
 .debug_aranges
                0x00000000000009c0       0x20 /usr/lib/gcc/arm-none-eabi/4.8.2/libgcc.a(_clzsi2.o)
 .debug_aranges
                0x00000000000009e0       0x20 /home/samuel/workspace/se12/apf27/source/libapf27.a(apf27_syscall.o)

.debug_line     0x0000000000000000     0x680f
 .debug_line    0x0000000000000000       0xaa .obj/apf27/display_7seg.o
 .debug_line    0x00000000000000aa      0x187 .obj/apf27/i2c.o
 .debug_line    0x0000000000000231      0x174 .obj/apf27/main.o
 .debug_line    0x00000000000003a5       0x51 /home/samuel/workspace/se12/apf27/source/libapf27.a(crt0.o)
 .debug_line    0x00000000000003f6       0xf5 /home/samuel/workspace/se12/apf27/source/libapf27.a(imx27_clock.o)
 .debug_line    0x00000000000004eb      0x190 /home/samuel/workspace/se12/apf27/source/libapf27.a(imx27_gpio.o)
 .debug_line    0x000000000000067b      0x103 /home/samuel/workspace/se12/apf27/source/libapf27.a(imx27_serial.o)
 .debug_line    0x000000000000077e       0xd3 /usr/lib/arm-none-eabi/lib/libc.a(lib_a-impure.o)
 .debug_line    0x0000000000000851      0x152 /usr/lib/arm-none-eabi/lib/libc.a(lib_a-printf.o)
 .debug_line    0x00000000000009a3      0x134 /usr/lib/arm-none-eabi/lib/libc.a(lib_a-putchar.o)
 .debug_line    0x0000000000000ad7      0x16e /usr/lib/arm-none-eabi/lib/libc.a(lib_a-puts.o)
 .debug_line    0x0000000000000c45      0x151 /usr/lib/arm-none-eabi/lib/libc.a(lib_a-rget.o)
 .debug_line    0x0000000000000d96       0xd4 /usr/lib/arm-none-eabi/lib/libc.a(lib_a-strlen.o)
 .debug_line    0x0000000000000e6a      0x96b /usr/lib/arm-none-eabi/lib/libc.a(lib_a-vfprintf.o)
 .debug_line    0x00000000000017d5      0x1a5 /usr/lib/arm-none-eabi/lib/libc.a(lib_a-wsetup.o)
 .debug_line    0x000000000000197a      0x637 /usr/lib/arm-none-eabi/lib/libc.a(lib_a-dtoa.o)
 .debug_line    0x0000000000001fb1      0x226 /usr/lib/arm-none-eabi/lib/libc.a(lib_a-fflush.o)
 .debug_line    0x00000000000021d7      0x2d4 /usr/lib/arm-none-eabi/lib/libc.a(lib_a-findfp.o)
 .debug_line    0x00000000000024ab      0x204 /usr/lib/arm-none-eabi/lib/libc.a(lib_a-freer.o)
 .debug_line    0x00000000000026af      0x26d /usr/lib/arm-none-eabi/lib/libc.a(lib_a-fvwrite.o)
 .debug_line    0x000000000000291c      0x184 /usr/lib/arm-none-eabi/lib/libc.a(lib_a-fwalk.o)
 .debug_line    0x0000000000002aa0      0x1c8 /usr/lib/arm-none-eabi/lib/libc.a(lib_a-locale.o)
 .debug_line    0x0000000000002c68      0x1b6 /usr/lib/arm-none-eabi/lib/libc.a(lib_a-makebuf.o)
 .debug_line    0x0000000000002e1e      0x31e /usr/lib/arm-none-eabi/lib/libc.a(lib_a-mallocr.o)
 .debug_line    0x000000000000313c      0x114 /usr/lib/arm-none-eabi/lib/libc.a(lib_a-memchr-stub.o)
 .debug_line    0x0000000000003250      0x118 /usr/lib/arm-none-eabi/lib/libc.a(lib_a-memcpy-stub.o)
 .debug_line    0x0000000000003368      0x10f /usr/lib/arm-none-eabi/lib/libc.a(lib_a-memmove.o)
 .debug_line    0x0000000000003477      0x103 /usr/lib/arm-none-eabi/lib/libc.a(lib_a-memset.o)
 .debug_line    0x000000000000357a       0xf1 /usr/lib/arm-none-eabi/lib/libc.a(lib_a-mlock.o)
 .debug_line    0x000000000000366b      0x66f /usr/lib/arm-none-eabi/lib/libc.a(lib_a-mprec.o)
 .debug_line    0x0000000000003cda      0x197 /usr/lib/arm-none-eabi/lib/libc.a(lib_a-putc.o)
 .debug_line    0x0000000000003e71      0x21a /usr/lib/arm-none-eabi/lib/libc.a(lib_a-reallocr.o)
 .debug_line    0x000000000000408b      0x1d8 /usr/lib/arm-none-eabi/lib/libc.a(lib_a-refill.o)
 .debug_line    0x0000000000004263       0xf4 /usr/lib/arm-none-eabi/lib/libc.a(lib_a-s_fpclassify.o)
 .debug_line    0x0000000000004357      0x130 /usr/lib/arm-none-eabi/lib/libc.a(lib_a-sbrkr.o)
 .debug_line    0x0000000000004487      0x195 /usr/lib/arm-none-eabi/lib/libc.a(lib_a-stdio.o)
 .debug_line    0x000000000000461c       0xf7 /usr/lib/arm-none-eabi/lib/libc.a(lib_a-strcmp.o)
 .debug_line    0x0000000000004713      0x6c2 /usr/lib/arm-none-eabi/lib/libc.a(lib_a-vfiprintf.o)
 .debug_line    0x0000000000004dd5      0x195 /usr/lib/arm-none-eabi/lib/libc.a(lib_a-wbuf.o)
 .debug_line    0x0000000000004f6a      0x12e /usr/lib/arm-none-eabi/lib/libc.a(lib_a-writer.o)
 .debug_line    0x0000000000005098      0x10e /usr/lib/arm-none-eabi/lib/libc.a(lib_a-callocr.o)
 .debug_line    0x00000000000051a6      0x12e /usr/lib/arm-none-eabi/lib/libc.a(lib_a-closer.o)
 .debug_line    0x00000000000052d4      0x18d /usr/lib/arm-none-eabi/lib/libc.a(lib_a-fclose.o)
 .debug_line    0x0000000000005461      0x18c /usr/lib/arm-none-eabi/lib/libc.a(lib_a-fputwc.o)
 .debug_line    0x00000000000055ed      0x143 /usr/lib/arm-none-eabi/lib/libc.a(lib_a-fstatr.o)
 .debug_line    0x0000000000005730      0x12f /usr/lib/arm-none-eabi/lib/libc.a(lib_a-isattyr.o)
 .debug_line    0x000000000000585f      0x12e /usr/lib/arm-none-eabi/lib/libc.a(lib_a-lseekr.o)
 .debug_line    0x000000000000598d      0x12d /usr/lib/arm-none-eabi/lib/libc.a(lib_a-readr.o)
 .debug_line    0x0000000000005aba      0x162 /usr/lib/arm-none-eabi/lib/libc.a(lib_a-reent.o)
 .debug_line    0x0000000000005c1c      0x166 /usr/lib/arm-none-eabi/lib/libc.a(lib_a-wcrtomb.o)
 .debug_line    0x0000000000005d82      0x157 /usr/lib/arm-none-eabi/lib/libc.a(lib_a-wctomb_r.o)
 .debug_line    0x0000000000005ed9       0x8a /usr/lib/gcc/arm-none-eabi/4.8.2/libgcc.a(_udivsi3.o)
 .debug_line    0x0000000000005f63       0x96 /usr/lib/gcc/arm-none-eabi/4.8.2/libgcc.a(_divsi3.o)
 .debug_line    0x0000000000005ff9       0x61 /usr/lib/gcc/arm-none-eabi/4.8.2/libgcc.a(_dvmd_tls.o)
 .debug_line    0x000000000000605a      0x164 /usr/lib/gcc/arm-none-eabi/4.8.2/libgcc.a(_arm_addsubdf3.o)
 .debug_line    0x00000000000061be      0x180 /usr/lib/gcc/arm-none-eabi/4.8.2/libgcc.a(_arm_muldivdf3.o)
 .debug_line    0x000000000000633e       0xae /usr/lib/gcc/arm-none-eabi/4.8.2/libgcc.a(_arm_cmpdf2.o)
 .debug_line    0x00000000000063ec       0x78 /usr/lib/gcc/arm-none-eabi/4.8.2/libgcc.a(_arm_fixdfsi.o)
 .debug_line    0x0000000000006464       0x66 /usr/lib/gcc/arm-none-eabi/4.8.2/libgcc.a(_aeabi_uldivmod.o)
 .debug_line    0x00000000000064ca       0x67 /usr/lib/gcc/arm-none-eabi/4.8.2/libgcc.a(bpabi.o)
 .debug_line    0x0000000000006531       0xe1 /usr/lib/gcc/arm-none-eabi/4.8.2/libgcc.a(_divdi3.o)
 .debug_line    0x0000000000006612       0xd7 /usr/lib/gcc/arm-none-eabi/4.8.2/libgcc.a(_udivdi3.o)
 .debug_line    0x00000000000066e9       0x6e /usr/lib/gcc/arm-none-eabi/4.8.2/libgcc.a(_clzsi2.o)
 .debug_line    0x0000000000006757       0xb8 /home/samuel/workspace/se12/apf27/source/libapf27.a(apf27_syscall.o)

.debug_str      0x0000000000000000     0x27a8
 .debug_str     0x0000000000000000      0x1ad .obj/apf27/display_7seg.o
                                        0x20f (size before relaxing)
 .debug_str     0x00000000000001ad      0x3b7 .obj/apf27/i2c.o
                                        0x4df (size before relaxing)
 .debug_str     0x0000000000000564      0x3a7 .obj/apf27/main.o
                                        0x52a (size before relaxing)
 .debug_str     0x000000000000090b      0x275 /home/samuel/workspace/se12/apf27/source/libapf27.a(imx27_clock.o)
                                        0x58d (size before relaxing)
 .debug_str     0x0000000000000b80      0x28d /home/samuel/workspace/se12/apf27/source/libapf27.a(imx27_gpio.o)
                                        0x419 (size before relaxing)
 .debug_str     0x0000000000000e0d      0x128 /home/samuel/workspace/se12/apf27/source/libapf27.a(imx27_serial.o)
                                        0x23b (size before relaxing)
 .debug_str     0x0000000000000f35       0xe0 /usr/lib/arm-none-eabi/lib/libc.a(lib_a-impure.o)
                                        0x534 (size before relaxing)
 .debug_str     0x0000000000001015       0x9f /usr/lib/arm-none-eabi/lib/libc.a(lib_a-printf.o)
                                        0x55d (size before relaxing)
 .debug_str     0x00000000000010b4       0x46 /usr/lib/arm-none-eabi/lib/libc.a(lib_a-putchar.o)
                                        0x53c (size before relaxing)
 .debug_str     0x00000000000010fa       0x80 /usr/lib/arm-none-eabi/lib/libc.a(lib_a-puts.o)
                                        0x583 (size before relaxing)
 .debug_str     0x000000000000117a       0x5e /usr/lib/arm-none-eabi/lib/libc.a(lib_a-rget.o)
                                        0x54e (size before relaxing)
 .debug_str     0x00000000000011d8       0x7a /usr/lib/arm-none-eabi/lib/libc.a(lib_a-strlen.o)
                                        0x170 (size before relaxing)
 .debug_str     0x0000000000001252      0x2ff /usr/lib/arm-none-eabi/lib/libc.a(lib_a-vfprintf.o)
                                        0x916 (size before relaxing)
 .debug_str     0x0000000000001551       0x3f /usr/lib/arm-none-eabi/lib/libc.a(lib_a-wsetup.o)
                                        0x553 (size before relaxing)
 .debug_str     0x0000000000001590      0x190 /usr/lib/arm-none-eabi/lib/libc.a(lib_a-dtoa.o)
                                        0x686 (size before relaxing)
 .debug_str     0x0000000000001720       0x5a /usr/lib/arm-none-eabi/lib/libc.a(lib_a-fflush.o)
                                        0x594 (size before relaxing)
 .debug_str     0x000000000000177a      0x111 /usr/lib/arm-none-eabi/lib/libc.a(lib_a-findfp.o)
                                        0x641 (size before relaxing)
 .debug_str     0x000000000000188b      0x173 /usr/lib/arm-none-eabi/lib/libc.a(lib_a-freer.o)
                                        0x68d (size before relaxing)
 .debug_str     0x00000000000019fe       0x5c /usr/lib/arm-none-eabi/lib/libc.a(lib_a-fvwrite.o)
                                        0x5c6 (size before relaxing)
 .debug_str     0x0000000000001a5a       0x38 /usr/lib/arm-none-eabi/lib/libc.a(lib_a-fwalk.o)
                                        0x539 (size before relaxing)
 .debug_str     0x0000000000001a92      0x154 /usr/lib/arm-none-eabi/lib/libc.a(lib_a-locale.o)
                                        0x791 (size before relaxing)
 .debug_str     0x0000000000001be6      0x112 /usr/lib/arm-none-eabi/lib/libc.a(lib_a-makebuf.o)
                                        0x636 (size before relaxing)
 .debug_str     0x0000000000001cf8       0xe5 /usr/lib/arm-none-eabi/lib/libc.a(lib_a-mallocr.o)
                                        0x743 (size before relaxing)
 .debug_str     0x0000000000001ddd       0x46 /usr/lib/arm-none-eabi/lib/libc.a(lib_a-memchr-stub.o)
                                        0x18f (size before relaxing)
 .debug_str     0x0000000000001e23       0x5f /usr/lib/arm-none-eabi/lib/libc.a(lib_a-memcpy-stub.o)
                                        0x19c (size before relaxing)
 .debug_str     0x0000000000001e82       0x77 /usr/lib/arm-none-eabi/lib/libc.a(lib_a-memmove.o)
                                        0x196 (size before relaxing)
 .debug_str     0x0000000000001ef9       0x38 /usr/lib/arm-none-eabi/lib/libc.a(lib_a-memset.o)
                                        0x177 (size before relaxing)
 .debug_str     0x0000000000001f31       0x3f /usr/lib/arm-none-eabi/lib/libc.a(lib_a-mlock.o)
                                        0x53d (size before relaxing)
 .debug_str     0x0000000000001f70       0x95 /usr/lib/arm-none-eabi/lib/libc.a(lib_a-mprec.o)
                                        0x640 (size before relaxing)
 .debug_str     0x0000000000002005       0x32 /usr/lib/arm-none-eabi/lib/libc.a(lib_a-putc.o)
                                        0x554 (size before relaxing)
 .debug_str     0x0000000000002037       0x4e /usr/lib/arm-none-eabi/lib/libc.a(lib_a-reallocr.o)
                                        0x615 (size before relaxing)
 .debug_str     0x0000000000002085       0x3c /usr/lib/arm-none-eabi/lib/libc.a(lib_a-refill.o)
                                        0x58f (size before relaxing)
 .debug_str     0x00000000000020c1       0x73 /usr/lib/arm-none-eabi/lib/libc.a(lib_a-s_fpclassify.o)
                                        0x18d (size before relaxing)
 .debug_str     0x0000000000002134       0x34 /usr/lib/arm-none-eabi/lib/libc.a(lib_a-sbrkr.o)
                                        0x52b (size before relaxing)
 .debug_str     0x0000000000002168       0x89 /usr/lib/arm-none-eabi/lib/libc.a(lib_a-stdio.o)
                                        0x58f (size before relaxing)
 .debug_str     0x00000000000021f1       0x29 /usr/lib/arm-none-eabi/lib/libc.a(lib_a-vfiprintf.o)
                                        0x708 (size before relaxing)
 .debug_str     0x000000000000221a       0x30 /usr/lib/arm-none-eabi/lib/libc.a(lib_a-wbuf.o)
                                        0x558 (size before relaxing)
 .debug_str     0x000000000000224a       0x2a /usr/lib/arm-none-eabi/lib/libc.a(lib_a-writer.o)
                                        0x528 (size before relaxing)
 .debug_str     0x0000000000002274        0xf /usr/lib/arm-none-eabi/lib/libc.a(lib_a-callocr.o)
                                        0x56d (size before relaxing)
 .debug_str     0x0000000000002283       0x2a /usr/lib/arm-none-eabi/lib/libc.a(lib_a-closer.o)
                                        0x518 (size before relaxing)
 .debug_str     0x00000000000022ad       0x3b /usr/lib/arm-none-eabi/lib/libc.a(lib_a-fclose.o)
                                        0x580 (size before relaxing)
 .debug_str     0x00000000000022e8       0x3e /usr/lib/arm-none-eabi/lib/libc.a(lib_a-fputwc.o)
                                        0x594 (size before relaxing)
 .debug_str     0x0000000000002326       0x37 /usr/lib/arm-none-eabi/lib/libc.a(lib_a-fstatr.o)
                                        0x60b (size before relaxing)
 .debug_str     0x000000000000235d       0x33 /usr/lib/arm-none-eabi/lib/libc.a(lib_a-isattyr.o)
                                        0x522 (size before relaxing)
 .debug_str     0x0000000000002390       0x31 /usr/lib/arm-none-eabi/lib/libc.a(lib_a-lseekr.o)
                                        0x526 (size before relaxing)
 .debug_str     0x00000000000023c1       0x29 /usr/lib/arm-none-eabi/lib/libc.a(lib_a-readr.o)
                                        0x526 (size before relaxing)
 .debug_str     0x00000000000023ea       0x55 /usr/lib/arm-none-eabi/lib/libc.a(lib_a-reent.o)
                                        0x553 (size before relaxing)
 .debug_str     0x000000000000243f       0x44 /usr/lib/arm-none-eabi/lib/libc.a(lib_a-wcrtomb.o)
                                        0x56b (size before relaxing)
 .debug_str     0x0000000000002483       0x4d /usr/lib/arm-none-eabi/lib/libc.a(lib_a-wctomb_r.o)
                                        0x574 (size before relaxing)
 .debug_str     0x00000000000024d0      0x14d /usr/lib/gcc/arm-none-eabi/4.8.2/libgcc.a(bpabi.o)
                                        0x17c (size before relaxing)
 .debug_str     0x000000000000261d      0x140 /usr/lib/gcc/arm-none-eabi/4.8.2/libgcc.a(_divdi3.o)
                                        0x22a (size before relaxing)
 .debug_str     0x0000000000000000      0x22b /usr/lib/gcc/arm-none-eabi/4.8.2/libgcc.a(_udivdi3.o)
 .debug_str     0x000000000000275d       0x4b /home/samuel/workspace/se12/apf27/source/libapf27.a(apf27_syscall.o)
                                        0x27a (size before relaxing)

.comment        0x0000000000000000       0x1f
 .comment       0x0000000000000000       0x1f .obj/apf27/display_7seg.o
                                         0x20 (size before relaxing)
 .comment       0x0000000000000000       0x20 .obj/apf27/i2c.o
 .comment       0x0000000000000000       0x20 .obj/apf27/main.o
 .comment       0x0000000000000000       0x20 /home/samuel/workspace/se12/apf27/source/libapf27.a(imx27_clock.o)
 .comment       0x0000000000000000       0x20 /home/samuel/workspace/se12/apf27/source/libapf27.a(imx27_gpio.o)
 .comment       0x0000000000000000       0x20 /home/samuel/workspace/se12/apf27/source/libapf27.a(imx27_serial.o)
 .comment       0x0000000000000000       0x20 /usr/lib/arm-none-eabi/lib/libc.a(lib_a-impure.o)
 .comment       0x0000000000000000       0x20 /usr/lib/arm-none-eabi/lib/libc.a(lib_a-printf.o)
 .comment       0x0000000000000000       0x20 /usr/lib/arm-none-eabi/lib/libc.a(lib_a-putchar.o)
 .comment       0x0000000000000000       0x20 /usr/lib/arm-none-eabi/lib/libc.a(lib_a-puts.o)
 .comment       0x0000000000000000       0x20 /usr/lib/arm-none-eabi/lib/libc.a(lib_a-rget.o)
 .comment       0x0000000000000000       0x20 /usr/lib/arm-none-eabi/lib/libc.a(lib_a-strlen.o)
 .comment       0x0000000000000000       0x20 /usr/lib/arm-none-eabi/lib/libc.a(lib_a-vfprintf.o)
 .comment       0x0000000000000000       0x20 /usr/lib/arm-none-eabi/lib/libc.a(lib_a-wsetup.o)
 .comment       0x0000000000000000       0x20 /usr/lib/arm-none-eabi/lib/libc.a(lib_a-dtoa.o)
 .comment       0x0000000000000000       0x20 /usr/lib/arm-none-eabi/lib/libc.a(lib_a-fflush.o)
 .comment       0x0000000000000000       0x20 /usr/lib/arm-none-eabi/lib/libc.a(lib_a-findfp.o)
 .comment       0x0000000000000000       0x20 /usr/lib/arm-none-eabi/lib/libc.a(lib_a-freer.o)
 .comment       0x0000000000000000       0x20 /usr/lib/arm-none-eabi/lib/libc.a(lib_a-fvwrite.o)
 .comment       0x0000000000000000       0x20 /usr/lib/arm-none-eabi/lib/libc.a(lib_a-fwalk.o)
 .comment       0x0000000000000000       0x20 /usr/lib/arm-none-eabi/lib/libc.a(lib_a-locale.o)
 .comment       0x0000000000000000       0x20 /usr/lib/arm-none-eabi/lib/libc.a(lib_a-makebuf.o)
 .comment       0x0000000000000000       0x20 /usr/lib/arm-none-eabi/lib/libc.a(lib_a-mallocr.o)
 .comment       0x0000000000000000       0x20 /usr/lib/arm-none-eabi/lib/libc.a(lib_a-memchr-stub.o)
 .comment       0x0000000000000000       0x20 /usr/lib/arm-none-eabi/lib/libc.a(lib_a-memcpy-stub.o)
 .comment       0x0000000000000000       0x20 /usr/lib/arm-none-eabi/lib/libc.a(lib_a-memmove.o)
 .comment       0x0000000000000000       0x20 /usr/lib/arm-none-eabi/lib/libc.a(lib_a-memset.o)
 .comment       0x0000000000000000       0x20 /usr/lib/arm-none-eabi/lib/libc.a(lib_a-mlock.o)
 .comment       0x0000000000000000       0x20 /usr/lib/arm-none-eabi/lib/libc.a(lib_a-mprec.o)
 .comment       0x0000000000000000       0x20 /usr/lib/arm-none-eabi/lib/libc.a(lib_a-putc.o)
 .comment       0x0000000000000000       0x20 /usr/lib/arm-none-eabi/lib/libc.a(lib_a-reallocr.o)
 .comment       0x0000000000000000       0x20 /usr/lib/arm-none-eabi/lib/libc.a(lib_a-refill.o)
 .comment       0x0000000000000000       0x20 /usr/lib/arm-none-eabi/lib/libc.a(lib_a-s_fpclassify.o)
 .comment       0x0000000000000000       0x20 /usr/lib/arm-none-eabi/lib/libc.a(lib_a-sbrkr.o)
 .comment       0x0000000000000000       0x20 /usr/lib/arm-none-eabi/lib/libc.a(lib_a-stdio.o)
 .comment       0x0000000000000000       0x20 /usr/lib/arm-none-eabi/lib/libc.a(lib_a-vfiprintf.o)
 .comment       0x0000000000000000       0x20 /usr/lib/arm-none-eabi/lib/libc.a(lib_a-wbuf.o)
 .comment       0x0000000000000000       0x20 /usr/lib/arm-none-eabi/lib/libc.a(lib_a-writer.o)
 .comment       0x0000000000000000       0x20 /usr/lib/arm-none-eabi/lib/libc.a(lib_a-callocr.o)
 .comment       0x0000000000000000       0x20 /usr/lib/arm-none-eabi/lib/libc.a(lib_a-closer.o)
 .comment       0x0000000000000000       0x20 /usr/lib/arm-none-eabi/lib/libc.a(lib_a-fclose.o)
 .comment       0x0000000000000000       0x20 /usr/lib/arm-none-eabi/lib/libc.a(lib_a-fputwc.o)
 .comment       0x0000000000000000       0x20 /usr/lib/arm-none-eabi/lib/libc.a(lib_a-fstatr.o)
 .comment       0x0000000000000000       0x20 /usr/lib/arm-none-eabi/lib/libc.a(lib_a-isattyr.o)
 .comment       0x0000000000000000       0x20 /usr/lib/arm-none-eabi/lib/libc.a(lib_a-lseekr.o)
 .comment       0x0000000000000000       0x20 /usr/lib/arm-none-eabi/lib/libc.a(lib_a-readr.o)
 .comment       0x0000000000000000       0x20 /usr/lib/arm-none-eabi/lib/libc.a(lib_a-reent.o)
 .comment       0x0000000000000000       0x20 /usr/lib/arm-none-eabi/lib/libc.a(lib_a-wcrtomb.o)
 .comment       0x0000000000000000       0x20 /usr/lib/arm-none-eabi/lib/libc.a(lib_a-wctomb_r.o)
 .comment       0x0000000000000000       0x20 /usr/lib/gcc/arm-none-eabi/4.8.2/libgcc.a(bpabi.o)
 .comment       0x0000000000000000       0x20 /usr/lib/gcc/arm-none-eabi/4.8.2/libgcc.a(_divdi3.o)
 .comment       0x0000000000000000       0x20 /usr/lib/gcc/arm-none-eabi/4.8.2/libgcc.a(_udivdi3.o)
 .comment       0x0000000000000000       0x20 /home/samuel/workspace/se12/apf27/source/libapf27.a(apf27_syscall.o)

.ARM.attributes
                0x0000000000000000       0x30
 .ARM.attributes
                0x0000000000000000       0x32 .obj/apf27/display_7seg.o
 .ARM.attributes
                0x0000000000000032       0x32 .obj/apf27/i2c.o
 .ARM.attributes
                0x0000000000000064       0x32 .obj/apf27/main.o
 .ARM.attributes
                0x0000000000000096       0x22 /home/samuel/workspace/se12/apf27/source/libapf27.a(crt0.o)
 .ARM.attributes
                0x00000000000000b8       0x32 /home/samuel/workspace/se12/apf27/source/libapf27.a(imx27_clock.o)
 .ARM.attributes
                0x00000000000000ea       0x32 /home/samuel/workspace/se12/apf27/source/libapf27.a(imx27_gpio.o)
 .ARM.attributes
                0x000000000000011c       0x32 /home/samuel/workspace/se12/apf27/source/libapf27.a(imx27_serial.o)
 .ARM.attributes
                0x000000000000014e       0x30 /usr/lib/arm-none-eabi/lib/libc.a(lib_a-impure.o)
 .ARM.attributes
                0x000000000000017e       0x30 /usr/lib/arm-none-eabi/lib/libc.a(lib_a-printf.o)
 .ARM.attributes
                0x00000000000001ae       0x30 /usr/lib/arm-none-eabi/lib/libc.a(lib_a-putchar.o)
 .ARM.attributes
                0x00000000000001de       0x30 /usr/lib/arm-none-eabi/lib/libc.a(lib_a-puts.o)
 .ARM.attributes
                0x000000000000020e       0x30 /usr/lib/arm-none-eabi/lib/libc.a(lib_a-rget.o)
 .ARM.attributes
                0x000000000000023e       0x30 /usr/lib/arm-none-eabi/lib/libc.a(lib_a-strlen.o)
 .ARM.attributes
                0x000000000000026e       0x30 /usr/lib/arm-none-eabi/lib/libc.a(lib_a-vfprintf.o)
 .ARM.attributes
                0x000000000000029e       0x30 /usr/lib/arm-none-eabi/lib/libc.a(lib_a-wsetup.o)
 .ARM.attributes
                0x00000000000002ce       0x30 /usr/lib/arm-none-eabi/lib/libc.a(lib_a-dtoa.o)
 .ARM.attributes
                0x00000000000002fe       0x30 /usr/lib/arm-none-eabi/lib/libc.a(lib_a-fflush.o)
 .ARM.attributes
                0x000000000000032e       0x30 /usr/lib/arm-none-eabi/lib/libc.a(lib_a-findfp.o)
 .ARM.attributes
                0x000000000000035e       0x30 /usr/lib/arm-none-eabi/lib/libc.a(lib_a-freer.o)
 .ARM.attributes
                0x000000000000038e       0x30 /usr/lib/arm-none-eabi/lib/libc.a(lib_a-fvwrite.o)
 .ARM.attributes
                0x00000000000003be       0x30 /usr/lib/arm-none-eabi/lib/libc.a(lib_a-fwalk.o)
 .ARM.attributes
                0x00000000000003ee       0x30 /usr/lib/arm-none-eabi/lib/libc.a(lib_a-locale.o)
 .ARM.attributes
                0x000000000000041e       0x30 /usr/lib/arm-none-eabi/lib/libc.a(lib_a-makebuf.o)
 .ARM.attributes